Oct 20 15:27:53 postfix postfix/smtpd[39353]: lost connection after DATA from unknown[87.101.186.106]
Oct 20 15:27:53 postfix postfix/smtpd[39353]: disconnect from unknown[87.101.186.106]
Oct 20 15:28:14 postfix postfix/smtpd[39353]: warning: hostname localhost does not resolve to address 113.168.243.133
Oct 20 15:28:14 postfix postfix/smtpd[39353]: connect from unknown[113.168.243.133]
Oct 20 15:28:21 postfix postfix/smtpd[39306]: timeout after RSET from unknown[217.12.207.137]
Oct 20 15:28:31 postfix postfix/smtpd[39353]: NOQUEUE: reject: RCPT from unknown[113.168.243.133]: 450 4.7.1 Client host rejected: cannot find your hostname, [113.168.243.133]; from=<ufa@hep-to-date.de> to=<ufa@acoustic.ru> proto=SMTP helo=<civic-pc.domain>
Oct 20 15:28:32 postfix postfix/smtpd[39353]: lost connection after RCPT from unknown[113.168.243.133]
Oct 20 15:28:32 postfix postfix/smtpd[39353]: disconnect from unknown[113.168.243.133]
Oct 20 15:28:46 postfix postfix/smtpd[39353]: warning: hostname srv65-195.vkontakte.ru does not resolve to address 95.142.195.65
Oct 20 15:28:46 postfix postfix/smtpd[39353]: connect from unknown[95.142.195.65]
Oct 20 15:28:46 postfix postfix/smtpd[39353]: NOQUEUE: reject: RCPT from unknown[95.142.195.65]: 450 4.7.1 Client host rejected: cannot find your hostname, [95.142.195.65]; from=<admin@notify.vk.com> to=<maxim.shishenin@acoustic.ru> proto=ESMTP helo=<cs606416.vk.com>
Oct 20 15:28:46 postfix postfix/smtpd[39353]: disconnect from unknown[95.142.195.65]
Oct 20 15:29:06 postfix postfix/smtpd[39353]: connect from unknown[118.68.25.250]
Oct 20 15:29:06 postfix postfix/smtpd[39405]: connect from unknown[118.68.25.250]
Oct 20 15:29:07 postfix postfix/smtpd[39405]: NOQUEUE: reject: RCPT from unknown[118.68.25.250]: 450 4.7.1 Client host rejected: cannot find your hostname, [118.68.25.250]; from=<enchantersg1@inbox.ru> to=<borya@acoustic.ru> proto=ESMTP helo=<[118.68.25.250]>
Oct 20 15:29:07 postfix postfix/smtpd[39405]: NOQUEUE: reject: RCPT from unknown[118.68.25.250]: 450 4.7.1 Client host rejected: cannot find your hostname, [118.68.25.250]; from=<enchantersg1@inbox.ru> to=<bosovuq@acoustic.ru> proto=ESMTP helo=<[118.68.25.250]>
Oct 20 15:29:07 postfix postfix/smtpd[39405]: NOQUEUE: reject: RCPT from unknown[118.68.25.250]: 450 4.7.1 Client host rejected: cannot find your hostname, [118.68.25.250]; from=<enchantersg1@inbox.ru> to=<bragin@acoustic.ru> proto=ESMTP helo=<[118.68.25.250]>
Oct 20 15:29:07 postfix postfix/smtpd[39405]: NOQUEUE: reject: RCPT from unknown[118.68.25.250]: 450 4.7.1 Client host rejected: cannot find your hostname, [118.68.25.250]; from=<enchantersg1@inbox.ru> to=<brevity4@acoustic.ru> proto=ESMTP helo=<[118.68.25.250]>
Oct 20 15:29:07 postfix postfix/smtpd[39405]: NOQUEUE: reject: RCPT from unknown[118.68.25.250]: 450 4.7.1 Client host rejected: cannot find your hostname, [118.68.25.250]; from=<enchantersg1@inbox.ru> to=<brl@acoustic.ru> proto=ESMTP helo=<[118.68.25.250]>
Oct 20 15:29:07 postfix postfix/smtpd[39405]: NOQUEUE: reject: RCPT from unknown[118.68.25.250]: 450 4.7.1 Client host rejected: cannot find your hostname, [118.68.25.250]; from=<enchantersg1@inbox.ru> to=<brlbrl@acoustic.ru> proto=ESMTP helo=<[118.68.25.250]>
Oct 20 15:29:07 postfix postfix/smtpd[39405]: NOQUEUE: reject: RCPT from unknown[118.68.25.250]: 450 4.7.1 Client host rejected: cannot find your hostname, [118.68.25.250]; from=<enchantersg1@inbox.ru> to=<budeken@acoustic.ru> proto=ESMTP helo=<[118.68.25.250]>
Oct 20 15:29:07 postfix postfix/smtpd[39405]: NOQUEUE: reject: RCPT from unknown[118.68.25.250]: 450 4.7.1 Client host rejected: cannot find your hostname, [118.68.25.250]; from=<enchantersg1@inbox.ru> to=<buwt@acoustic.ru> proto=ESMTP helo=<[118.68.25.250]>
Oct 20 15:29:07 postfix postfix/smtpd[39405]: NOQUEUE: reject: RCPT from unknown[118.68.25.250]: 450 4.7.1 Client host rejected: cannot find your hostname, [118.68.25.250]; from=<enchantersg1@inbox.ru> to=<bux@acoustic.ru> proto=ESMTP helo=<[118.68.25.250]>
Oct 20 15:29:08 postfix postfix/smtpd[39353]: NOQUEUE: reject: RCPT from unknown[118.68.25.250]: 450 4.7.1 Client host rejected: cannot find your hostname, [118.68.25.250]; from=<khabarovsk85@bk.ru> to=<avengesos620@acoustic.ru> proto=ESMTP helo=<[118.68.25.250]>
Oct 20 15:29:08 postfix postfix/smtpd[39353]: NOQUEUE: reject: RCPT from unknown[118.68.25.250]: 450 4.7.1 Client host rejected: cannot find your hostname, [118.68.25.250]; from=<khabarovsk85@bk.ru> to=<behyqup@acoustic.ru> proto=ESMTP helo=<[118.68.25.250]>
Oct 20 15:29:08 postfix postfix/smtpd[39353]: NOQUEUE: reject: RCPT from unknown[118.68.25.250]: 450 4.7.1 Client host rejected: cannot find your hostname, [118.68.25.250]; from=<khabarovsk85@bk.ru> to=<belousov@acoustic.ru> proto=ESMTP helo=<[118.68.25.250]>
Oct 20 15:29:08 postfix postfix/smtpd[39353]: NOQUEUE: reject: RCPT from unknown[118.68.25.250]: 450 4.7.1 Client host rejected: cannot find your hostname, [118.68.25.250]; from=<khabarovsk85@bk.ru> to=<belozerov@acoustic.ru> proto=ESMTP helo=<[118.68.25.250]>
Oct 20 15:29:08 postfix postfix/smtpd[39353]: NOQUEUE: reject: RCPT from unknown[118.68.25.250]: 450 4.7.1 Client host rejected: cannot find your hostname, [118.68.25.250]; from=<khabarovsk85@bk.ru> to=<bespalov@acoustic.ru> proto=ESMTP helo=<[118.68.25.250]>
Oct 20 15:29:08 postfix postfix/smtpd[39353]: NOQUEUE: reject: RCPT from unknown[118.68.25.250]: 450 4.7.1 Client host rejected: cannot find your hostname, [118.68.25.250]; from=<khabarovsk85@bk.ru> to=<bobrov@acoustic.ru> proto=ESMTP helo=<[118.68.25.250]>
Oct 20 15:29:08 postfix postfix/smtpd[39353]: NOQUEUE: reject: RCPT from unknown[118.68.25.250]: 450 4.7.1 Client host rejected: cannot find your hostname, [118.68.25.250]; from=<khabarovsk85@bk.ru> to=<bobylev@acoustic.ru> proto=ESMTP helo=<[118.68.25.250]>
Oct 20 15:29:08 postfix postfix/smtpd[39353]: NOQUEUE: reject: RCPT from unknown[118.68.25.250]: 450 4.7.1 Client host rejected: cannot find your hostname, [118.68.25.250]; from=<khabarovsk85@bk.ru> to=<bodyzyj@acoustic.ru> proto=ESMTP helo=<[118.68.25.250]>
Oct 20 15:29:08 postfix postfix/smtpd[39353]: NOQUEUE: reject: RCPT from unknown[118.68.25.250]: 450 4.7.1 Client host rejected: cannot find your hostname, [118.68.25.250]; from=<khabarovsk85@bk.ru> to=<bogdanov@acoustic.ru> proto=ESMTP helo=<[118.68.25.250]>
Oct 20 15:29:08 postfix postfix/smtpd[39353]: NOQUEUE: reject: RCPT from unknown[118.68.25.250]: 450 4.7.1 Client host rejected: cannot find your hostname, [118.68.25.250]; from=<khabarovsk85@bk.ru> to=<bohytyf@acoustic.ru> proto=ESMTP helo=<[118.68.25.250]>
Oct 20 15:29:09 postfix postfix/smtpd[39405]: lost connection after DATA from unknown[118.68.25.250]
Oct 20 15:29:09 postfix postfix/smtpd[39405]: disconnect from unknown[118.68.25.250]
Oct 20 15:29:10 postfix postfix/smtpd[39353]: lost connection after DATA from unknown[118.68.25.250]
Oct 20 15:29:10 postfix postfix/smtpd[39353]: disconnect from unknown[118.68.25.250]
Oct 20 15:29:10 postfix postfix/smtpd[39405]: warning: hostname dr05.bucuresti.rdsnet.ro does not resolve to address 82.76.163.2
Oct 20 15:29:10 postfix postfix/smtpd[39405]: connect from unknown[82.76.163.2]
Oct 20 15:29:10 postfix postfix/smtpd[39353]: warning: hostname dr05.bucuresti.rdsnet.ro does not resolve to address 82.76.163.2
Oct 20 15:29:10 postfix postfix/smtpd[39353]: connect from unknown[82.76.163.2]
Oct 20 15:29:11 postfix postfix/smtpd[39405]: NOQUEUE: reject: RCPT from unknown[82.76.163.2]: 450 4.7.1 Client host rejected: cannot find your hostname, [82.76.163.2]; from=<bonyrpw5@yahoo.com> to=<andrey@acoustic.ru> proto=ESMTP helo=<dr05.bucuresti.rdsnet.ro>
Oct 20 15:29:11 postfix postfix/smtpd[39405]: NOQUEUE: reject: RCPT from unknown[82.76.163.2]: 450 4.7.1 Client host rejected: cannot find your hostname, [82.76.163.2]; from=<bonyrpw5@yahoo.com> to=<anisimov@acoustic.ru> proto=ESMTP helo=<dr05.bucuresti.rdsnet.ro>
Oct 20 15:29:11 postfix postfix/smtpd[39405]: NOQUEUE: reject: RCPT from unknown[82.76.163.2]: 450 4.7.1 Client host rejected: cannot find your hostname, [82.76.163.2]; from=<bonyrpw5@yahoo.com> to=<anna.semenova@acoustic.ru> proto=ESMTP helo=<dr05.bucuresti.rdsnet.ro>
Oct 20 15:29:11 postfix postfix/smtpd[39405]: NOQUEUE: reject: RCPT from unknown[82.76.163.2]: 450 4.7.1 Client host rejected: cannot find your hostname, [82.76.163.2]; from=<bonyrpw5@yahoo.com> to=<anto@acoustic.ru> proto=ESMTP helo=<dr05.bucuresti.rdsnet.ro>
Oct 20 15:29:11 postfix postfix/smtpd[39405]: NOQUEUE: reject: RCPT from unknown[82.76.163.2]: 450 4.7.1 Client host rejected: cannot find your hostname, [82.76.163.2]; from=<bonyrpw5@yahoo.com> to=<anton.peretokin@acoustic.ru> proto=ESMTP helo=<dr05.bucuresti.rdsnet.ro>
Oct 20 15:29:11 postfix postfix/smtpd[39405]: NOQUEUE: reject: RCPT from unknown[82.76.163.2]: 450 4.7.1 Client host rejected: cannot find your hostname, [82.76.163.2]; from=<bonyrpw5@yahoo.com> to=<anton.rodin@acoustic.ru> proto=ESMTP helo=<dr05.bucuresti.rdsnet.ro>
Oct 20 15:29:11 postfix postfix/smtpd[39405]: NOQUEUE: reject: RCPT from unknown[82.76.163.2]: 450 4.7.1 Client host rejected: cannot find your hostname, [82.76.163.2]; from=<bonyrpw5@yahoo.com> to=<antonov@acoustic.ru> proto=ESMTP helo=<dr05.bucuresti.rdsnet.ro>
Oct 20 15:29:11 postfix postfix/smtpd[39405]: NOQUEUE: reject: RCPT from unknown[82.76.163.2]: 450 4.7.1 Client host rejected: cannot find your hostname, [82.76.163.2]; from=<bonyrpw5@yahoo.com> to=<anya@acoustic.ru> proto=ESMTP helo=<dr05.bucuresti.rdsnet.ro>
Oct 20 15:29:11 postfix postfix/smtpd[39405]: NOQUEUE: reject: RCPT from unknown[82.76.163.2]: 450 4.7.1 Client host rejected: cannot find your hostname, [82.76.163.2]; from=<bonyrpw5@yahoo.com> to=<ao@acoustic.ru> proto=ESMTP helo=<dr05.bucuresti.rdsnet.ro>
Oct 20 15:29:11 postfix postfix/smtpd[39353]: NOQUEUE: reject: RCPT from unknown[82.76.163.2]: 450 4.7.1 Client host rejected: cannot find your hostname, [82.76.163.2]; from=<trojanso9@yahoo.com> to=<20daniil.kursky@acoustic.ru> proto=ESMTP helo=<dr05.bucuresti.rdsnet.ro>
Oct 20 15:29:11 postfix postfix/smtpd[39353]: NOQUEUE: reject: RCPT from unknown[82.76.163.2]: 450 4.7.1 Client host rejected: cannot find your hostname, [82.76.163.2]; from=<trojanso9@yahoo.com> to=<adver@acoustic.ru> proto=ESMTP helo=<dr05.bucuresti.rdsnet.ro>
Oct 20 15:29:11 postfix postfix/smtpd[39353]: NOQUEUE: reject: RCPT from unknown[82.76.163.2]: 450 4.7.1 Client host rejected: cannot find your hostname, [82.76.163.2]; from=<trojanso9@yahoo.com> to=<alex@acoustic.ru> proto=ESMTP helo=<dr05.bucuresti.rdsnet.ro>
Oct 20 15:29:11 postfix postfix/smtpd[39353]: NOQUEUE: reject: RCPT from unknown[82.76.163.2]: 450 4.7.1 Client host rejected: cannot find your hostname, [82.76.163.2]; from=<trojanso9@yahoo.com> to=<almaty@acoustic.ru> proto=ESMTP helo=<dr05.bucuresti.rdsnet.ro>
Oct 20 15:29:11 postfix postfix/smtpd[39353]: NOQUEUE: reject: RCPT from unknown[82.76.163.2]: 450 4.7.1 Client host rejected: cannot find your hostname, [82.76.163.2]; from=<trojanso9@yahoo.com> to=<amalgam@acoustic.ru> proto=ESMTP helo=<dr05.bucuresti.rdsnet.ro>
Oct 20 15:29:11 postfix postfix/smtpd[39353]: NOQUEUE: reject: RCPT from unknown[82.76.163.2]: 450 4.7.1 Client host rejected: cannot find your hostname, [82.76.163.2]; from=<trojanso9@yahoo.com> to=<amigak61@acoustic.ru> proto=ESMTP helo=<dr05.bucuresti.rdsnet.ro>
Oct 20 15:29:11 postfix postfix/smtpd[39353]: NOQUEUE: reject: RCPT from unknown[82.76.163.2]: 450 4.7.1 Client host rejected: cannot find your hostname, [82.76.163.2]; from=<trojanso9@yahoo.com> to=<andre@acoustic.ru> proto=ESMTP helo=<dr05.bucuresti.rdsnet.ro>
Oct 20 15:29:11 postfix postfix/smtpd[39353]: NOQUEUE: reject: RCPT from unknown[82.76.163.2]: 450 4.7.1 Client host rejected: cannot find your hostname, [82.76.163.2]; from=<trojanso9@yahoo.com> to=<andreev@acoustic.ru> proto=ESMTP helo=<dr05.bucuresti.rdsnet.ro>
Oct 20 15:29:11 postfix postfix/smtpd[39353]: NOQUEUE: reject: RCPT from unknown[82.76.163.2]: 450 4.7.1 Client host rejected: cannot find your hostname, [82.76.163.2]; from=<trojanso9@yahoo.com> to=<andrey.nechaev@acoustic.ru> proto=ESMTP helo=<dr05.bucuresti.rdsnet.ro>
Oct 20 15:29:11 postfix postfix/smtpd[39353]: NOQUEUE: reject: RCPT from unknown[82.76.163.2]: 450 4.7.1 Client host rejected: cannot find your hostname, [82.76.163.2]; from=<trojanso9@yahoo.com> to=<andrey.shustov@acoustic.ru> proto=ESMTP helo=<dr05.bucuresti.rdsnet.ro>
Oct 20 15:29:11 postfix postfix/smtpd[39405]: lost connection after DATA from unknown[82.76.163.2]
Oct 20 15:29:11 postfix postfix/smtpd[39405]: disconnect from unknown[82.76.163.2]
Oct 20 15:29:13 postfix postfix/smtpd[39353]: lost connection after DATA from unknown[82.76.163.2]
Oct 20 15:29:13 postfix postfix/smtpd[39353]: disconnect from unknown[82.76.163.2]
Oct 20 15:29:26 postfix postfix/smtpd[39405]: connect from vm-exch03.central.transaero.ru[95.128.177.76]
Oct 20 15:29:26 postfix policyd-spf[39407]: None; identity=helo; client-ip=95.128.177.76; helo=vm-exch03.central.transaero.ru; envelope-from=privilege@transaero.ru; receiver=finance@dekotech.ru 
Oct 20 15:29:26 postfix policyd-spf[39407]: Pass; identity=mailfrom; client-ip=95.128.177.76; helo=vm-exch03.central.transaero.ru; envelope-from=privilege@transaero.ru; receiver=finance@dekotech.ru 
Oct 20 15:29:26 postfix postfix/smtpd[39405]: 3DADF2C046B: client=vm-exch03.central.transaero.ru[95.128.177.76]
Oct 20 15:29:26 postfix postfix/cleanup[39408]: 3DADF2C046B: message-id=<98E95A46FCC8CB4BAC280ECC93FCE00813D5E1F5@VM-EXMB03.central.transaero.ru>
Oct 20 15:29:26 postfix postfix/qmgr[39299]: 3DADF2C046B: from=<privilege@transaero.ru>, size=25487, nrcpt=1 (queue active)
Oct 20 15:29:26 postfix postfix/smtpd[39405]: disconnect from vm-exch03.central.transaero.ru[95.128.177.76]
Oct 20 15:29:26 postfix postfix/smtp[39409]: 3DADF2C046B: to=<finance@dekotech.ru>, relay=192.168.10.8[192.168.10.8]:25, delay=0.56, delays=0.27/0.01/0/0.27, dsn=2.6.0, status=sent (250 2.6.0 <98E95A46FCC8CB4BAC280ECC93FCE00813D5E1F5@VM-EXMB03.central.transaero.ru> [InternalId=614632] Queued mail for delivery)
Oct 20 15:29:26 postfix postfix/qmgr[39299]: 3DADF2C046B: removed
Oct 20 15:29:37 postfix postfix/smtpd[39353]: connect from unknown[82.118.17.241]
Oct 20 15:29:38 postfix postfix/smtpd[39353]: NOQUEUE: reject: RCPT from unknown[82.118.17.241]: 450 4.7.1 Client host rejected: cannot find your hostname, [82.118.17.241]; from=<delaemgorki@ya.ru> to=<tatarstan@acoustic.ru> proto=ESMTP helo=<mickwedwedwe.ru>
Oct 20 15:29:44 postfix postfix/smtpd[39405]: connect from mail.btmtravel.ru[62.152.35.42]
Oct 20 15:29:44 postfix policyd-spf[39407]: None; identity=helo; client-ip=62.152.35.42; helo=mail.btmtravel.ru; envelope-from=visa1@btmtravel.ru; receiver=sasin@dekotech.ru 
Oct 20 15:29:44 postfix policyd-spf[39407]: Pass; identity=mailfrom; client-ip=62.152.35.42; helo=mail.btmtravel.ru; envelope-from=visa1@btmtravel.ru; receiver=sasin@dekotech.ru 
Oct 20 15:29:44 postfix postfix/smtpd[39405]: 5A9FA2C046B: client=mail.btmtravel.ru[62.152.35.42]
Oct 20 15:29:44 postfix postfix/cleanup[39408]: 5A9FA2C046B: message-id=<011401cfec59$080eb5e0$182c21a0$@btmtravel.ru>
Oct 20 15:29:44 postfix postfix/qmgr[39299]: 5A9FA2C046B: from=<visa1@btmtravel.ru>, size=73195, nrcpt=1 (queue active)
Oct 20 15:29:44 postfix postfix/smtpd[39405]: disconnect from mail.btmtravel.ru[62.152.35.42]
Oct 20 15:29:44 postfix postfix/smtp[39409]: 5A9FA2C046B: to=<sasin@dekotech.ru>, relay=192.168.10.8[192.168.10.8]:25, delay=0.46, delays=0.15/0/0/0.31, dsn=2.6.0, status=sent (250 2.6.0 <011401cfec59$080eb5e0$182c21a0$@btmtravel.ru> [InternalId=614633] Queued mail for delivery)
Oct 20 15:29:44 postfix postfix/qmgr[39299]: 5A9FA2C046B: removed
Oct 20 15:29:47 postfix postfix/smtpd[39405]: warning: hostname 78.188.86.87.static.ttnet.com.tr does not resolve to address 78.188.86.87: Name or service not known
Oct 20 15:29:47 postfix postfix/smtpd[39405]: connect from unknown[78.188.86.87]
Oct 20 15:29:48 postfix postfix/smtpd[39410]: connect from smtp11.professionali.ru[88.198.183.82]
Oct 20 15:29:48 postfix postfix/smtpd[39405]: NOQUEUE: reject: RCPT from unknown[78.188.86.87]: 450 4.7.1 Client host rejected: cannot find your hostname, [78.188.86.87]; from=<workinga@inbox.ru> to=<ershov@dekotech.ru> proto=ESMTP helo=<78.188.86.87.static.ttnet.com.tr>
Oct 20 15:29:48 postfix postfix/smtpd[39405]: lost connection after DATA from unknown[78.188.86.87]
Oct 20 15:29:48 postfix postfix/smtpd[39405]: disconnect from unknown[78.188.86.87]
Oct 20 15:29:48 postfix policyd-spf[39412]: None; identity=helo; client-ip=88.198.183.82; helo=smtp11.professionali.ru; envelope-from=info5-noreply@professionali.ru; receiver=vitaly.osyanin@acoustic.ru 
Oct 20 15:29:48 postfix policyd-spf[39412]: Pass; identity=mailfrom; client-ip=88.198.183.82; helo=smtp11.professionali.ru; envelope-from=info5-noreply@professionali.ru; receiver=vitaly.osyanin@acoustic.ru 
Oct 20 15:29:48 postfix postfix/smtpd[39410]: 57FF52C046B: client=smtp11.professionali.ru[88.198.183.82]
Oct 20 15:29:48 postfix postfix/cleanup[39408]: 57FF52C046B: message-id=<>
Oct 20 15:29:48 postfix postfix/qmgr[39299]: 57FF52C046B: from=<info5-noreply@professionali.ru>, size=46102, nrcpt=1 (queue active)
Oct 20 15:29:48 postfix postfix/smtpd[39410]: disconnect from smtp11.professionali.ru[88.198.183.82]
Oct 20 15:29:48 postfix postfix/smtp[39409]: 57FF52C046B: to=<vitaly.osyanin@acoustic.ru>, relay=192.168.10.8[192.168.10.8]:25, delay=0.75, delays=0.44/0/0/0.3, dsn=2.6.0, status=sent (250 2.6.0 <ce3f4923-75e3-4ca7-bac6-0edc534be459@RUEXCHMSK2.acoustic-group.net> [InternalId=614634] Queued mail for delivery)
Oct 20 15:29:48 postfix postfix/qmgr[39299]: 57FF52C046B: removed
Oct 20 15:29:52 postfix postfix/smtpd[39405]: warning: hostname dr05.bucuresti.rdsnet.ro does not resolve to address 82.76.163.2
Oct 20 15:29:52 postfix postfix/smtpd[39405]: connect from unknown[82.76.163.2]
Oct 20 15:29:52 postfix postfix/smtpd[39410]: warning: hostname dr05.bucuresti.rdsnet.ro does not resolve to address 82.76.163.2
Oct 20 15:29:52 postfix postfix/smtpd[39410]: connect from unknown[82.76.163.2]
Oct 20 15:29:53 postfix postfix/smtpd[39410]: NOQUEUE: reject: RCPT from unknown[82.76.163.2]: 450 4.7.1 Client host rejected: cannot find your hostname, [82.76.163.2]; from=<hamsternn8@yahoo.com> to=<20daniil.kursky@acoustic.ru> proto=ESMTP helo=<dr05.bucuresti.rdsnet.ro>
Oct 20 15:29:53 postfix postfix/smtpd[39410]: NOQUEUE: reject: RCPT from unknown[82.76.163.2]: 450 4.7.1 Client host rejected: cannot find your hostname, [82.76.163.2]; from=<hamsternn8@yahoo.com> to=<adver@acoustic.ru> proto=ESMTP helo=<dr05.bucuresti.rdsnet.ro>
Oct 20 15:29:53 postfix postfix/smtpd[39410]: NOQUEUE: reject: RCPT from unknown[82.76.163.2]: 450 4.7.1 Client host rejected: cannot find your hostname, [82.76.163.2]; from=<hamsternn8@yahoo.com> to=<alex@acoustic.ru> proto=ESMTP helo=<dr05.bucuresti.rdsnet.ro>
Oct 20 15:29:53 postfix postfix/smtpd[39410]: NOQUEUE: reject: RCPT from unknown[82.76.163.2]: 450 4.7.1 Client host rejected: cannot find your hostname, [82.76.163.2]; from=<hamsternn8@yahoo.com> to=<almaty@acoustic.ru> proto=ESMTP helo=<dr05.bucuresti.rdsnet.ro>
Oct 20 15:29:53 postfix postfix/smtpd[39410]: NOQUEUE: reject: RCPT from unknown[82.76.163.2]: 450 4.7.1 Client host rejected: cannot find your hostname, [82.76.163.2]; from=<hamsternn8@yahoo.com> to=<amalgam@acoustic.ru> proto=ESMTP helo=<dr05.bucuresti.rdsnet.ro>
Oct 20 15:29:53 postfix postfix/smtpd[39410]: NOQUEUE: reject: RCPT from unknown[82.76.163.2]: 450 4.7.1 Client host rejected: cannot find your hostname, [82.76.163.2]; from=<hamsternn8@yahoo.com> to=<amigak61@acoustic.ru> proto=ESMTP helo=<dr05.bucuresti.rdsnet.ro>
Oct 20 15:29:53 postfix postfix/smtpd[39410]: NOQUEUE: reject: RCPT from unknown[82.76.163.2]: 450 4.7.1 Client host rejected: cannot find your hostname, [82.76.163.2]; from=<hamsternn8@yahoo.com> to=<andre@acoustic.ru> proto=ESMTP helo=<dr05.bucuresti.rdsnet.ro>
Oct 20 15:29:53 postfix postfix/smtpd[39405]: NOQUEUE: reject: RCPT from unknown[82.76.163.2]: 450 4.7.1 Client host rejected: cannot find your hostname, [82.76.163.2]; from=<instrumentalityakwm@mail.ru> to=<andrey@acoustic.ru> proto=ESMTP helo=<dr05.bucuresti.rdsnet.ro>
Oct 20 15:29:53 postfix postfix/smtpd[39405]: NOQUEUE: reject: RCPT from unknown[82.76.163.2]: 450 4.7.1 Client host rejected: cannot find your hostname, [82.76.163.2]; from=<instrumentalityakwm@mail.ru> to=<anisimov@acoustic.ru> proto=ESMTP helo=<dr05.bucuresti.rdsnet.ro>
Oct 20 15:29:53 postfix postfix/smtpd[39405]: NOQUEUE: reject: RCPT from unknown[82.76.163.2]: 450 4.7.1 Client host rejected: cannot find your hostname, [82.76.163.2]; from=<instrumentalityakwm@mail.ru> to=<anna.semenova@acoustic.ru> proto=ESMTP helo=<dr05.bucuresti.rdsnet.ro>
Oct 20 15:29:53 postfix postfix/smtpd[39405]: NOQUEUE: reject: RCPT from unknown[82.76.163.2]: 450 4.7.1 Client host rejected: cannot find your hostname, [82.76.163.2]; from=<instrumentalityakwm@mail.ru> to=<anto@acoustic.ru> proto=ESMTP helo=<dr05.bucuresti.rdsnet.ro>
Oct 20 15:29:53 postfix postfix/smtpd[39405]: NOQUEUE: reject: RCPT from unknown[82.76.163.2]: 450 4.7.1 Client host rejected: cannot find your hostname, [82.76.163.2]; from=<instrumentalityakwm@mail.ru> to=<anton.peretokin@acoustic.ru> proto=ESMTP helo=<dr05.bucuresti.rdsnet.ro>
Oct 20 15:29:53 postfix postfix/smtpd[39405]: NOQUEUE: reject: RCPT from unknown[82.76.163.2]: 450 4.7.1 Client host rejected: cannot find your hostname, [82.76.163.2]; from=<instrumentalityakwm@mail.ru> to=<anton.rodin@acoustic.ru> proto=ESMTP helo=<dr05.bucuresti.rdsnet.ro>
Oct 20 15:29:53 postfix postfix/smtpd[39405]: NOQUEUE: reject: RCPT from unknown[82.76.163.2]: 450 4.7.1 Client host rejected: cannot find your hostname, [82.76.163.2]; from=<instrumentalityakwm@mail.ru> to=<antonov@acoustic.ru> proto=ESMTP helo=<dr05.bucuresti.rdsnet.ro>
Oct 20 15:29:53 postfix postfix/smtpd[39405]: NOQUEUE: reject: RCPT from unknown[82.76.163.2]: 450 4.7.1 Client host rejected: cannot find your hostname, [82.76.163.2]; from=<instrumentalityakwm@mail.ru> to=<anya@acoustic.ru> proto=ESMTP helo=<dr05.bucuresti.rdsnet.ro>
Oct 20 15:29:53 postfix postfix/smtpd[39405]: NOQUEUE: reject: RCPT from unknown[82.76.163.2]: 450 4.7.1 Client host rejected: cannot find your hostname, [82.76.163.2]; from=<instrumentalityakwm@mail.ru> to=<ao@acoustic.ru> proto=ESMTP helo=<dr05.bucuresti.rdsnet.ro>
Oct 20 15:29:53 postfix postfix/smtpd[39405]: NOQUEUE: reject: RCPT from unknown[82.76.163.2]: 450 4.7.1 Client host rejected: cannot find your hostname, [82.76.163.2]; from=<instrumentalityakwm@mail.ru> to=<aozt@acoustic.ru> proto=ESMTP helo=<dr05.bucuresti.rdsnet.ro>
Oct 20 15:29:53 postfix postfix/smtpd[39410]: lost connection after DATA from unknown[82.76.163.2]
Oct 20 15:29:53 postfix postfix/smtpd[39410]: disconnect from unknown[82.76.163.2]
Oct 20 15:29:54 postfix postfix/smtpd[39405]: lost connection after DATA from unknown[82.76.163.2]
Oct 20 15:29:54 postfix postfix/smtpd[39405]: disconnect from unknown[82.76.163.2]
Oct 20 15:29:57 postfix postfix/smtpd[39410]: connect from unknown[118.68.25.250]
Oct 20 15:29:57 postfix postfix/smtpd[39405]: connect from unknown[118.68.25.250]
Oct 20 15:29:59 postfix postfix/smtpd[39405]: NOQUEUE: reject: RCPT from unknown[118.68.25.250]: 450 4.7.1 Client host rejected: cannot find your hostname, [118.68.25.250]; from=<sortersdt6@list.ru> to=<borya@acoustic.ru> proto=ESMTP helo=<[118.68.25.250]>
Oct 20 15:29:59 postfix postfix/smtpd[39405]: NOQUEUE: reject: RCPT from unknown[118.68.25.250]: 450 4.7.1 Client host rejected: cannot find your hostname, [118.68.25.250]; from=<sortersdt6@list.ru> to=<bosovuq@acoustic.ru> proto=ESMTP helo=<[118.68.25.250]>
Oct 20 15:29:59 postfix postfix/smtpd[39405]: NOQUEUE: reject: RCPT from unknown[118.68.25.250]: 450 4.7.1 Client host rejected: cannot find your hostname, [118.68.25.250]; from=<sortersdt6@list.ru> to=<bragin@acoustic.ru> proto=ESMTP helo=<[118.68.25.250]>
Oct 20 15:29:59 postfix postfix/smtpd[39405]: NOQUEUE: reject: RCPT from unknown[118.68.25.250]: 450 4.7.1 Client host rejected: cannot find your hostname, [118.68.25.250]; from=<sortersdt6@list.ru> to=<brevity4@acoustic.ru> proto=ESMTP helo=<[118.68.25.250]>
Oct 20 15:29:59 postfix postfix/smtpd[39405]: NOQUEUE: reject: RCPT from unknown[118.68.25.250]: 450 4.7.1 Client host rejected: cannot find your hostname, [118.68.25.250]; from=<sortersdt6@list.ru> to=<brl@acoustic.ru> proto=ESMTP helo=<[118.68.25.250]>
Oct 20 15:29:59 postfix postfix/smtpd[39405]: NOQUEUE: reject: RCPT from unknown[118.68.25.250]: 450 4.7.1 Client host rejected: cannot find your hostname, [118.68.25.250]; from=<sortersdt6@list.ru> to=<brlbrl@acoustic.ru> proto=ESMTP helo=<[118.68.25.250]>
Oct 20 15:29:59 postfix postfix/smtpd[39405]: NOQUEUE: reject: RCPT from unknown[118.68.25.250]: 450 4.7.1 Client host rejected: cannot find your hostname, [118.68.25.250]; from=<sortersdt6@list.ru> to=<budeken@acoustic.ru> proto=ESMTP helo=<[118.68.25.250]>
Oct 20 15:29:59 postfix postfix/smtpd[39405]: NOQUEUE: reject: RCPT from unknown[118.68.25.250]: 450 4.7.1 Client host rejected: cannot find your hostname, [118.68.25.250]; from=<sortersdt6@list.ru> to=<buwt@acoustic.ru> proto=ESMTP helo=<[118.68.25.250]>
Oct 20 15:30:00 postfix postfix/smtpd[39405]: lost connection after DATA from unknown[118.68.25.250]
Oct 20 15:30:00 postfix postfix/smtpd[39405]: disconnect from unknown[118.68.25.250]
Oct 20 15:30:02 postfix postfix/smtpd[39410]: NOQUEUE: reject: RCPT from unknown[118.68.25.250]: 450 4.7.1 Client host rejected: cannot find your hostname, [118.68.25.250]; from=<petrel98@bk.ru> to=<avengesos620@acoustic.ru> proto=ESMTP helo=<[118.68.25.250]>
Oct 20 15:30:02 postfix postfix/smtpd[39410]: NOQUEUE: reject: RCPT from unknown[118.68.25.250]: 450 4.7.1 Client host rejected: cannot find your hostname, [118.68.25.250]; from=<petrel98@bk.ru> to=<behyqup@acoustic.ru> proto=ESMTP helo=<[118.68.25.250]>
Oct 20 15:30:02 postfix postfix/smtpd[39410]: NOQUEUE: reject: RCPT from unknown[118.68.25.250]: 450 4.7.1 Client host rejected: cannot find your hostname, [118.68.25.250]; from=<petrel98@bk.ru> to=<belousov@acoustic.ru> proto=ESMTP helo=<[118.68.25.250]>
Oct 20 15:30:02 postfix postfix/smtpd[39410]: NOQUEUE: reject: RCPT from unknown[118.68.25.250]: 450 4.7.1 Client host rejected: cannot find your hostname, [118.68.25.250]; from=<petrel98@bk.ru> to=<belozerov@acoustic.ru> proto=ESMTP helo=<[118.68.25.250]>
Oct 20 15:30:02 postfix postfix/smtpd[39410]: NOQUEUE: reject: RCPT from unknown[118.68.25.250]: 450 4.7.1 Client host rejected: cannot find your hostname, [118.68.25.250]; from=<petrel98@bk.ru> to=<bespalov@acoustic.ru> proto=ESMTP helo=<[118.68.25.250]>
Oct 20 15:30:02 postfix postfix/smtpd[39410]: NOQUEUE: reject: RCPT from unknown[118.68.25.250]: 450 4.7.1 Client host rejected: cannot find your hostname, [118.68.25.250]; from=<petrel98@bk.ru> to=<bobrov@acoustic.ru> proto=ESMTP helo=<[118.68.25.250]>
Oct 20 15:30:02 postfix postfix/smtpd[39410]: NOQUEUE: reject: RCPT from unknown[118.68.25.250]: 450 4.7.1 Client host rejected: cannot find your hostname, [118.68.25.250]; from=<petrel98@bk.ru> to=<bobylev@acoustic.ru> proto=ESMTP helo=<[118.68.25.250]>
Oct 20 15:30:02 postfix postfix/smtpd[39410]: NOQUEUE: reject: RCPT from unknown[118.68.25.250]: 450 4.7.1 Client host rejected: cannot find your hostname, [118.68.25.250]; from=<petrel98@bk.ru> to=<bodyzyj@acoustic.ru> proto=ESMTP helo=<[118.68.25.250]>
Oct 20 15:30:02 postfix postfix/smtpd[39410]: NOQUEUE: reject: RCPT from unknown[118.68.25.250]: 450 4.7.1 Client host rejected: cannot find your hostname, [118.68.25.250]; from=<petrel98@bk.ru> to=<bogdanov@acoustic.ru> proto=ESMTP helo=<[118.68.25.250]>
Oct 20 15:30:02 postfix postfix/smtpd[39410]: NOQUEUE: reject: RCPT from unknown[118.68.25.250]: 450 4.7.1 Client host rejected: cannot find your hostname, [118.68.25.250]; from=<petrel98@bk.ru> to=<bohytyf@acoustic.ru> proto=ESMTP helo=<[118.68.25.250]>
Oct 20 15:30:02 postfix postfix/smtpd[39410]: NOQUEUE: reject: RCPT from unknown[118.68.25.250]: 450 4.7.1 Client host rejected: cannot find your hostname, [118.68.25.250]; from=<petrel98@bk.ru> to=<borisov@acoustic.ru> proto=ESMTP helo=<[118.68.25.250]>
Oct 20 15:30:05 postfix postfix/smtpd[39410]: lost connection after DATA from unknown[118.68.25.250]
Oct 20 15:30:05 postfix postfix/smtpd[39410]: disconnect from unknown[118.68.25.250]
Oct 20 15:30:47 postfix postfix/smtpd[39405]: connect from host14-183-static.253-95-b.business.telecomitalia.it[95.253.183.14]
Oct 20 15:30:47 postfix postfix/smtpd[39405]: lost connection after CONNECT from host14-183-static.253-95-b.business.telecomitalia.it[95.253.183.14]
Oct 20 15:30:47 postfix postfix/smtpd[39405]: disconnect from host14-183-static.253-95-b.business.telecomitalia.it[95.253.183.14]
Oct 20 15:31:32 postfix postfix/smtpd[39410]: connect from many-skachat.ru[62.109.31.224]
Oct 20 15:31:32 postfix policyd-spf[39412]: Softfail; identity=helo; client-ip=62.109.31.224; helo=mismany.ru; envelope-from=info@many-skachat.ru; receiver=sveta.gureva@acoustic.ru 
Oct 20 15:31:32 postfix postfix/smtpd[39410]: NOQUEUE: reject: RCPT from many-skachat.ru[62.109.31.224]: 550 5.7.1 <sveta.gureva@acoustic.ru>: Recipient address rejected: Message rejected due to: domain owner discourages use of this host. Please see http://www.openspf.net/Why?s=helo;id=mismany.ru;ip=62.109.31.224;r=sveta.gureva@acoustic.ru; from=<info@many-skachat.ru> to=<sveta.gureva@acoustic.ru> proto=ESMTP helo=<mismany.ru>
Oct 20 15:31:33 postfix postfix/smtpd[39410]: disconnect from many-skachat.ru[62.109.31.224]
Oct 20 15:31:34 postfix postfix/anvil[39303]: statistics: max connection rate 4/60s for (smtp:82.76.163.2) at Oct 20 15:29:52
Oct 20 15:31:34 postfix postfix/anvil[39303]: statistics: max connection count 2 for (smtp:118.68.25.250) at Oct 20 15:29:06
Oct 20 15:31:34 postfix postfix/anvil[39303]: statistics: max cache size 7 at Oct 20 15:24:19
Oct 20 15:31:50 postfix postfix/smtpd[39405]: connect from host14-183-static.253-95-b.business.telecomitalia.it[95.253.183.14]
Oct 20 15:31:50 postfix postfix/smtpd[39405]: lost connection after CONNECT from host14-183-static.253-95-b.business.telecomitalia.it[95.253.183.14]
Oct 20 15:31:50 postfix postfix/smtpd[39405]: disconnect from host14-183-static.253-95-b.business.telecomitalia.it[95.253.183.14]
Oct 20 15:31:58 postfix postfix/smtpd[39410]: connect from forward2h.cmail.yandex.net[87.250.230.17]
Oct 20 15:31:58 postfix policyd-spf[39412]: None; identity=helo; client-ip=87.250.230.17; helo=forward2h.cmail.yandex.net; envelope-from=safarova@gint-m.ru; receiver=daniil.kursky@acoustic.ru 
Oct 20 15:31:58 postfix policyd-spf[39412]: Neutral; identity=mailfrom; client-ip=87.250.230.17; helo=forward2h.cmail.yandex.net; envelope-from=safarova@gint-m.ru; receiver=daniil.kursky@acoustic.ru 
Oct 20 15:31:58 postfix postfix/smtpd[39410]: 65E062C046B: client=forward2h.cmail.yandex.net[87.250.230.17]
Oct 20 15:31:58 postfix postfix/cleanup[39413]: 65E062C046B: message-id=<296229609.20141020153139@gint-m.ru>
Oct 20 15:31:58 postfix postfix/qmgr[39299]: 65E062C046B: from=<safarova@gint-m.ru>, size=58172, nrcpt=1 (queue active)
Oct 20 15:31:58 postfix postfix/smtpd[39410]: disconnect from forward2h.cmail.yandex.net[87.250.230.17]
Oct 20 15:31:58 postfix postfix/smtp[39414]: 65E062C046B: to=<Daniil.Kursky@acoustic.ru>, relay=192.168.10.8[192.168.10.8]:25, delay=0.49, delays=0.11/0.01/0/0.37, dsn=2.6.0, status=sent (250 2.6.0 <296229609.20141020153139@gint-m.ru> [InternalId=614640] Queued mail for delivery)
Oct 20 15:31:58 postfix postfix/qmgr[39299]: 65E062C046B: removed
Oct 20 15:31:58 postfix postfix/smtpd[39405]: warning: hostname host-46-241-245-64.orangearmenia.am does not resolve to address 46.241.245.64: Name or service not known
Oct 20 15:31:58 postfix postfix/smtpd[39405]: connect from unknown[46.241.245.64]
Oct 20 15:32:04 postfix postfix/smtpd[39405]: NOQUEUE: reject: RCPT from unknown[46.241.245.64]: 450 4.7.1 Client host rejected: cannot find your hostname, [46.241.245.64]; from=<plightedrw582@gmail.com> to=<hpl@dekotech.ru> proto=ESMTP helo=<host-46-241-245-64.orangearmenia.am>
Oct 20 15:32:06 postfix postfix/smtpd[39405]: lost connection after DATA from unknown[46.241.245.64]
Oct 20 15:32:06 postfix postfix/smtpd[39405]: disconnect from unknown[46.241.245.64]
Oct 20 15:32:11 postfix postfix/smtpd[39410]: connect from host60-254-static.226-95-b.business.telecomitalia.it[95.226.254.60]
Oct 20 15:32:16 postfix postfix/smtpd[39405]: warning: hostname abts-north-static-003.75.176.122.airtelbroadband.in does not resolve to address 122.176.75.3: Name or service not known
Oct 20 15:32:16 postfix postfix/smtpd[39405]: connect from unknown[122.176.75.3]
Oct 20 15:32:17 postfix postfix/smtpd[39405]: NOQUEUE: reject: RCPT from unknown[122.176.75.3]: 450 4.7.1 Client host rejected: cannot find your hostname, [122.176.75.3]; from=<wallabiesss@authventress.in> to=<sankovav@dekotech.ru> proto=ESMTP helo=<authventress.in>
Oct 20 15:32:18 postfix postfix/smtpd[39405]: lost connection after DATA from unknown[122.176.75.3]
Oct 20 15:32:18 postfix postfix/smtpd[39405]: disconnect from unknown[122.176.75.3]
Oct 20 15:32:49 postfix postfix/smtpd[39405]: connect from host14-183-static.253-95-b.business.telecomitalia.it[95.253.183.14]
Oct 20 15:32:50 postfix postfix/smtpd[39405]: lost connection after CONNECT from host14-183-static.253-95-b.business.telecomitalia.it[95.253.183.14]
Oct 20 15:32:50 postfix postfix/smtpd[39405]: disconnect from host14-183-static.253-95-b.business.telecomitalia.it[95.253.183.14]
Oct 20 15:33:00 postfix postfix/smtpd[39405]: connect from mail.dvaslona.ru[89.108.72.94]
Oct 20 15:33:00 postfix policyd-spf[39407]: None; identity=helo; client-ip=89.108.72.94; helo=mail.dvaslona.ru; envelope-from=yakimov@dvaslona.ru; receiver=alex.evseev@acoustic.ru 
Oct 20 15:33:00 postfix policyd-spf[39407]: Pass; identity=mailfrom; client-ip=89.108.72.94; helo=mail.dvaslona.ru; envelope-from=yakimov@dvaslona.ru; receiver=alex.evseev@acoustic.ru 
Oct 20 15:33:00 postfix postfix/smtpd[39405]: C19E32C046B: client=mail.dvaslona.ru[89.108.72.94]
Oct 20 15:33:00 postfix postfix/cleanup[39413]: C19E32C046B: message-id=<5444F2C0.6010905@dvaslona.ru>
Oct 20 15:33:00 postfix postfix/qmgr[39299]: C19E32C046B: from=<yakimov@dvaslona.ru>, size=18571, nrcpt=1 (queue active)
Oct 20 15:33:00 postfix postfix/smtpd[39405]: disconnect from mail.dvaslona.ru[89.108.72.94]
Oct 20 15:33:01 postfix postfix/smtp[39414]: C19E32C046B: to=<Alex.Evseev@acoustic.ru>, relay=192.168.10.8[192.168.10.8]:25, delay=0.3, delays=0.05/0/0/0.24, dsn=2.6.0, status=sent (250 2.6.0 <5444F2C0.6010905@dvaslona.ru> [InternalId=614642] Queued mail for delivery)
Oct 20 15:33:01 postfix postfix/qmgr[39299]: C19E32C046B: removed
Oct 20 15:33:03 postfix postfix/smtpd[39405]: warning: hostname nsg-static-229.79.72.182.airtel.in does not resolve to address 182.72.79.229: Name or service not known
Oct 20 15:33:03 postfix postfix/smtpd[39405]: connect from unknown[182.72.79.229]
Oct 20 15:33:03 postfix postfix/smtpd[39418]: warning: hostname lux-fm.terabit.net.ua does not resolve to address 94.45.133.82: Name or service not known
Oct 20 15:33:03 postfix postfix/smtpd[39418]: connect from unknown[94.45.133.82]
Oct 20 15:33:03 postfix postfix/smtpd[39405]: NOQUEUE: reject: RCPT from unknown[182.72.79.229]: 450 4.7.1 Client host rejected: cannot find your hostname, [182.72.79.229]; from=<loxingut@authventress.in> to=<stepan.runchev@acoustic.ru> proto=ESMTP helo=<authventress.in>
Oct 20 15:33:03 postfix postfix/smtpd[39405]: lost connection after DATA from unknown[182.72.79.229]
Oct 20 15:33:03 postfix postfix/smtpd[39405]: disconnect from unknown[182.72.79.229]
Oct 20 15:33:06 postfix postfix/smtpd[39418]: NOQUEUE: reject: RCPT from unknown[94.45.133.82]: 450 4.7.1 Client host rejected: cannot find your hostname, [94.45.133.82]; from=<federatedv77@authventress.in> to=<saltanat.a@acoustic.ru> proto=ESMTP helo=<authventress.in>
Oct 20 15:33:06 postfix postfix/smtpd[39418]: lost connection after DATA from unknown[94.45.133.82]
Oct 20 15:33:06 postfix postfix/smtpd[39418]: disconnect from unknown[94.45.133.82]
Oct 20 15:33:08 postfix postfix/smtpd[39405]: warning: hostname host-46-241-245-64.orangearmenia.am does not resolve to address 46.241.245.64: Name or service not known
Oct 20 15:33:08 postfix postfix/smtpd[39405]: connect from unknown[46.241.245.64]
Oct 20 15:33:15 postfix postfix/smtpd[39405]: NOQUEUE: reject: RCPT from unknown[46.241.245.64]: 450 4.7.1 Client host rejected: cannot find your hostname, [46.241.245.64]; from=<dragoondgn7@googlemail.com> to=<hpl@dekotech.ru> proto=ESMTP helo=<host-46-241-245-64.orangearmenia.am>
Oct 20 15:33:16 postfix postfix/smtpd[39405]: lost connection after DATA from unknown[46.241.245.64]
Oct 20 15:33:16 postfix postfix/smtpd[39405]: disconnect from unknown[46.241.245.64]
Oct 20 15:33:21 postfix postfix/smtpd[39306]: disconnect from unknown[217.12.207.137]
Oct 20 15:33:30 postfix postfix/smtpd[39418]: connect from unknown[190.238.253.9]
Oct 20 15:33:32 postfix postfix/smtpd[39306]: connect from host60-254-static.226-95-b.business.telecomitalia.it[95.226.254.60]
Oct 20 15:33:32 postfix postfix/smtpd[39418]: NOQUEUE: reject: RCPT from unknown[190.238.253.9]: 450 4.7.1 Client host rejected: cannot find your hostname, [190.238.253.9]; from=<overcrowdingot5024@googlemail.com> to=<kiev@acoustic.ru> proto=ESMTP helo=<[190.238.253.9]>
Oct 20 15:33:33 postfix policyd-spf[39419]: None; identity=helo; client-ip=95.226.254.60; helo=host60-254-static.226-95-b.business.telecomitalia.it; envelope-from=taboovkq5@ponyexpress.net; receiver=conservativelym4@acoustic.ru 
Oct 20 15:33:33 postfix policyd-spf[39419]: Pass; identity=mailfrom; client-ip=95.226.254.60; helo=host60-254-static.226-95-b.business.telecomitalia.it; envelope-from=taboovkq5@ponyexpress.net; receiver=conservativelym4@acoustic.ru 
Oct 20 15:33:33 postfix postfix/smtpd[39306]: 637AE2C046B: client=host60-254-static.226-95-b.business.telecomitalia.it[95.226.254.60]
Oct 20 15:33:33 postfix postfix/smtpd[39418]: lost connection after DATA from unknown[190.238.253.9]
Oct 20 15:33:33 postfix postfix/smtpd[39418]: disconnect from unknown[190.238.253.9]
Oct 20 15:33:33 postfix postfix/cleanup[39413]: 637AE2C046B: message-id=<0905867622.PBGINSPL258690@omhghppe.bziet.net>
Oct 20 15:33:33 postfix postfix/qmgr[39299]: 637AE2C046B: from=<taboovkq5@ponyexpress.net>, size=1149, nrcpt=1 (queue active)
Oct 20 15:33:34 postfix postfix/smtpd[39306]: disconnect from host60-254-static.226-95-b.business.telecomitalia.it[95.226.254.60]
Oct 20 15:33:36 postfix postfix/smtp[39414]: 637AE2C046B: to=<conservativelym4@acoustic.ru>, relay=192.168.10.8[192.168.10.8]:25, delay=3.9, delays=0.64/0/0/3.2, dsn=2.6.0, status=sent (250 2.6.0 <0905867622.PBGINSPL258690@omhghppe.bziet.net> [InternalId=614643] Queued mail for delivery)
Oct 20 15:33:36 postfix postfix/qmgr[39299]: 637AE2C046B: removed
Oct 20 15:33:40 postfix postfix/smtpd[39410]: lost connection after CONNECT from host60-254-static.226-95-b.business.telecomitalia.it[95.226.254.60]
Oct 20 15:33:40 postfix postfix/smtpd[39410]: disconnect from host60-254-static.226-95-b.business.telecomitalia.it[95.226.254.60]
Oct 20 15:33:50 postfix postfix/smtpd[39405]: warning: hostname nsg-static-229.79.72.182.airtel.in does not resolve to address 182.72.79.229: Name or service not known
Oct 20 15:33:50 postfix postfix/smtpd[39405]: connect from unknown[182.72.79.229]
Oct 20 15:33:50 postfix postfix/smtpd[39405]: NOQUEUE: reject: RCPT from unknown[182.72.79.229]: 450 4.7.1 Client host rejected: cannot find your hostname, [182.72.79.229]; from=<contestant0@authventress.in> to=<stepan.runchev@acoustic.ru> proto=ESMTP helo=<authventress.in>
Oct 20 15:33:51 postfix postfix/smtpd[39405]: lost connection after DATA from unknown[182.72.79.229]
Oct 20 15:33:51 postfix postfix/smtpd[39405]: disconnect from unknown[182.72.79.229]
Oct 20 15:34:01 postfix postfix/smtpd[39353]: disconnect from unknown[82.118.17.241]
Oct 20 15:34:56 postfix postfix/smtpd[39418]: connect from hubert.majordomo.ru[78.108.84.22]
Oct 20 15:34:56 postfix policyd-spf[39422]: None; identity=helo; client-ip=78.108.84.22; helo=hubert.majordomo.ru; envelope-from=sales@hplglobal.ru; receiver=yastrebova@dekotech.ru 
Oct 20 15:34:56 postfix policyd-spf[39422]: None; identity=mailfrom; client-ip=78.108.84.22; helo=hubert.majordomo.ru; envelope-from=sales@hplglobal.ru; receiver=yastrebova@dekotech.ru 
Oct 20 15:34:56 postfix postfix/smtpd[39418]: DC92D2C046B: client=hubert.majordomo.ru[78.108.84.22]
Oct 20 15:34:56 postfix postfix/cleanup[39413]: DC92D2C046B: message-id=<000901cfec59$c267a2d0$4736e870$@hplglobal.ru>
Oct 20 15:34:56 postfix postfix/qmgr[39299]: DC92D2C046B: from=<sales@hplglobal.ru>, size=23592, nrcpt=1 (queue active)
Oct 20 15:34:56 postfix postfix/smtpd[39418]: disconnect from hubert.majordomo.ru[78.108.84.22]
Oct 20 15:34:57 postfix postfix/smtp[39414]: DC92D2C046B: to=<yastrebova@dekotech.ru>, relay=192.168.10.8[192.168.10.8]:25, delay=0.39, delays=0.14/0/0/0.25, dsn=2.6.0, status=sent (250 2.6.0 <000901cfec59$c267a2d0$4736e870$@hplglobal.ru> [InternalId=614648] Queued mail for delivery)
Oct 20 15:34:57 postfix postfix/qmgr[39299]: DC92D2C046B: removed
Oct 20 15:35:01 postfix postfix/smtpd[39410]: warning: hostname 78.189.168.109.static.ttnet.com.tr does not resolve to address 78.189.168.109: Name or service not known
Oct 20 15:35:01 postfix postfix/smtpd[39410]: connect from unknown[78.189.168.109]
Oct 20 15:35:02 postfix postfix/smtpd[39410]: NOQUEUE: reject: RCPT from unknown[78.189.168.109]: 450 4.7.1 Client host rejected: cannot find your hostname, [78.189.168.109]; from=<bobbingph6@list.ru> to=<matveev@dekotech.ru> proto=ESMTP helo=<78.189.168.109.static.ttnet.com.tr>
Oct 20 15:35:02 postfix postfix/smtpd[39410]: lost connection after DATA from unknown[78.189.168.109]
Oct 20 15:35:02 postfix postfix/smtpd[39410]: disconnect from unknown[78.189.168.109]
Oct 20 15:35:02 postfix postfix/smtpd[39306]: connect from unknown[78.153.150.138]
Oct 20 15:35:03 postfix postfix/smtpd[39306]: NOQUEUE: reject: RCPT from unknown[78.153.150.138]: 450 4.7.1 Client host rejected: cannot find your hostname, [78.153.150.138]; from=<webmaster@serverfreewww2.com> to=<hr@acoustic.ru> proto=ESMTP helo=<serverfreewww2.com>
Oct 20 15:35:03 postfix postfix/smtpd[39306]: disconnect from unknown[78.153.150.138]
Oct 20 15:35:05 postfix postfix/smtpd[39353]: connect from maile-ba.linkedin.com[108.174.3.201]
Oct 20 15:35:06 postfix policyd-spf[39423]: Pass; identity=helo; client-ip=108.174.3.201; helo=maile-ba.linkedin.com; envelope-from=s-2gvwpisxfor31r60sw089v3kicnma23jamn6a7poj5s6nktdyfdcics1@bounce.linkedin.com; receiver=maria.safoshina@acoustic.ru 
Oct 20 15:35:06 postfix policyd-spf[39423]: Pass; identity=mailfrom; client-ip=108.174.3.201; helo=maile-ba.linkedin.com; envelope-from=s-2gvwpisxfor31r60sw089v3kicnma23jamn6a7poj5s6nktdyfdcics1@bounce.linkedin.com; receiver=maria.safoshina@acoustic.ru 
Oct 20 15:35:06 postfix postfix/smtpd[39353]: D2F292C046B: client=maile-ba.linkedin.com[108.174.3.201]
Oct 20 15:35:07 postfix postfix/cleanup[39413]: D2F292C046B: message-id=<637567459.1933370.1413804859761.JavaMail.app@ela4-app1475.prod>
Oct 20 15:35:07 postfix postfix/qmgr[39299]: D2F292C046B: from=<s-2gvwpisxfor31r60sw089v3kicnma23jamn6a7poj5s6nktdyfdcics1@bounce.linkedin.com>, size=92893, nrcpt=1 (queue active)
Oct 20 15:35:08 postfix postfix/smtp[39414]: D2F292C046B: to=<maria.safoshina@acoustic.ru>, relay=192.168.10.8[192.168.10.8]:25, delay=1.5, delays=1.2/0/0/0.3, dsn=2.6.0, status=sent (250 2.6.0 <637567459.1933370.1413804859761.JavaMail.app@ela4-app1475.prod> [InternalId=614649] Queued mail for delivery)
Oct 20 15:35:08 postfix postfix/qmgr[39299]: D2F292C046B: removed
Oct 20 15:35:12 postfix postfix/smtpd[39353]: disconnect from maile-ba.linkedin.com[108.174.3.201]
Oct 20 15:35:30 postfix postfix/smtpd[39405]: warning: hostname 171-25-188-32.dynamic.pool.amtmgts.ru does not resolve to address 171.25.188.32: Name or service not known
Oct 20 15:35:30 postfix postfix/smtpd[39405]: connect from unknown[171.25.188.32]
Oct 20 15:35:30 postfix postfix/smtpd[39405]: NOQUEUE: reject: RCPT from unknown[171.25.188.32]: 450 4.7.1 Client host rejected: cannot find your hostname, [171.25.188.32]; from=<nikitinen@yahoo.com> to=<kazan@acoustic.ru> proto=SMTP helo=<171-25-188-32.dynamic.pool.amtmgts.ru>
Oct 20 15:35:30 postfix postfix/smtpd[39405]: lost connection after RCPT from unknown[171.25.188.32]
Oct 20 15:35:30 postfix postfix/smtpd[39405]: disconnect from unknown[171.25.188.32]
Oct 20 15:35:46 postfix postfix/smtpd[39410]: connect from timehostboss.com[82.146.54.4]
Oct 20 15:35:46 postfix policyd-spf[39412]: Pass; identity=helo; client-ip=82.146.54.4; helo=timehostboss.com; envelope-from=webmaster@timehostboss.com; receiver=arkady.bormakov@acoustic.ru 
Oct 20 15:35:46 postfix policyd-spf[39412]: Pass; identity=mailfrom; client-ip=82.146.54.4; helo=timehostboss.com; envelope-from=webmaster@timehostboss.com; receiver=arkady.bormakov@acoustic.ru 
Oct 20 15:35:46 postfix postfix/smtpd[39410]: 5C04A2C046B: client=timehostboss.com[82.146.54.4]
Oct 20 15:35:46 postfix postfix/cleanup[39413]: 5C04A2C046B: message-id=<A1A412414A9EB003DFDA932C88AD6370@qhwh>
Oct 20 15:35:46 postfix postfix/qmgr[39299]: 5C04A2C046B: from=<webmaster@timehostboss.com>, size=7153, nrcpt=1 (queue active)
Oct 20 15:35:46 postfix postfix/smtpd[39410]: disconnect from timehostboss.com[82.146.54.4]
Oct 20 15:35:47 postfix postfix/smtp[39414]: 5C04A2C046B: to=<arkady.bormakov@acoustic.ru>, relay=192.168.10.8[192.168.10.8]:25, delay=0.81, delays=0.02/0/0/0.78, dsn=2.6.0, status=sent (250 2.6.0 <A1A412414A9EB003DFDA932C88AD6370@qhwh> [InternalId=614650] Queued mail for delivery)
Oct 20 15:35:47 postfix postfix/qmgr[39299]: 5C04A2C046B: removed
Oct 20 15:35:55 postfix postfix/smtpd[39418]: connect from 5-63-157-73.ovz.vps.regruhosting.ru[5.63.157.73]
Oct 20 15:35:55 postfix policyd-spf[39422]: None; identity=helo; client-ip=5.63.157.73; helo=5-63-157-73; envelope-from=webmaster@yyyy8.ru; receiver=sales@acoustic.ru 
Oct 20 15:35:55 postfix policyd-spf[39422]: Pass; identity=mailfrom; client-ip=5.63.157.73; helo=5-63-157-73; envelope-from=webmaster@yyyy8.ru; receiver=sales@acoustic.ru 
Oct 20 15:35:55 postfix postfix/smtpd[39418]: 33F622C046B: client=5-63-157-73.ovz.vps.regruhosting.ru[5.63.157.73]
Oct 20 15:35:55 postfix postfix/cleanup[39413]: 33F622C046B: message-id=<0FF5BCDBEA3E1132EEEBA21C784FE081@89-178-102-58.broadband.corbina.ru>
Oct 20 15:35:55 postfix postfix/qmgr[39299]: 33F622C046B: from=<webmaster@yyyy8.ru>, size=2637, nrcpt=1 (queue active)
Oct 20 15:35:55 postfix postfix/smtpd[39418]: disconnect from 5-63-157-73.ovz.vps.regruhosting.ru[5.63.157.73]
Oct 20 15:35:55 postfix postfix/smtpd[39306]: connect from smtp411.usndr.com[5.79.67.131]
Oct 20 15:35:55 postfix postfix/smtp[39414]: 33F622C046B: to=<sales@acoustic.ru>, relay=192.168.10.8[192.168.10.8]:25, delay=0.33, delays=0.06/0/0/0.26, dsn=2.6.0, status=sent (250 2.6.0 <0FF5BCDBEA3E1132EEEBA21C784FE081@89-178-102-58.broadband.corbina.ru> [InternalId=614652] Queued mail for delivery)
Oct 20 15:35:55 postfix postfix/qmgr[39299]: 33F622C046B: removed
Oct 20 15:35:55 postfix policyd-spf[39419]: None; identity=helo; client-ip=5.79.67.131; helo=smtp411.usndr.com; envelope-from=postman@usndr.com; receiver=hpl@dekotech.ru 
Oct 20 15:35:55 postfix policyd-spf[39419]: Pass; identity=mailfrom; client-ip=5.79.67.131; helo=smtp411.usndr.com; envelope-from=postman@usndr.com; receiver=hpl@dekotech.ru 
Oct 20 15:35:55 postfix postfix/smtpd[39306]: E8C822C046B: client=smtp411.usndr.com[5.79.67.131]
Oct 20 15:35:56 postfix postfix/cleanup[39413]: E8C822C046B: message-id=<E1XgBEo-0006Dc-Be@smtp411.usndr.com>
Oct 20 15:35:56 postfix postfix/qmgr[39299]: E8C822C046B: from=<postman@usndr.com>, size=53812, nrcpt=1 (queue active)
Oct 20 15:35:56 postfix postfix/smtpd[39306]: disconnect from smtp411.usndr.com[5.79.67.131]
Oct 20 15:35:56 postfix postfix/smtp[39414]: E8C822C046B: to=<hpl@dekotech.ru>, relay=192.168.10.8[192.168.10.8]:25, delay=0.67, delays=0.3/0/0/0.36, dsn=2.6.0, status=sent (250 2.6.0 <E1XgBEo-0006Dc-Be@smtp411.usndr.com> [InternalId=614653] Queued mail for delivery)
Oct 20 15:35:56 postfix postfix/qmgr[39299]: E8C822C046B: removed
Oct 20 15:35:58 postfix postfix/smtpd[39353]: warning: hostname 78.189.168.109.static.ttnet.com.tr does not resolve to address 78.189.168.109: Name or service not known
Oct 20 15:35:58 postfix postfix/smtpd[39353]: connect from unknown[78.189.168.109]
Oct 20 15:35:59 postfix postfix/smtpd[39353]: NOQUEUE: reject: RCPT from unknown[78.189.168.109]: 450 4.7.1 Client host rejected: cannot find your hostname, [78.189.168.109]; from=<judeapca4@gmail.com> to=<matveev@dekotech.ru> proto=ESMTP helo=<78.189.168.109.static.ttnet.com.tr>
Oct 20 15:36:00 postfix postfix/smtpd[39353]: lost connection after DATA from unknown[78.189.168.109]
Oct 20 15:36:00 postfix postfix/smtpd[39353]: disconnect from unknown[78.189.168.109]
Oct 20 15:36:40 postfix postfix/smtpd[39405]: connect from BSN-165-96-34.static.dsl.siol.net[194.165.96.34]
Oct 20 15:36:40 postfix postfix/smtpd[39405]: lost connection after CONNECT from BSN-165-96-34.static.dsl.siol.net[194.165.96.34]
Oct 20 15:36:40 postfix postfix/smtpd[39405]: disconnect from BSN-165-96-34.static.dsl.siol.net[194.165.96.34]
Oct 20 15:36:45 postfix postfix/smtpd[39410]: connect from unknown[195.91.226.241]
Oct 20 15:36:45 postfix postfix/smtpd[39418]: connect from f158.i.mail.ru[94.100.178.202]
Oct 20 15:36:45 postfix policyd-spf[39422]: None; identity=helo; client-ip=94.100.178.202; helo=f158.i.mail.ru; envelope-from=daiv70@mail.ru; receiver=danil.abutov@acoustic.ru 
