Oct 20 13:19:44 postfix postfix/cleanup[39128]: 73EF82C046B: message-id=<00c501cfec46$cfec4ef0$6fc4ecd0$@yandex.ru>
Oct 20 13:19:44 postfix postfix/qmgr[39104]: 73EF82C046B: from=<maratgalyamov@yandex.ru>, size=4744, nrcpt=1 (queue active)
Oct 20 13:19:44 postfix postfix/smtpd[39133]: disconnect from forward5j.cmail.yandex.net[5.255.227.23]
Oct 20 13:19:44 postfix postfix/smtp[39129]: 73EF82C046B: to=<Dmitry.Bykov@acoustic.ru>, relay=192.168.10.8[192.168.10.8]:25, delay=0.39, delays=0.16/0/0/0.23, dsn=2.6.0, status=sent (250 2.6.0 <00c501cfec46$cfec4ef0$6fc4ecd0$@yandex.ru> [InternalId=613898] Queued mail for delivery)
Oct 20 13:19:44 postfix postfix/qmgr[39104]: 73EF82C046B: removed
Oct 20 13:20:24 postfix postfix/smtpd[39133]: connect from tcpuadollar.com[217.12.210.34]
Oct 20 13:20:25 postfix policyd-spf[39136]: Pass; identity=helo; client-ip=217.12.210.34; helo=tcpuadollar.com; envelope-from=webmaster@tcpuadollar.com; receiver=sales@acoustic.ru 
Oct 20 13:20:25 postfix policyd-spf[39136]: Pass; identity=mailfrom; client-ip=217.12.210.34; helo=tcpuadollar.com; envelope-from=webmaster@tcpuadollar.com; receiver=sales@acoustic.ru 
Oct 20 13:20:25 postfix postfix/smtpd[39133]: 590372C046B: client=tcpuadollar.com[217.12.210.34]
Oct 20 13:20:25 postfix postfix/cleanup[39128]: 590372C046B: message-id=<CDC87E2D26F2DC6FB3B6FF40E4B81E1D@rporuxcuxn>
Oct 20 13:20:25 postfix postfix/qmgr[39104]: 590372C046B: from=<webmaster@tcpuadollar.com>, size=7092, nrcpt=1 (queue active)
Oct 20 13:20:25 postfix postfix/smtpd[39133]: disconnect from tcpuadollar.com[217.12.210.34]
Oct 20 13:20:25 postfix postfix/smtp[39129]: 590372C046B: to=<sales@acoustic.ru>, relay=192.168.10.8[192.168.10.8]:25, delay=0.41, delays=0.09/0/0/0.32, dsn=2.6.0, status=sent (250 2.6.0 <CDC87E2D26F2DC6FB3B6FF40E4B81E1D@rporuxcuxn> [InternalId=613899] Queued mail for delivery)
Oct 20 13:20:25 postfix postfix/qmgr[39104]: 590372C046B: removed
Oct 20 13:20:30 postfix postfix/smtpd[39133]: warning: hostname serverforall1.ru does not resolve to address 92.63.111.73: Name or service not known
Oct 20 13:20:30 postfix postfix/smtpd[39133]: connect from unknown[92.63.111.73]
Oct 20 13:20:30 postfix postfix/smtpd[39133]: NOQUEUE: reject: RCPT from unknown[92.63.111.73]: 450 4.7.1 Client host rejected: cannot find your hostname, [92.63.111.73]; from=<works@allforinfo.ru> to=<natasha.sedova@acoustic.ru> proto=ESMTP helo=<serverforall1.ru>
Oct 20 13:20:30 postfix postfix/smtpd[39133]: disconnect from unknown[92.63.111.73]
Oct 20 13:23:28 postfix postfix/smtpd[39131]: timeout after RSET from unknown[217.12.221.104]
Oct 20 13:24:18 postfix postfix/smtpd[39122]: timeout after END-OF-MESSAGE from mail-p156.mailgun.info[184.173.153.156]
Oct 20 13:24:18 postfix postfix/smtpd[39122]: disconnect from mail-p156.mailgun.info[184.173.153.156]
Oct 20 13:27:44 postfix postfix/anvil[39124]: statistics: max connection rate 2/60s for (smtp:184.173.153.156) at Oct 20 13:19:16
Oct 20 13:27:44 postfix postfix/anvil[39124]: statistics: max connection count 1 for (smtp:209.85.213.179) at Oct 20 13:17:44
Oct 20 13:27:44 postfix postfix/anvil[39124]: statistics: max cache size 7 at Oct 20 13:18:34
Oct 20 13:28:28 postfix postfix/smtpd[39131]: disconnect from unknown[217.12.221.104]
Oct 20 13:34:21 postfix postfix/smtpd[39159]: connect from hostmailingmarket.com[82.146.52.246]
Oct 20 13:34:21 postfix policyd-spf[39163]: Pass; identity=helo; client-ip=82.146.52.246; helo=hostmailingmarket.com; envelope-from=webmaster@hostmailingmarket.com; receiver=spb@acoustic.ru 
Oct 20 13:34:21 postfix policyd-spf[39163]: Pass; identity=mailfrom; client-ip=82.146.52.246; helo=hostmailingmarket.com; envelope-from=webmaster@hostmailingmarket.com; receiver=spb@acoustic.ru 
Oct 20 13:34:21 postfix postfix/smtpd[39159]: 99BF22C046B: client=hostmailingmarket.com[82.146.52.246]
Oct 20 13:34:21 postfix postfix/cleanup[39164]: 99BF22C046B: message-id=<0207B1E2E93D13A07C79308F2BD9D5F5@i>
Oct 20 13:34:21 postfix postfix/qmgr[39104]: 99BF22C046B: from=<webmaster@hostmailingmarket.com>, size=7141, nrcpt=1 (queue active)
Oct 20 13:34:21 postfix postfix/smtpd[39159]: disconnect from hostmailingmarket.com[82.146.52.246]
Oct 20 13:34:22 postfix postfix/smtp[39165]: 99BF22C046B: to=<spb@acoustic.ru>, relay=192.168.10.8[192.168.10.8]:25, delay=0.8, delays=0.39/0.01/0.01/0.4, dsn=2.6.0, status=sent (250 2.6.0 <0207B1E2E93D13A07C79308F2BD9D5F5@i> [InternalId=613994] Queued mail for delivery)
Oct 20 13:34:22 postfix postfix/qmgr[39104]: 99BF22C046B: removed
Oct 20 13:34:33 postfix postfix/smtpd[39159]: connect from mail-ie0-f177.google.com[209.85.223.177]
Oct 20 13:34:35 postfix policyd-spf[39163]: None; identity=helo; client-ip=209.85.223.177; helo=mail-ie0-f177.google.com; envelope-from=pochta2id@gmail.com; receiver=domyshev@dekotech.ru 
Oct 20 13:34:35 postfix policyd-spf[39163]: Pass; identity=mailfrom; client-ip=209.85.223.177; helo=mail-ie0-f177.google.com; envelope-from=pochta2id@gmail.com; receiver=domyshev@dekotech.ru 
Oct 20 13:34:35 postfix postfix/smtpd[39159]: 2A53A2C046B: client=mail-ie0-f177.google.com[209.85.223.177]
Oct 20 13:34:35 postfix postfix/cleanup[39164]: 2A53A2C046B: message-id=<CAPD=oajQ+EM5fvfSiQOpASEJ9-oidBt94JqFbSGyP1j=c011cw@mail.gmail.com>
Oct 20 13:34:35 postfix postfix/qmgr[39104]: 2A53A2C046B: from=<pochta2id@gmail.com>, size=2560, nrcpt=1 (queue active)
Oct 20 13:34:35 postfix postfix/smtpd[39159]: disconnect from mail-ie0-f177.google.com[209.85.223.177]
Oct 20 13:34:35 postfix postfix/smtp[39165]: 2A53A2C046B: to=<domyshev@dekotech.ru>, relay=192.168.10.8[192.168.10.8]:25, delay=0.97, delays=0.59/0/0/0.38, dsn=2.6.0, status=sent (250 2.6.0 <CAPD=oajQ+EM5fvfSiQOpASEJ9-oidBt94JqFbSGyP1j=c011cw@mail.gmail.com> [InternalId=613995] Queued mail for delivery)
Oct 20 13:34:35 postfix postfix/qmgr[39104]: 2A53A2C046B: removed
Oct 20 13:35:13 postfix postfix/smtpd[39159]: warning: hostname serverforall1.ru does not resolve to address 92.63.111.74: Name or service not known
Oct 20 13:35:13 postfix postfix/smtpd[39159]: connect from unknown[92.63.111.74]
Oct 20 13:35:13 postfix postfix/smtpd[39159]: NOQUEUE: reject: RCPT from unknown[92.63.111.74]: 450 4.7.1 Client host rejected: cannot find your hostname, [92.63.111.74]; from=<works@allfor-info.ru> to=<acoustic.ruk@acoustic.ru> proto=ESMTP helo=<serverforall1.ru>
Oct 20 13:35:13 postfix postfix/smtpd[39159]: disconnect from unknown[92.63.111.74]
Oct 20 13:35:19 postfix postfix/smtpd[39159]: connect from f329.i.mail.ru[217.69.140.225]
Oct 20 13:35:20 postfix policyd-spf[39163]: None; identity=helo; client-ip=217.69.140.225; helo=f329.i.mail.ru; envelope-from=ilya.domyshev@mail.ru; receiver=admin@acoustic.ru 
Oct 20 13:35:20 postfix policyd-spf[39163]: Pass; identity=mailfrom; client-ip=217.69.140.225; helo=f329.i.mail.ru; envelope-from=ilya.domyshev@mail.ru; receiver=admin@acoustic.ru 
Oct 20 13:35:20 postfix postfix/smtpd[39159]: 0BA202C046B: client=f329.i.mail.ru[217.69.140.225]
Oct 20 13:35:20 postfix postfix/cleanup[39164]: 0BA202C046B: message-id=<1413797674.76509658@f329.i.mail.ru>
Oct 20 13:35:20 postfix postfix/qmgr[39104]: 0BA202C046B: from=<ilya.domyshev@mail.ru>, size=2118, nrcpt=1 (queue active)
Oct 20 13:35:20 postfix postfix/smtpd[39159]: disconnect from f329.i.mail.ru[217.69.140.225]
Oct 20 13:35:20 postfix postfix/smtp[39165]: 0BA202C046B: to=<admin@acoustic.ru>, relay=192.168.10.8[192.168.10.8]:25, delay=0.4, delays=0.07/0/0/0.32, dsn=2.6.0, status=sent (250 2.6.0 <1413797674.76509658@f329.i.mail.ru> [InternalId=613996] Queued mail for delivery)
Oct 20 13:35:20 postfix postfix/qmgr[39104]: 0BA202C046B: removed
Oct 20 13:35:21 postfix postfix/smtpd[39159]: warning: hostname 181.subnet118-97-95.static.astinet.telkom.net.id does not resolve to address 118.97.95.181: Name or service not known
Oct 20 13:35:21 postfix postfix/smtpd[39159]: connect from unknown[118.97.95.181]
Oct 20 13:35:23 postfix postfix/smtpd[39166]: warning: hostname 181.subnet118-97-95.static.astinet.telkom.net.id does not resolve to address 118.97.95.181: Name or service not known
Oct 20 13:35:23 postfix postfix/smtpd[39166]: connect from unknown[118.97.95.181]
Oct 20 13:35:44 postfix postfix/smtpd[39159]: NOQUEUE: reject: RCPT from unknown[118.97.95.181]: 450 4.7.1 Client host rejected: cannot find your hostname, [118.97.95.181]; from=<saintlygd@inbox.ru> to=<direktor@dekotech.ru> proto=ESMTP helo=<181.subnet118-97-95.static.astinet.telkom.net.id>
Oct 20 13:35:44 postfix postfix/smtpd[39159]: NOQUEUE: reject: RCPT from unknown[118.97.95.181]: 450 4.7.1 Client host rejected: cannot find your hostname, [118.97.95.181]; from=<saintlygd@inbox.ru> to=<dorofeev@dekotech.ru> proto=ESMTP helo=<181.subnet118-97-95.static.astinet.telkom.net.id>
Oct 20 13:35:44 postfix postfix/smtpd[39159]: NOQUEUE: reject: RCPT from unknown[118.97.95.181]: 450 4.7.1 Client host rejected: cannot find your hostname, [118.97.95.181]; from=<saintlygd@inbox.ru> to=<doronin@dekotech.ru> proto=ESMTP helo=<181.subnet118-97-95.static.astinet.telkom.net.id>
Oct 20 13:35:44 postfix postfix/smtpd[39159]: NOQUEUE: reject: RCPT from unknown[118.97.95.181]: 450 4.7.1 Client host rejected: cannot find your hostname, [118.97.95.181]; from=<saintlygd@inbox.ru> to=<fedotov@dekotech.ru> proto=ESMTP helo=<181.subnet118-97-95.static.astinet.telkom.net.id>
Oct 20 13:35:44 postfix postfix/smtpd[39159]: NOQUEUE: reject: RCPT from unknown[118.97.95.181]: 450 4.7.1 Client host rejected: cannot find your hostname, [118.97.95.181]; from=<saintlygd@inbox.ru> to=<filatov@dekotech.ru> proto=ESMTP helo=<181.subnet118-97-95.static.astinet.telkom.net.id>
Oct 20 13:35:44 postfix postfix/smtpd[39159]: NOQUEUE: reject: RCPT from unknown[118.97.95.181]: 450 4.7.1 Client host rejected: cannot find your hostname, [118.97.95.181]; from=<saintlygd@inbox.ru> to=<filippov@dekotech.ru> proto=ESMTP helo=<181.subnet118-97-95.static.astinet.telkom.net.id>
Oct 20 13:35:44 postfix postfix/smtpd[39159]: NOQUEUE: reject: RCPT from unknown[118.97.95.181]: 450 4.7.1 Client host rejected: cannot find your hostname, [118.97.95.181]; from=<saintlygd@inbox.ru> to=<finans@dekotech.ru> proto=ESMTP helo=<181.subnet118-97-95.static.astinet.telkom.net.id>
Oct 20 13:35:44 postfix postfix/smtpd[39159]: NOQUEUE: reject: RCPT from unknown[118.97.95.181]: 450 4.7.1 Client host rejected: cannot find your hostname, [118.97.95.181]; from=<saintlygd@inbox.ru> to=<fokin@dekotech.ru> proto=ESMTP helo=<181.subnet118-97-95.static.astinet.telkom.net.id>
Oct 20 13:35:44 postfix postfix/smtpd[39159]: NOQUEUE: reject: RCPT from unknown[118.97.95.181]: 450 4.7.1 Client host rejected: cannot find your hostname, [118.97.95.181]; from=<saintlygd@inbox.ru> to=<fomin@dekotech.ru> proto=ESMTP helo=<181.subnet118-97-95.static.astinet.telkom.net.id>
Oct 20 13:35:44 postfix postfix/smtpd[39159]: NOQUEUE: reject: RCPT from unknown[118.97.95.181]: 450 4.7.1 Client host rejected: cannot find your hostname, [118.97.95.181]; from=<saintlygd@inbox.ru> to=<frolov@dekotech.ru> proto=ESMTP helo=<181.subnet118-97-95.static.astinet.telkom.net.id>
Oct 20 13:35:46 postfix postfix/smtpd[39166]: NOQUEUE: reject: RCPT from unknown[118.97.95.181]: 450 4.7.1 Client host rejected: cannot find your hostname, [118.97.95.181]; from=<volumingjkv490@gmail.com> to=<galkin@dekotech.ru> proto=ESMTP helo=<181.subnet118-97-95.static.astinet.telkom.net.id>
Oct 20 13:35:46 postfix postfix/smtpd[39166]: NOQUEUE: reject: RCPT from unknown[118.97.95.181]: 450 4.7.1 Client host rejected: cannot find your hostname, [118.97.95.181]; from=<volumingjkv490@gmail.com> to=<ao@dekotech.ru> proto=ESMTP helo=<181.subnet118-97-95.static.astinet.telkom.net.id>
Oct 20 13:35:46 postfix postfix/smtpd[39166]: NOQUEUE: reject: RCPT from unknown[118.97.95.181]: 450 4.7.1 Client host rejected: cannot find your hostname, [118.97.95.181]; from=<volumingjkv490@gmail.com> to=<aozt@dekotech.ru> proto=ESMTP helo=<181.subnet118-97-95.static.astinet.telkom.net.id>
Oct 20 13:35:46 postfix postfix/smtpd[39166]: NOQUEUE: reject: RCPT from unknown[118.97.95.181]: 450 4.7.1 Client host rejected: cannot find your hostname, [118.97.95.181]; from=<volumingjkv490@gmail.com> to=<arhipov@dekotech.ru> proto=ESMTP helo=<181.subnet118-97-95.static.astinet.telkom.net.id>
Oct 20 13:35:46 postfix postfix/smtpd[39166]: NOQUEUE: reject: RCPT from unknown[118.97.95.181]: 450 4.7.1 Client host rejected: cannot find your hostname, [118.97.95.181]; from=<volumingjkv490@gmail.com> to=<art@dekotech.ru> proto=ESMTP helo=<181.subnet118-97-95.static.astinet.telkom.net.id>
Oct 20 13:35:46 postfix postfix/smtpd[39166]: NOQUEUE: reject: RCPT from unknown[118.97.95.181]: 450 4.7.1 Client host rejected: cannot find your hostname, [118.97.95.181]; from=<volumingjkv490@gmail.com> to=<arte@dekotech.ru> proto=ESMTP helo=<181.subnet118-97-95.static.astinet.telkom.net.id>
Oct 20 13:35:46 postfix postfix/smtpd[39166]: NOQUEUE: reject: RCPT from unknown[118.97.95.181]: 450 4.7.1 Client host rejected: cannot find your hostname, [118.97.95.181]; from=<volumingjkv490@gmail.com> to=<baranov@dekotech.ru> proto=ESMTP helo=<181.subnet118-97-95.static.astinet.telkom.net.id>
Oct 20 13:35:46 postfix postfix/smtpd[39166]: NOQUEUE: reject: RCPT from unknown[118.97.95.181]: 450 4.7.1 Client host rejected: cannot find your hostname, [118.97.95.181]; from=<volumingjkv490@gmail.com> to=<belousov@dekotech.ru> proto=ESMTP helo=<181.subnet118-97-95.static.astinet.telkom.net.id>
Oct 20 13:35:46 postfix postfix/smtpd[39166]: NOQUEUE: reject: RCPT from unknown[118.97.95.181]: 450 4.7.1 Client host rejected: cannot find your hostname, [118.97.95.181]; from=<volumingjkv490@gmail.com> to=<belov@dekotech.ru> proto=ESMTP helo=<181.subnet118-97-95.static.astinet.telkom.net.id>
Oct 20 13:35:55 postfix postfix/smtpd[39159]: lost connection after DATA from unknown[118.97.95.181]
Oct 20 13:35:55 postfix postfix/smtpd[39159]: disconnect from unknown[118.97.95.181]
Oct 20 13:35:56 postfix postfix/smtpd[39166]: lost connection after DATA from unknown[118.97.95.181]
Oct 20 13:35:56 postfix postfix/smtpd[39166]: disconnect from unknown[118.97.95.181]
Oct 20 13:36:14 postfix postfix/smtpd[39159]: warning: hostname 181.subnet118-97-95.static.astinet.telkom.net.id does not resolve to address 118.97.95.181: Name or service not known
Oct 20 13:36:14 postfix postfix/smtpd[39159]: connect from unknown[118.97.95.181]
Oct 20 13:36:15 postfix postfix/smtpd[39166]: warning: hostname 181.subnet118-97-95.static.astinet.telkom.net.id does not resolve to address 118.97.95.181: Name or service not known
Oct 20 13:36:15 postfix postfix/smtpd[39166]: connect from unknown[118.97.95.181]
Oct 20 13:36:29 postfix postfix/smtpd[39166]: NOQUEUE: reject: RCPT from unknown[118.97.95.181]: 450 4.7.1 Client host rejected: cannot find your hostname, [118.97.95.181]; from=<porticoes1@gmail.com> to=<galkin@dekotech.ru> proto=ESMTP helo=<181.subnet118-97-95.static.astinet.telkom.net.id>
Oct 20 13:36:29 postfix postfix/smtpd[39166]: NOQUEUE: reject: RCPT from unknown[118.97.95.181]: 450 4.7.1 Client host rejected: cannot find your hostname, [118.97.95.181]; from=<porticoes1@gmail.com> to=<ao@dekotech.ru> proto=ESMTP helo=<181.subnet118-97-95.static.astinet.telkom.net.id>
Oct 20 13:36:29 postfix postfix/smtpd[39166]: NOQUEUE: reject: RCPT from unknown[118.97.95.181]: 450 4.7.1 Client host rejected: cannot find your hostname, [118.97.95.181]; from=<porticoes1@gmail.com> to=<aozt@dekotech.ru> proto=ESMTP helo=<181.subnet118-97-95.static.astinet.telkom.net.id>
Oct 20 13:36:29 postfix postfix/smtpd[39166]: NOQUEUE: reject: RCPT from unknown[118.97.95.181]: 450 4.7.1 Client host rejected: cannot find your hostname, [118.97.95.181]; from=<porticoes1@gmail.com> to=<arhipov@dekotech.ru> proto=ESMTP helo=<181.subnet118-97-95.static.astinet.telkom.net.id>
Oct 20 13:36:29 postfix postfix/smtpd[39166]: NOQUEUE: reject: RCPT from unknown[118.97.95.181]: 450 4.7.1 Client host rejected: cannot find your hostname, [118.97.95.181]; from=<porticoes1@gmail.com> to=<art@dekotech.ru> proto=ESMTP helo=<181.subnet118-97-95.static.astinet.telkom.net.id>
Oct 20 13:36:29 postfix postfix/smtpd[39166]: NOQUEUE: reject: RCPT from unknown[118.97.95.181]: 450 4.7.1 Client host rejected: cannot find your hostname, [118.97.95.181]; from=<porticoes1@gmail.com> to=<arte@dekotech.ru> proto=ESMTP helo=<181.subnet118-97-95.static.astinet.telkom.net.id>
Oct 20 13:36:29 postfix postfix/smtpd[39166]: NOQUEUE: reject: RCPT from unknown[118.97.95.181]: 450 4.7.1 Client host rejected: cannot find your hostname, [118.97.95.181]; from=<porticoes1@gmail.com> to=<baranov@dekotech.ru> proto=ESMTP helo=<181.subnet118-97-95.static.astinet.telkom.net.id>
Oct 20 13:36:29 postfix postfix/smtpd[39166]: NOQUEUE: reject: RCPT from unknown[118.97.95.181]: 450 4.7.1 Client host rejected: cannot find your hostname, [118.97.95.181]; from=<porticoes1@gmail.com> to=<belousov@dekotech.ru> proto=ESMTP helo=<181.subnet118-97-95.static.astinet.telkom.net.id>
Oct 20 13:36:29 postfix postfix/smtpd[39166]: NOQUEUE: reject: RCPT from unknown[118.97.95.181]: 450 4.7.1 Client host rejected: cannot find your hostname, [118.97.95.181]; from=<porticoes1@gmail.com> to=<belov@dekotech.ru> proto=ESMTP helo=<181.subnet118-97-95.static.astinet.telkom.net.id>
Oct 20 13:36:35 postfix postfix/smtpd[39166]: lost connection after DATA from unknown[118.97.95.181]
Oct 20 13:36:35 postfix postfix/smtpd[39166]: disconnect from unknown[118.97.95.181]
Oct 20 13:36:57 postfix postfix/smtpd[39166]: connect from mail-wi0-f181.google.com[209.85.212.181]
Oct 20 13:36:57 postfix policyd-spf[39170]: None; identity=helo; client-ip=209.85.212.181; helo=mail-wi0-f181.google.com; envelope-from=alina.andreyeva@stroydevelopment.com; receiver=dmitry.eliseev@acoustic.ru 
Oct 20 13:36:57 postfix policyd-spf[39170]: Softfail; identity=mailfrom; client-ip=209.85.212.181; helo=mail-wi0-f181.google.com; envelope-from=alina.andreyeva@stroydevelopment.com; receiver=dmitry.eliseev@acoustic.ru 
Oct 20 13:36:57 postfix postfix/smtpd[39166]: CEB482C046B: client=mail-wi0-f181.google.com[209.85.212.181]
Oct 20 13:36:57 postfix postfix/cleanup[39164]: CEB482C046B: message-id=<CAJ1NAUREhQkz5v-JGKbTvxRs8AvVAx6yOP7WufSrfDUx8nHKKA@mail.gmail.com>
Oct 20 13:36:58 postfix postfix/qmgr[39104]: CEB482C046B: from=<alina.andreyeva@stroydevelopment.com>, size=25023, nrcpt=1 (queue active)
Oct 20 13:36:58 postfix postfix/smtpd[39166]: disconnect from mail-wi0-f181.google.com[209.85.212.181]
Oct 20 13:36:58 postfix postfix/smtp[39165]: CEB482C046B: to=<dmitry.eliseev@acoustic.ru>, relay=192.168.10.8[192.168.10.8]:25, delay=0.67, delays=0.38/0/0/0.28, dsn=2.6.0, status=sent (250 2.6.0 <CAJ1NAUREhQkz5v-JGKbTvxRs8AvVAx6yOP7WufSrfDUx8nHKKA@mail.gmail.com> [InternalId=614000] Queued mail for delivery)
Oct 20 13:36:58 postfix postfix/qmgr[39104]: CEB482C046B: removed
Oct 20 13:37:18 postfix postfix/smtpd[39159]: NOQUEUE: reject: RCPT from unknown[118.97.95.181]: 450 4.7.1 Client host rejected: cannot find your hostname, [118.97.95.181]; from=<creepiesu8@bk.ru> to=<direktor@dekotech.ru> proto=ESMTP helo=<181.subnet118-97-95.static.astinet.telkom.net.id>
Oct 20 13:37:18 postfix postfix/smtpd[39159]: NOQUEUE: reject: RCPT from unknown[118.97.95.181]: 450 4.7.1 Client host rejected: cannot find your hostname, [118.97.95.181]; from=<creepiesu8@bk.ru> to=<dorofeev@dekotech.ru> proto=ESMTP helo=<181.subnet118-97-95.static.astinet.telkom.net.id>
Oct 20 13:37:18 postfix postfix/smtpd[39159]: NOQUEUE: reject: RCPT from unknown[118.97.95.181]: 450 4.7.1 Client host rejected: cannot find your hostname, [118.97.95.181]; from=<creepiesu8@bk.ru> to=<doronin@dekotech.ru> proto=ESMTP helo=<181.subnet118-97-95.static.astinet.telkom.net.id>
Oct 20 13:37:18 postfix postfix/smtpd[39159]: NOQUEUE: reject: RCPT from unknown[118.97.95.181]: 450 4.7.1 Client host rejected: cannot find your hostname, [118.97.95.181]; from=<creepiesu8@bk.ru> to=<fedotov@dekotech.ru> proto=ESMTP helo=<181.subnet118-97-95.static.astinet.telkom.net.id>
Oct 20 13:37:18 postfix postfix/smtpd[39159]: NOQUEUE: reject: RCPT from unknown[118.97.95.181]: 450 4.7.1 Client host rejected: cannot find your hostname, [118.97.95.181]; from=<creepiesu8@bk.ru> to=<filatov@dekotech.ru> proto=ESMTP helo=<181.subnet118-97-95.static.astinet.telkom.net.id>
Oct 20 13:37:18 postfix postfix/smtpd[39159]: NOQUEUE: reject: RCPT from unknown[118.97.95.181]: 450 4.7.1 Client host rejected: cannot find your hostname, [118.97.95.181]; from=<creepiesu8@bk.ru> to=<filippov@dekotech.ru> proto=ESMTP helo=<181.subnet118-97-95.static.astinet.telkom.net.id>
Oct 20 13:37:18 postfix postfix/smtpd[39159]: NOQUEUE: reject: RCPT from unknown[118.97.95.181]: 450 4.7.1 Client host rejected: cannot find your hostname, [118.97.95.181]; from=<creepiesu8@bk.ru> to=<finans@dekotech.ru> proto=ESMTP helo=<181.subnet118-97-95.static.astinet.telkom.net.id>
Oct 20 13:37:20 postfix postfix/smtpd[39166]: connect from rockmx03.rockwool.com[195.191.109.227]
Oct 20 13:37:20 postfix policyd-spf[39170]: None; identity=helo; client-ip=195.191.109.227; helo=rockmx03.rockwool.com; envelope-from=olga.shutskaya@rockwool.ru; receiver=nataly.ushakova@acoustic.ru 
Oct 20 13:37:20 postfix policyd-spf[39170]: None; identity=mailfrom; client-ip=195.191.109.227; helo=rockmx03.rockwool.com; envelope-from=olga.shutskaya@rockwool.ru; receiver=nataly.ushakova@acoustic.ru 
Oct 20 13:37:20 postfix postfix/smtpd[39166]: 998132C046B: client=rockmx03.rockwool.com[195.191.109.227]
Oct 20 13:37:20 postfix postfix/cleanup[39164]: 998132C046B: message-id=<ADR39000001106287@rockwool.com>
Oct 20 13:37:22 postfix postfix/qmgr[39104]: 998132C046B: from=<Olga.Shutskaya@rockwool.ru>, size=544570, nrcpt=1 (queue active)
Oct 20 13:37:22 postfix postfix/smtpd[39166]: disconnect from rockmx03.rockwool.com[195.191.109.227]
Oct 20 13:37:22 postfix postfix/smtp[39165]: 998132C046B: to=<nataly.ushakova@acoustic.ru>, relay=192.168.10.8[192.168.10.8]:25, delay=1.8, delays=1.4/0/0/0.41, dsn=2.6.0, status=sent (250 2.6.0 <ADR39000001106287@rockwool.com> [InternalId=614001] Queued mail for delivery)
Oct 20 13:37:22 postfix postfix/qmgr[39104]: 998132C046B: removed
Oct 20 13:37:26 postfix postfix/smtpd[39166]: connect from unknown[183.60.143.121]
Oct 20 13:37:28 postfix postfix/smtpd[39166]: NOQUEUE: reject: RCPT from unknown[183.60.143.121]: 450 4.7.1 Client host rejected: cannot find your hostname, [183.60.143.121]; from=<vainakealovu@lenta.ru> to=<sales@acoustic.ru> proto=SMTP helo=<Unknown>
Oct 20 13:37:29 postfix postfix/smtpd[39166]: lost connection after RCPT from unknown[183.60.143.121]
Oct 20 13:37:29 postfix postfix/smtpd[39166]: disconnect from unknown[183.60.143.121]
Oct 20 13:37:29 postfix postfix/smtpd[39159]: lost connection after DATA from unknown[118.97.95.181]
Oct 20 13:37:29 postfix postfix/smtpd[39159]: disconnect from unknown[118.97.95.181]
Oct 20 13:37:44 postfix postfix/smtpd[39166]: warning: hostname exemple.com does not resolve to address 185.14.29.58
Oct 20 13:37:44 postfix postfix/smtpd[39166]: connect from unknown[185.14.29.58]
Oct 20 13:37:45 postfix postfix/smtpd[39166]: NOQUEUE: reject: RCPT from unknown[185.14.29.58]: 450 4.7.1 Client host rejected: cannot find your hostname, [185.14.29.58]; from=<oztcpteyslphsmst@narod.ru> to=<evgeny.fridlib@acoustic.ru> proto=ESMTP helo=<loohjhjk.ru>
Oct 20 13:37:46 postfix postfix/smtpd[39159]: connect from mail-wi0-f179.google.com[209.85.212.179]
Oct 20 13:37:47 postfix policyd-spf[39163]: None; identity=helo; client-ip=209.85.212.179; helo=mail-wi0-f179.google.com; envelope-from=alina.andreyeva@stroydevelopment.com; receiver=dmitry.eliseev@acoustic.ru 
Oct 20 13:37:47 postfix policyd-spf[39163]: Softfail; identity=mailfrom; client-ip=209.85.212.179; helo=mail-wi0-f179.google.com; envelope-from=alina.andreyeva@stroydevelopment.com; receiver=dmitry.eliseev@acoustic.ru 
Oct 20 13:37:47 postfix postfix/smtpd[39159]: 0DAB62C046B: client=mail-wi0-f179.google.com[209.85.212.179]
Oct 20 13:37:47 postfix postfix/cleanup[39164]: 0DAB62C046B: message-id=<CAJ1NAUQZ8hdz9oa8JSF-oZ3y+ALxEiEo63Q=GFaF3urNPWzdPQ@mail.gmail.com>
Oct 20 13:37:47 postfix postfix/qmgr[39104]: 0DAB62C046B: from=<alina.andreyeva@stroydevelopment.com>, size=40617, nrcpt=1 (queue active)
Oct 20 13:37:47 postfix postfix/smtpd[39159]: disconnect from mail-wi0-f179.google.com[209.85.212.179]
Oct 20 13:37:47 postfix postfix/smtp[39165]: 0DAB62C046B: to=<Dmitry.Eliseev@acoustic.ru>, relay=192.168.10.8[192.168.10.8]:25, delay=0.52, delays=0.28/0/0/0.23, dsn=2.6.0, status=sent (250 2.6.0 <CAJ1NAUQZ8hdz9oa8JSF-oZ3y+ALxEiEo63Q=GFaF3urNPWzdPQ@mail.gmail.com> [InternalId=614002] Queued mail for delivery)
Oct 20 13:37:47 postfix postfix/qmgr[39104]: 0DAB62C046B: removed
Oct 20 13:38:58 postfix postfix/smtpd[39159]: connect from unknown[185.58.205.15]
Oct 20 13:38:58 postfix postfix/smtpd[39159]: NOQUEUE: reject: RCPT from unknown[185.58.205.15]: 450 4.7.1 Client host rejected: cannot find your hostname, [185.58.205.15]; from=<kela15@xperia45.biz> to=<hpl@dekotech.ru> proto=ESMTP helo=<xperia45.biz>
Oct 20 13:38:58 postfix postfix/smtpd[39159]: disconnect from unknown[185.58.205.15]
Oct 20 13:39:11 postfix postfix/smtpd[39159]: connect from smtpout7.timeweb.ru[92.53.117.21]
Oct 20 13:39:11 postfix policyd-spf[39163]: Pass; identity=helo; client-ip=92.53.117.21; helo=smtpout7.timeweb.ru; envelope-from=info2@haarmannsi.com; receiver=regina.arzamazova@acoustic.ru 
Oct 20 13:39:12 postfix policyd-spf[39163]: Pass; identity=mailfrom; client-ip=92.53.117.21; helo=smtpout7.timeweb.ru; envelope-from=info2@haarmannsi.com; receiver=regina.arzamazova@acoustic.ru 
Oct 20 13:39:12 postfix postfix/smtpd[39159]: 097202C046B: client=smtpout7.timeweb.ru[92.53.117.21]
Oct 20 13:39:12 postfix postfix/cleanup[39164]: 097202C046B: message-id=<003801cfec49$9870a2c0$c951e840$@haarmannsi.com>
Oct 20 13:39:12 postfix postfix/qmgr[39104]: 097202C046B: from=<info2@haarmannsi.com>, size=1068033, nrcpt=1 (queue active)
Oct 20 13:39:13 postfix postfix/smtpd[39159]: disconnect from smtpout7.timeweb.ru[92.53.117.21]
Oct 20 13:39:13 postfix postfix/smtp[39165]: 097202C046B: to=<regina.arzamazova@acoustic.ru>, relay=192.168.10.8[192.168.10.8]:25, delay=1.8, delays=1.2/0/0/0.57, dsn=2.6.0, status=sent (250 2.6.0 <003801cfec49$9870a2c0$c951e840$@haarmannsi.com> [InternalId=614008] Queued mail for delivery)
Oct 20 13:39:13 postfix postfix/qmgr[39104]: 097202C046B: removed
Oct 20 13:40:06 postfix postfix/smtpd[39159]: connect from mx.seminar11inst.ru[89.111.182.251]
Oct 20 13:40:07 postfix policyd-spf[39163]: None; identity=helo; client-ip=89.111.182.251; helo=mx.seminar11inst.ru; envelope-from=sales@seminar11inst.ru; receiver=merkushev@dekotech.ru 
Oct 20 13:40:07 postfix policyd-spf[39163]: Pass; identity=mailfrom; client-ip=89.111.182.251; helo=mx.seminar11inst.ru; envelope-from=sales@seminar11inst.ru; receiver=merkushev@dekotech.ru 
Oct 20 13:40:07 postfix postfix/smtpd[39159]: 0C6ED2C046B: client=mx.seminar11inst.ru[89.111.182.251]
Oct 20 13:40:07 postfix postfix/cleanup[39164]: 0C6ED2C046B: message-id=<c16377badbfac02826478c40c28b85b96d89442a@seminar11inst.ru>
Oct 20 13:40:07 postfix postfix/qmgr[39104]: 0C6ED2C046B: from=<sales@seminar11inst.ru>, size=568534, nrcpt=1 (queue active)
Oct 20 13:40:07 postfix postfix/smtpd[39159]: disconnect from mx.seminar11inst.ru[89.111.182.251]
Oct 20 13:40:08 postfix postfix/smtp[39165]: 0C6ED2C046B: to=<merkushev@dekotech.ru>, relay=192.168.10.8[192.168.10.8]:25, delay=1.9, delays=0.44/0/0/1.4, dsn=2.6.0, status=sent (250 2.6.0 <c16377badbfac02826478c40c28b85b96d89442a@seminar11inst.ru> [InternalId=614012] Queued mail for delivery)
Oct 20 13:40:08 postfix postfix/qmgr[39104]: 0C6ED2C046B: removed
Oct 20 13:40:10 postfix postfix/smtpd[39159]: connect from 109-184-220-33.dynamic.mts-nn.ru[109.184.220.33]
Oct 20 13:40:10 postfix postfix/smtpd[39159]: lost connection after CONNECT from 109-184-220-33.dynamic.mts-nn.ru[109.184.220.33]
Oct 20 13:40:10 postfix postfix/smtpd[39159]: disconnect from 109-184-220-33.dynamic.mts-nn.ru[109.184.220.33]
Oct 20 13:40:14 postfix postfix/smtpd[39159]: connect from 109-184-220-33.dynamic.mts-nn.ru[109.184.220.33]
Oct 20 13:40:14 postfix postfix/smtpd[39159]: lost connection after CONNECT from 109-184-220-33.dynamic.mts-nn.ru[109.184.220.33]
Oct 20 13:40:14 postfix postfix/smtpd[39159]: disconnect from 109-184-220-33.dynamic.mts-nn.ru[109.184.220.33]
Oct 20 13:40:30 postfix postfix/smtpd[39159]: connect from f409.i.mail.ru[185.5.136.80]
Oct 20 13:40:30 postfix policyd-spf[39163]: None; identity=helo; client-ip=185.5.136.80; helo=f409.i.mail.ru; envelope-from=sergei_24.08.67@mail.ru; receiver=ludmila.trubitsina@acoustic.ru 
Oct 20 13:40:30 postfix policyd-spf[39163]: Pass; identity=mailfrom; client-ip=185.5.136.80; helo=f409.i.mail.ru; envelope-from=sergei_24.08.67@mail.ru; receiver=ludmila.trubitsina@acoustic.ru 
Oct 20 13:40:30 postfix postfix/smtpd[39159]: A950A2C046B: client=f409.i.mail.ru[185.5.136.80]
Oct 20 13:40:30 postfix postfix/cleanup[39164]: A950A2C046B: message-id=<1413797984.781419246@f409.i.mail.ru>
Oct 20 13:40:30 postfix postfix/qmgr[39104]: A950A2C046B: from=<sergei_24.08.67@mail.ru>, size=20314, nrcpt=1 (queue active)
Oct 20 13:40:30 postfix postfix/smtpd[39159]: disconnect from f409.i.mail.ru[185.5.136.80]
Oct 20 13:40:30 postfix postfix/smtp[39165]: A950A2C046B: to=<Ludmila.Trubitsina@acoustic.ru>, relay=192.168.10.8[192.168.10.8]:25, delay=0.28, delays=0.03/0/0/0.24, dsn=2.6.0, status=sent (250 2.6.0 <1413797984.781419246@f409.i.mail.ru> [InternalId=614014] Queued mail for delivery)
Oct 20 13:40:30 postfix postfix/qmgr[39104]: A950A2C046B: removed
Oct 20 13:41:04 postfix postfix/smtpd[39159]: connect from s2.hostglobal.ru[78.138.164.168]
Oct 20 13:41:04 postfix policyd-spf[39163]: None; identity=helo; client-ip=78.138.164.168; helo=mail.acoustic-group.net; envelope-from=lilova-m_v@mail.ru; receiver=anna.semenova@acoustic.ru 
Oct 20 13:41:04 postfix policyd-spf[39163]: Softfail; identity=mailfrom; client-ip=78.138.164.168; helo=mail.acoustic-group.net; envelope-from=lilova-m_v@mail.ru; receiver=anna.semenova@acoustic.ru 
Oct 20 13:41:04 postfix postfix/smtpd[39159]: 9AA422C046B: client=s2.hostglobal.ru[78.138.164.168]
Oct 20 13:41:05 postfix postfix/cleanup[39164]: 9AA422C046B: message-id=1ee9d114d8d985cf1228a909214176be@mail.ru
Oct 20 13:41:05 postfix postfix/qmgr[39104]: 9AA422C046B: from=<lilova-m_v@mail.ru>, size=2761, nrcpt=1 (queue active)
Oct 20 13:41:05 postfix postfix/smtpd[39159]: disconnect from s2.hostglobal.ru[78.138.164.168]
Oct 20 13:41:06 postfix postfix/smtp[39165]: 9AA422C046B: to=<anna.semenova@acoustic.ru>, relay=192.168.10.8[192.168.10.8]:25, delay=1.5, delays=1.1/0/0/0.34, dsn=2.6.0, status=sent (250 2.6.0 <1ee9d114d8d985cf1228a909214176be@mail.ru> [InternalId=614016] Queued mail for delivery)
Oct 20 13:41:06 postfix postfix/qmgr[39104]: 9AA422C046B: removed
Oct 20 13:41:10 postfix postfix/smtpd[39159]: connect from exchange2.primexpo.ru[194.67.4.179]
Oct 20 13:41:10 postfix policyd-spf[39163]: None; identity=helo; client-ip=194.67.4.179; helo=exchange2.primexpo.ru; envelope-from=build@primexpo.ru; receiver=sales@acoustic.ru 
Oct 20 13:41:11 postfix policyd-spf[39163]: Pass; identity=mailfrom; client-ip=194.67.4.179; helo=exchange2.primexpo.ru; envelope-from=build@primexpo.ru; receiver=sales@acoustic.ru 
Oct 20 13:41:11 postfix postfix/smtpd[39159]: 0ABC32C046B: client=exchange2.primexpo.ru[194.67.4.179]
Oct 20 13:41:11 postfix postfix/cleanup[39164]: 0ABC32C046B: message-id=<35356F0E9CDD4C6897C9C40DFCC92DD6@exchange2.primexpo.ru>
Oct 20 13:41:11 postfix postfix/qmgr[39104]: 0ABC32C046B: from=<build@primexpo.ru>, size=28971, nrcpt=1 (queue active)
Oct 20 13:41:11 postfix postfix/smtpd[39159]: disconnect from exchange2.primexpo.ru[194.67.4.179]
Oct 20 13:41:11 postfix postfix/smtp[39165]: 0ABC32C046B: to=<sales@acoustic.ru>, relay=192.168.10.8[192.168.10.8]:25, delay=0.55, delays=0.32/0/0/0.22, dsn=2.6.0, status=sent (250 2.6.0 <35356F0E9CDD4C6897C9C40DFCC92DD6@exchange2.primexpo.ru> [InternalId=614017] Queued mail for delivery)
Oct 20 13:41:11 postfix postfix/qmgr[39104]: 0ABC32C046B: removed
Oct 20 13:41:21 postfix postfix/smtpd[39159]: warning: hostname unixproserver.com does not resolve to address 5.34.183.139
Oct 20 13:41:21 postfix postfix/smtpd[39159]: connect from unknown[5.34.183.139]
Oct 20 13:41:22 postfix postfix/smtpd[39159]: NOQUEUE: reject: RCPT from unknown[5.34.183.139]: 450 4.7.1 Client host rejected: cannot find your hostname, [5.34.183.139]; from=<webmaster@hostforua2.com> to=<igor@acoustic.ru> proto=ESMTP helo=<hostforua2.com>
Oct 20 13:41:22 postfix postfix/smtpd[39159]: disconnect from unknown[5.34.183.139]
Oct 20 13:41:55 postfix postfix/smtpd[39159]: connect from mx.seminar13russ.ru[77.221.150.12]
Oct 20 13:41:55 postfix policyd-spf[39163]: None; identity=helo; client-ip=77.221.150.12; helo=mx.seminar13russ.ru; envelope-from=<>; receiver=efimov@dekotech.ru 
Oct 20 13:41:55 postfix postfix/smtpd[39159]: D55492C046B: client=mx.seminar13russ.ru[77.221.150.12]
Oct 20 13:41:55 postfix postfix/cleanup[39164]: D55492C046B: message-id=<7aa025619e826496b2be3c258fafd41ec66a02bc@seminar13russ.ru>
Oct 20 13:41:56 postfix postfix/qmgr[39104]: D55492C046B: from=<>, size=590368, nrcpt=1 (queue active)
Oct 20 13:41:56 postfix postfix/smtpd[39159]: disconnect from mx.seminar13russ.ru[77.221.150.12]
Oct 20 13:41:56 postfix postfix/smtp[39165]: D55492C046B: to=<efimov@dekotech.ru>, relay=192.168.10.8[192.168.10.8]:25, delay=0.75, delays=0.45/0/0/0.3, dsn=2.6.0, status=sent (250 2.6.0 <7aa025619e826496b2be3c258fafd41ec66a02bc@seminar13russ.ru> [InternalId=614021] Queued mail for delivery)
Oct 20 13:41:56 postfix postfix/qmgr[39104]: D55492C046B: removed
Oct 20 13:41:59 postfix postfix/smtpd[39166]: disconnect from unknown[185.14.29.58]
Oct 20 13:42:05 postfix postfix/smtpd[39159]: connect from unknown[221.7.192.138]
Oct 20 13:42:06 postfix postfix/smtpd[39159]: NOQUEUE: reject: RCPT from unknown[221.7.192.138]: 450 4.7.1 Client host rejected: cannot find your hostname, [221.7.192.138]; from=<serbi@dialogue.ru> to=<saratov@acoustic.ru> proto=ESMTP helo=<imsa.bankofbbg.com>
Oct 20 13:42:07 postfix postfix/smtpd[39159]: disconnect from unknown[221.7.192.138]
Oct 20 13:42:10 postfix postfix/smtpd[39166]: connect from mail22.softlinedirect.ru[93.174.132.219]
Oct 20 13:42:12 postfix postfix/smtpd[39159]: connect from mail-ig0-f175.google.com[209.85.213.175]
Oct 20 13:42:12 postfix policyd-spf[39170]: None; identity=helo; client-ip=93.174.132.219; helo=mail22.softlinedirect.ru; envelope-from=softlinenews@softlinedirect.ru; receiver=sales@acoustic.ru 
Oct 20 13:42:12 postfix policyd-spf[39170]: Pass; identity=mailfrom; client-ip=93.174.132.219; helo=mail22.softlinedirect.ru; envelope-from=softlinenews@softlinedirect.ru; receiver=sales@acoustic.ru 
Oct 20 13:42:12 postfix postfix/smtpd[39166]: EDEE52C046B: client=mail22.softlinedirect.ru[93.174.132.219]
Oct 20 13:42:13 postfix postfix/smtpd[39159]: NOQUEUE: reject: MAIL from mail-ig0-f175.google.com[209.85.213.175]: 552 5.3.4 Message size exceeds fixed limit; proto=ESMTP helo=<mail-ig0-f175.google.com>
Oct 20 13:42:13 postfix postfix/smtpd[39159]: disconnect from mail-ig0-f175.google.com[209.85.213.175]
Oct 20 13:42:18 postfix postfix/cleanup[39164]: EDEE52C046B: message-id=<MDAEMON-F201410201245.AA4512852md80014566922@mail22.softlinedirect.ru>
Oct 20 13:42:18 postfix postfix/qmgr[39104]: EDEE52C046B: from=<softlinenews@softlinedirect.ru>, size=232443, nrcpt=1 (queue active)
Oct 20 13:42:18 postfix postfix/smtp[39165]: EDEE52C046B: to=<sales@acoustic.ru>, relay=192.168.10.8[192.168.10.8]:25, delay=7.6, delays=7.3/0/0/0.31, dsn=2.6.0, status=sent (250 2.6.0 <MDAEMON-F201410201245.AA4512852md80014566922@mail22.softlinedirect.ru> [InternalId=614022] Queued mail for delivery)
Oct 20 13:42:18 postfix postfix/qmgr[39104]: EDEE52C046B: removed
Oct 20 13:42:18 postfix postfix/smtpd[39166]: disconnect from mail22.softlinedirect.ru[93.174.132.219]
Oct 20 13:42:22 postfix postfix/smtpd[39159]: connect from fpk-nsk.ru[62.109.10.204]
Oct 20 13:42:22 postfix policyd-spf[39163]: Pass; identity=helo; client-ip=62.109.10.204; helo=fpk-nsk.ru; envelope-from=info@ame-fpk.ru; receiver=sales@acoustic.ru 
Oct 20 13:42:22 postfix policyd-spf[39163]: Softfail; identity=mailfrom; client-ip=62.109.10.204; helo=fpk-nsk.ru; envelope-from=info@ame-fpk.ru; receiver=sales@acoustic.ru 
Oct 20 13:42:22 postfix postfix/smtpd[39159]: 4BEE12C046B: client=fpk-nsk.ru[62.109.10.204]
Oct 20 13:42:25 postfix postfix/cleanup[39164]: 4BEE12C046B: message-id=<E1XczyS-0001jk-Bi@fpk-nsk.ru>
Oct 20 13:42:26 postfix postfix/qmgr[39104]: 4BEE12C046B: from=<info@ame-fpk.ru>, size=549092, nrcpt=1 (queue active)
Oct 20 13:42:26 postfix postfix/smtp[39165]: 4BEE12C046B: to=<sales@acoustic.ru>, relay=192.168.10.8[192.168.10.8]:25, delay=4.5, delays=4.1/0/0/0.38, dsn=2.6.0, status=sent (250 2.6.0 <E1XczyS-0001jk-Bi@fpk-nsk.ru> [InternalId=614023] Queued mail for delivery)
Oct 20 13:42:26 postfix postfix/qmgr[39104]: 4BEE12C046B: removed
Oct 20 13:42:28 postfix postfix/smtpd[39159]: disconnect from fpk-nsk.ru[62.109.10.204]
Oct 20 13:42:37 postfix postfix/smtpd[39166]: connect from smtpout7.timeweb.ru[92.53.117.21]
Oct 20 13:42:37 postfix policyd-spf[39170]: Pass; identity=helo; client-ip=92.53.117.21; helo=smtpout7.timeweb.ru; envelope-from=info2@haarmannsi.com; receiver=regina.arzamazova@acoustic.ru 
Oct 20 13:42:37 postfix policyd-spf[39170]: Pass; identity=mailfrom; client-ip=92.53.117.21; helo=smtpout7.timeweb.ru; envelope-from=info2@haarmannsi.com; receiver=regina.arzamazova@acoustic.ru 
Oct 20 13:42:37 postfix postfix/smtpd[39166]: 364372C046B: client=smtpout7.timeweb.ru[92.53.117.21]
Oct 20 13:42:37 postfix postfix/cleanup[39164]: 364372C046B: message-id=<003f01cfec4a$13c9a1b0$3b5ce510$@haarmannsi.com>
Oct 20 13:42:37 postfix postfix/qmgr[39104]: 364372C046B: from=<info2@haarmannsi.com>, size=211458, nrcpt=1 (queue active)
Oct 20 13:42:37 postfix postfix/smtpd[39166]: disconnect from smtpout7.timeweb.ru[92.53.117.21]
Oct 20 13:42:37 postfix postfix/smtp[39165]: 364372C046B: to=<regina.arzamazova@acoustic.ru>, relay=192.168.10.8[192.168.10.8]:25, delay=0.57, delays=0.23/0/0/0.33, dsn=2.6.0, status=sent (250 2.6.0 <003f01cfec4a$13c9a1b0$3b5ce510$@haarmannsi.com> [InternalId=614024] Queued mail for delivery)
Oct 20 13:42:37 postfix postfix/qmgr[39104]: 364372C046B: removed
Oct 20 13:44:21 postfix postfix/anvil[39160]: statistics: max connection rate 4/60s for (smtp:118.97.95.181) at Oct 20 13:36:15
Oct 20 13:44:21 postfix postfix/anvil[39160]: statistics: max connection count 2 for (smtp:118.97.95.181) at Oct 20 13:35:23
Oct 20 13:44:21 postfix postfix/anvil[39160]: statistics: max cache size 7 at Oct 20 13:42:37
Oct 20 14:24:26 postfix postfix/postfix-script[39211]: refreshing the Postfix mail system
Oct 20 14:24:26 postfix postfix/master[38330]: reload -- version 2.9.6, configuration /etc/postfix
Oct 20 14:29:22 postfix postfix/smtpd[39219]: connect from mail-ie0-f181.google.com[209.85.223.181]
Oct 20 14:29:23 postfix policyd-spf[39224]: None; identity=helo; client-ip=209.85.223.181; helo=mail-ie0-f181.google.com; envelope-from=pochta2id@gmail.com; receiver=ilya.domyshev@acoustic-group.net 
Oct 20 14:29:23 postfix policyd-spf[39224]: Pass; identity=mailfrom; client-ip=209.85.223.181; helo=mail-ie0-f181.google.com; envelope-from=pochta2id@gmail.com; receiver=ilya.domyshev@acoustic-group.net 
Oct 20 14:29:23 postfix postfix/smtpd[39219]: 855792C046B: client=mail-ie0-f181.google.com[209.85.223.181]
Oct 20 14:29:23 postfix postfix/cleanup[39225]: 855792C046B: message-id=<CAPD=oagW_L3vOgDtPzsi=6bsQbYEgbxq69RiLTnjcJsykWRUCw@mail.gmail.com>
Oct 20 14:29:23 postfix postfix/qmgr[39216]: 855792C046B: from=<pochta2id@gmail.com>, size=2604, nrcpt=1 (queue active)
Oct 20 14:29:24 postfix postfix/smtpd[39219]: disconnect from mail-ie0-f181.google.com[209.85.223.181]
Oct 20 14:29:24 postfix postfix/smtp[39226]: 855792C046B: to=<ilya.domyshev@acoustic-group.net>, relay=192.168.10.8[192.168.10.8]:25, delay=0.98, delays=0.67/0.01/0/0.29, dsn=2.6.0, status=sent (250 2.6.0 <CAPD=oagW_L3vOgDtPzsi=6bsQbYEgbxq69RiLTnjcJsykWRUCw@mail.gmail.com> [InternalId=614290] Queued mail for delivery)
Oct 20 14:29:24 postfix postfix/qmgr[39216]: 855792C046B: removed
Oct 20 14:29:32 postfix postfix/smtpd[39219]: connect from mail-ig0-f169.google.com[209.85.213.169]
Oct 20 14:29:33 postfix postfix/smtpd[39219]: NOQUEUE: reject: MAIL from mail-ig0-f169.google.com[209.85.213.169]: 552 5.3.4 Message size exceeds fixed limit; proto=ESMTP helo=<mail-ig0-f169.google.com>
Oct 20 14:29:33 postfix postfix/smtpd[39219]: disconnect from mail-ig0-f169.google.com[209.85.213.169]
Oct 20 14:29:42 postfix postfix/smtpd[39219]: connect from forward1m.mail.yandex.net[37.140.138.1]
Oct 20 14:29:42 postfix policyd-spf[39224]: None; identity=helo; client-ip=37.140.138.1; helo=forward1m.mail.yandex.net; envelope-from=safarova@gint-m.ru; receiver=daniil.kursky@acoustic.ru 
Oct 20 14:29:42 postfix policyd-spf[39224]: Neutral; identity=mailfrom; client-ip=37.140.138.1; helo=forward1m.mail.yandex.net; envelope-from=safarova@gint-m.ru; receiver=daniil.kursky@acoustic.ru 
Oct 20 14:29:42 postfix postfix/smtpd[39219]: A8C712C046B: client=forward1m.mail.yandex.net[37.140.138.1]
Oct 20 14:29:42 postfix postfix/cleanup[39225]: A8C712C046B: message-id=<1248343914.20141020142924@gint-m.ru>
Oct 20 14:29:42 postfix postfix/cleanup[39225]: A8C712C046B: resent-message-id=<20141020102857.7104B27A00D3@smtp3m.mail.yandex.net>
Oct 20 14:29:42 postfix postfix/qmgr[39216]: A8C712C046B: from=<safarova@gint-m.ru>, size=9870, nrcpt=1 (queue active)
Oct 20 14:29:42 postfix postfix/smtpd[39219]: disconnect from forward1m.mail.yandex.net[37.140.138.1]
Oct 20 14:29:43 postfix postfix/smtp[39226]: A8C712C046B: to=<Daniil.Kursky@acoustic.ru>, relay=192.168.10.8[192.168.10.8]:25, delay=0.66, delays=0.36/0/0/0.29, dsn=2.6.0, status=sent (250 2.6.0 <1248343914.20141020142924@gint-m.ru> [InternalId=614291] Queued mail for delivery)
Oct 20 14:29:43 postfix postfix/qmgr[39216]: A8C712C046B: removed
Oct 20 14:29:48 postfix postfix/smtpd[39219]: connect from mail-ig0-f169.google.com[209.85.213.169]
Oct 20 14:29:49 postfix policyd-spf[39224]: None; identity=helo; client-ip=209.85.213.169; helo=mail-ig0-f169.google.com; envelope-from=pochta2id@gmail.com; receiver=ilya.domyshev@acoustic.ru 
Oct 20 14:29:49 postfix policyd-spf[39224]: Pass; identity=mailfrom; client-ip=209.85.213.169; helo=mail-ig0-f169.google.com; envelope-from=pochta2id@gmail.com; receiver=ilya.domyshev@acoustic.ru 
Oct 20 14:29:49 postfix postfix/smtpd[39219]: 7BC842C046B: client=mail-ig0-f169.google.com[209.85.213.169]
Oct 20 14:29:49 postfix postfix/cleanup[39225]: 7BC842C046B: message-id=<CAPD=oahfMHLcsZUDhW_LDmwh6o6UtusCGkwKOSy0OyqXd7izeg@mail.gmail.com>
Oct 20 14:29:49 postfix postfix/qmgr[39216]: 7BC842C046B: from=<pochta2id@gmail.com>, size=2594, nrcpt=1 (queue active)
Oct 20 14:29:49 postfix postfix/smtpd[39219]: disconnect from mail-ig0-f169.google.com[209.85.213.169]
Oct 20 14:29:50 postfix postfix/smtp[39226]: 7BC842C046B: to=<ilya.domyshev@acoustic.ru>, relay=192.168.10.8[192.168.10.8]:25, delay=0.61, delays=0.36/0/0.01/0.24, dsn=2.6.0, status=sent (250 2.6.0 <CAPD=oahfMHLcsZUDhW_LDmwh6o6UtusCGkwKOSy0OyqXd7izeg@mail.gmail.com> [InternalId=614292] Queued mail for delivery)
Oct 20 14:29:50 postfix postfix/qmgr[39216]: 7BC842C046B: removed
Oct 20 14:30:08 postfix postfix/smtpd[39219]: connect from shark11.sberbank.ru[194.186.207.33]
Oct 20 14:30:08 postfix postfix/smtpd[39219]: disconnect from shark11.sberbank.ru[194.186.207.33]
Oct 20 14:30:37 postfix postfix/smtpd[39219]: connect from mail-ie0-f179.google.com[209.85.223.179]
Oct 20 14:30:38 postfix postfix/smtpd[39219]: NOQUEUE: reject: MAIL from mail-ie0-f179.google.com[209.85.223.179]: 552 5.3.4 Message size exceeds fixed limit; proto=ESMTP helo=<mail-ie0-f179.google.com>
Oct 20 14:30:38 postfix postfix/smtpd[39219]: disconnect from mail-ie0-f179.google.com[209.85.223.179]
Oct 20 14:33:59 postfix postfix/anvil[39221]: statistics: max connection rate 2/60s for (smtp:209.85.213.169) at Oct 20 14:29:48
Oct 20 14:33:59 postfix postfix/anvil[39221]: statistics: max connection count 1 for (smtp:209.85.223.181) at Oct 20 14:29:22
Oct 20 14:33:59 postfix postfix/anvil[39221]: statistics: max cache size 4 at Oct 20 14:30:08
Oct 20 14:46:27 postfix postfix/smtpd[39250]: connect from mail-ie0-f176.google.com[209.85.223.176]
Oct 20 14:46:28 postfix postfix/smtpd[39250]: NOQUEUE: reject: MAIL from mail-ie0-f176.google.com[209.85.223.176]: 552 5.3.4 Message size exceeds fixed limit; proto=ESMTP helo=<mail-ie0-f176.google.com>
Oct 20 14:46:28 postfix postfix/smtpd[39250]: disconnect from mail-ie0-f176.google.com[209.85.223.176]
Oct 20 14:46:32 postfix postfix/smtpd[39250]: connect from unknown[154.73.229.187]
Oct 20 14:46:37 postfix postfix/smtpd[39250]: NOQUEUE: reject: RCPT from unknown[154.73.229.187]: 450 4.7.1 Client host rejected: cannot find your hostname, [154.73.229.187]; from=<discovererdqus@authventress.in> to=<honomarev@dekotech.ru> proto=ESMTP helo=<authventress.in>
Oct 20 14:46:37 postfix postfix/smtpd[39250]: lost connection after DATA from unknown[154.73.229.187]
Oct 20 14:46:37 postfix postfix/smtpd[39250]: disconnect from unknown[154.73.229.187]
Oct 20 14:48:39 postfix postfix/postfix-script[39266]: refreshing the Postfix mail system
Oct 20 14:48:39 postfix postfix/master[38330]: reload -- version 2.9.6, configuration /etc/postfix
Oct 20 14:48:39 postfix postfix/anvil[39251]: statistics: max connection rate 1/60s for (smtp:209.85.223.176) at Oct 20 14:46:27
Oct 20 14:48:39 postfix postfix/anvil[39251]: statistics: max connection count 1 for (smtp:209.85.223.176) at Oct 20 14:46:27
Oct 20 14:48:39 postfix postfix/anvil[39251]: statistics: max cache size 2 at Oct 20 14:46:32
Oct 20 14:50:16 postfix postfix/postfix-script[39280]: refreshing the Postfix mail system
Oct 20 14:50:16 postfix postfix/master[38330]: reload -- version 2.9.6, configuration /etc/postfix
Oct 20 14:50:30 postfix postfix/postfix-script[39294]: refreshing the Postfix mail system
Oct 20 14:50:30 postfix postfix/master[38330]: reload -- version 2.9.6, configuration /etc/postfix
Oct 20 14:51:34 postfix postfix/smtpd[39301]: warning: hostname exemple.com does not resolve to address 185.14.29.58
Oct 20 14:51:34 postfix postfix/smtpd[39301]: connect from unknown[185.14.29.58]
Oct 20 14:51:34 postfix postfix/smtpd[39301]: NOQUEUE: reject: RCPT from unknown[185.14.29.58]: 450 4.7.1 Client host rejected: cannot find your hostname, [185.14.29.58]; from=<ipwkgwcdwbyhyyyvcarut@narod.ru> to=<daniil.kursky@acoustic.ru> proto=ESMTP helo=<loohjhjk.ru>
Oct 20 14:51:43 postfix postfix/smtpd[39305]: connect from unknown[177.47.99.207]
Oct 20 14:51:46 postfix postfix/smtpd[39306]: connect from mail-ig0-f170.google.com[209.85.213.170]
Oct 20 14:51:48 postfix policyd-spf[39308]: None; identity=helo; client-ip=209.85.213.170; helo=mail-ig0-f170.google.com; envelope-from=pochta2id@gmail.com; receiver=ilya.domyshev@acoustic.ru 
Oct 20 14:51:48 postfix policyd-spf[39308]: Pass; identity=mailfrom; client-ip=209.85.213.170; helo=mail-ig0-f170.google.com; envelope-from=pochta2id@gmail.com; receiver=ilya.domyshev@acoustic.ru 
Oct 20 14:51:48 postfix postfix/smtpd[39306]: 080802C046B: client=mail-ig0-f170.google.com[209.85.213.170]
Oct 20 14:51:48 postfix postfix/cleanup[39309]: 080802C046B: message-id=<CAPD=oahGoD7ENfnEUPmT24_qYoxnFEaH02SjcEWMjcuLVMqgmw@mail.gmail.com>
Oct 20 14:52:14 postfix postfix/smtpd[39310]: connect from mail-ig0-f180.google.com[209.85.213.180]
Oct 20 14:52:16 postfix policyd-spf[39312]: None; identity=helo; client-ip=209.85.213.180; helo=mail-ig0-f180.google.com; envelope-from=pochta2id@gmail.com; receiver=ilya.domyshev@acoustic.ru 
Oct 20 14:52:16 postfix policyd-spf[39312]: Pass; identity=mailfrom; client-ip=209.85.213.180; helo=mail-ig0-f180.google.com; envelope-from=pochta2id@gmail.com; receiver=ilya.domyshev@acoustic.ru 
Oct 20 14:52:16 postfix postfix/smtpd[39310]: 6242A2C0951: client=mail-ig0-f180.google.com[209.85.213.180]
Oct 20 14:52:16 postfix postfix/cleanup[39313]: 6242A2C0951: message-id=<CAPD=oaghyQF04Hh2ZaQoCVKzGAFgYRJ4nY-gT=RAqL7bkqbB0g@mail.gmail.com>
Oct 20 14:52:16 postfix postfix/qmgr[39299]: 6242A2C0951: from=<pochta2id@gmail.com>, size=2591, nrcpt=1 (queue active)
Oct 20 14:52:17 postfix postfix/smtpd[39310]: disconnect from mail-ig0-f180.google.com[209.85.213.180]
Oct 20 14:52:17 postfix postfix/smtp[39314]: 6242A2C0951: to=<ilya.domyshev@acoustic.ru>, relay=192.168.10.8[192.168.10.8]:25, delay=1.1, delays=0.84/0.01/0/0.21, dsn=2.6.0, status=sent (250 2.6.0 <CAPD=oaghyQF04Hh2ZaQoCVKzGAFgYRJ4nY-gT=RAqL7bkqbB0g@mail.gmail.com> [InternalId=614453] Queued mail for delivery)
Oct 20 14:52:17 postfix postfix/qmgr[39299]: 6242A2C0951: removed
Oct 20 14:52:18 postfix postfix/qmgr[39299]: 080802C046B: from=<pochta2id@gmail.com>, size=20014964, nrcpt=1 (queue active)
Oct 20 14:52:18 postfix postfix/smtpd[39306]: disconnect from mail-ig0-f170.google.com[209.85.213.170]
Oct 20 14:52:19 postfix postfix/smtpd[39310]: connect from mail4.saint-gobain.com[77.158.16.73]
Oct 20 14:52:19 postfix policyd-spf[39312]: None; identity=helo; client-ip=77.158.16.73; helo=mail4.saint-gobain.com; envelope-from=svetlana.novikova@ecophon.ru; receiver=nataly.ushakova@acoustic.ru 
Oct 20 14:52:19 postfix policyd-spf[39312]: None; identity=mailfrom; client-ip=77.158.16.73; helo=mail4.saint-gobain.com; envelope-from=svetlana.novikova@ecophon.ru; receiver=nataly.ushakova@acoustic.ru 
Oct 20 14:52:19 postfix postfix/smtpd[39310]: 567832C0951: client=mail4.saint-gobain.com[77.158.16.73]
Oct 20 14:52:19 postfix postfix/cleanup[39313]: 567832C0951: message-id=<F8D9E2A1CA0A3D46B60B19B8296A7FAC7EF4984D@EXMB1EU15.za.if.atcsg.net>
