Oct 20 15:13:10 postfix policyd-spf[39350]: None; identity=helo; client-ip=217.69.140.247; helo=f351.i.mail.ru; envelope-from=rasss_2007@mail.ru; receiver=olga.garbera@acoustic.ru 
Oct 20 15:13:10 postfix policyd-spf[39350]: Pass; identity=mailfrom; client-ip=217.69.140.247; helo=f351.i.mail.ru; envelope-from=rasss_2007@mail.ru; receiver=olga.garbera@acoustic.ru 
Oct 20 15:13:10 postfix postfix/smtpd[39349]: CB4832C046B: client=f351.i.mail.ru[217.69.140.247]
Oct 20 15:13:10 postfix postfix/cleanup[39351]: CB4832C046B: message-id=<1413803453.891069818@f351.i.mail.ru>
Oct 20 15:13:11 postfix postfix/qmgr[39299]: CB4832C046B: from=<rasss_2007@mail.ru>, size=1217704, nrcpt=1 (queue active)
Oct 20 15:13:11 postfix postfix/smtpd[39349]: disconnect from f351.i.mail.ru[217.69.140.247]
Oct 20 15:13:12 postfix postfix/smtp[39352]: CB4832C046B: to=<olga.garbera@acoustic.ru>, relay=192.168.10.8[192.168.10.8]:25, delay=1.5, delays=1/0.01/0.01/0.52, dsn=2.6.0, status=sent (250 2.6.0 <1413803453.891069818@f351.i.mail.ru> [InternalId=614562] Queued mail for delivery)
Oct 20 15:13:12 postfix postfix/qmgr[39299]: CB4832C046B: removed
Oct 20 15:13:19 postfix postfix/smtpd[39349]: connect from mail3.saint-gobain.com[192.109.148.33]
Oct 20 15:13:23 postfix policyd-spf[39350]: None; identity=helo; client-ip=192.109.148.33; helo=mail3.saint-gobain.com; envelope-from=cs.sgcp.rus@saint-gobain.com; receiver=gena.baev@acoustic.ru 
Oct 20 15:13:23 postfix policyd-spf[39350]: None; identity=mailfrom; client-ip=192.109.148.33; helo=mail3.saint-gobain.com; envelope-from=cs.sgcp.rus@saint-gobain.com; receiver=gena.baev@acoustic.ru 
Oct 20 15:13:23 postfix postfix/smtpd[39349]: 4EFE52C046B: client=mail3.saint-gobain.com[192.109.148.33]
Oct 20 15:13:24 postfix postfix/cleanup[39351]: 4EFE52C046B: message-id=<8688.1944.1349224.1413803553.898.0@Domain>
Oct 20 15:13:24 postfix postfix/qmgr[39299]: 4EFE52C046B: from=<cs.sgcp.rus@saint-gobain.com>, size=79647, nrcpt=3 (queue active)
Oct 20 15:13:24 postfix postfix/smtp[39352]: 4EFE52C046B: to=<Gena.Baev@acoustic.ru>, relay=192.168.10.8[192.168.10.8]:25, delay=1.6, delays=1.2/0/0/0.42, dsn=2.6.0, status=sent (250 2.6.0 <8688.1944.1349224.1413803553.898.0@Domain> [InternalId=614563] Queued mail for delivery)
Oct 20 15:13:24 postfix postfix/smtp[39352]: 4EFE52C046B: to=<nataly.ushakova@acoustic.ru>, relay=192.168.10.8[192.168.10.8]:25, delay=1.6, delays=1.2/0/0/0.42, dsn=2.6.0, status=sent (250 2.6.0 <8688.1944.1349224.1413803553.898.0@Domain> [InternalId=614563] Queued mail for delivery)
Oct 20 15:13:24 postfix postfix/smtp[39352]: 4EFE52C046B: to=<sergey.karataev@acoustic.ru>, relay=192.168.10.8[192.168.10.8]:25, delay=1.6, delays=1.2/0/0/0.42, dsn=2.6.0, status=sent (250 2.6.0 <8688.1944.1349224.1413803553.898.0@Domain> [InternalId=614563] Queued mail for delivery)
Oct 20 15:13:24 postfix postfix/qmgr[39299]: 4EFE52C046B: removed
Oct 20 15:13:26 postfix postfix/smtpd[39353]: connect from wazzy.ru[195.154.8.188]
Oct 20 15:13:26 postfix policyd-spf[39355]: None; identity=helo; client-ip=195.154.8.188; helo=mail.acoustic-group.net; envelope-from=lapuhova-n_b@mail.ru; receiver=moscow@acoustic.ru 
Oct 20 15:13:26 postfix policyd-spf[39355]: Softfail; identity=mailfrom; client-ip=195.154.8.188; helo=mail.acoustic-group.net; envelope-from=lapuhova-n_b@mail.ru; receiver=moscow@acoustic.ru 
Oct 20 15:13:26 postfix postfix/smtpd[39353]: DF24E2C046B: client=wazzy.ru[195.154.8.188]
Oct 20 15:13:28 postfix postfix/cleanup[39351]: DF24E2C046B: message-id=39915bd60c9079b1543eccf745f96ca5@mail.ru
Oct 20 15:13:28 postfix postfix/qmgr[39299]: DF24E2C046B: from=<lapuhova-n_b@mail.ru>, size=1405, nrcpt=1 (queue active)
Oct 20 15:13:28 postfix postfix/smtpd[39353]: disconnect from wazzy.ru[195.154.8.188]
Oct 20 15:13:29 postfix postfix/smtpd[39349]: disconnect from mail3.saint-gobain.com[192.109.148.33]
Oct 20 15:13:33 postfix postfix/smtp[39352]: DF24E2C046B: to=<moscow@acoustic.ru>, relay=192.168.10.8[192.168.10.8]:25, delay=6.9, delays=1.3/0/0/5.6, dsn=2.6.0, status=sent (250 2.6.0 <39915bd60c9079b1543eccf745f96ca5@mail.ru> [InternalId=614564] Queued mail for delivery)
Oct 20 15:13:33 postfix postfix/qmgr[39299]: DF24E2C046B: removed
Oct 20 15:13:38 postfix postfix/smtpd[39353]: connect from mail3.saint-gobain.com[192.109.148.33]
Oct 20 15:13:38 postfix policyd-spf[39355]: None; identity=helo; client-ip=192.109.148.33; helo=mail3.saint-gobain.com; envelope-from=elena.sidorova@saint-gobain.com; receiver=nataly.ushakova@acoustic.ru 
Oct 20 15:13:38 postfix policyd-spf[39355]: None; identity=mailfrom; client-ip=192.109.148.33; helo=mail3.saint-gobain.com; envelope-from=elena.sidorova@saint-gobain.com; receiver=nataly.ushakova@acoustic.ru 
Oct 20 15:13:38 postfix postfix/smtpd[39353]: D69E72C046B: client=mail3.saint-gobain.com[192.109.148.33]
Oct 20 15:13:39 postfix postfix/cleanup[39351]: D69E72C046B: message-id=<BAE754782F6F2A40A773D49C3613885F3231F7EE@EXMB1EU15.za.if.atcsg.net>
Oct 20 15:13:39 postfix postfix/qmgr[39299]: D69E72C046B: from=<Elena.Sidorova@saint-gobain.com>, size=25081, nrcpt=1 (queue active)
Oct 20 15:13:39 postfix postfix/smtp[39352]: D69E72C046B: to=<Nataly.Ushakova@acoustic.ru>, relay=192.168.10.8[192.168.10.8]:25, delay=0.85, delays=0.58/0/0/0.27, dsn=2.6.0, status=sent (250 2.6.0 <BAE754782F6F2A40A773D49C3613885F3231F7EE@EXMB1EU15.za.if.atcsg.net> [InternalId=614566] Queued mail for delivery)
Oct 20 15:13:39 postfix postfix/qmgr[39299]: D69E72C046B: removed
Oct 20 15:13:44 postfix postfix/smtpd[39353]: disconnect from mail3.saint-gobain.com[192.109.148.33]
Oct 20 15:13:51 postfix postfix/smtpd[39349]: connect from mail4.saint-gobain.com[77.158.16.73]
Oct 20 15:13:52 postfix policyd-spf[39350]: None; identity=helo; client-ip=77.158.16.73; helo=mail4.saint-gobain.com; envelope-from=svetlana.novikova@ecophon.ru; receiver=nataly.ushakova@acoustic.ru 
Oct 20 15:13:52 postfix policyd-spf[39350]: None; identity=mailfrom; client-ip=77.158.16.73; helo=mail4.saint-gobain.com; envelope-from=svetlana.novikova@ecophon.ru; receiver=nataly.ushakova@acoustic.ru 
Oct 20 15:13:52 postfix postfix/smtpd[39349]: 367972C046B: client=mail4.saint-gobain.com[77.158.16.73]
Oct 20 15:13:53 postfix postfix/cleanup[39351]: 367972C046B: message-id=<F8D9E2A1CA0A3D46B60B19B8296A7FAC7EF49867@EXMB1EU15.za.if.atcsg.net>
Oct 20 15:13:53 postfix postfix/qmgr[39299]: 367972C046B: from=<Svetlana.Novikova@ecophon.ru>, size=58710, nrcpt=1 (queue active)
Oct 20 15:13:53 postfix postfix/smtp[39352]: 367972C046B: to=<Nataly.Ushakova@acoustic.ru>, relay=192.168.10.8[192.168.10.8]:25, delay=1.3, delays=1/0/0/0.22, dsn=2.6.0, status=sent (250 2.6.0 <F8D9E2A1CA0A3D46B60B19B8296A7FAC7EF49867@EXMB1EU15.za.if.atcsg.net> [InternalId=614567] Queued mail for delivery)
Oct 20 15:13:53 postfix postfix/qmgr[39299]: 367972C046B: removed
Oct 20 15:13:58 postfix postfix/smtpd[39349]: disconnect from mail4.saint-gobain.com[77.158.16.73]
Oct 20 15:14:02 postfix postfix/smtpd[39353]: connect from unknown[185.16.40.83]
Oct 20 15:14:03 postfix postfix/smtpd[39353]: NOQUEUE: reject: RCPT from unknown[185.16.40.83]: 450 4.7.1 Client host rejected: cannot find your hostname, [185.16.40.83]; from=<SMhzuQdbpUK@mail.ru> to=<spb@acoustic.ru> proto=ESMTP helo=<mail.iredmail.org>
Oct 20 15:14:03 postfix postfix/smtpd[39353]: disconnect from unknown[185.16.40.83]
Oct 20 15:14:06 postfix postfix/smtpd[39349]: connect from tcpuadollar.com[217.12.210.34]
Oct 20 15:14:07 postfix policyd-spf[39350]: Pass; identity=helo; client-ip=217.12.210.34; helo=tcpuadollar.com; envelope-from=webmaster@tcpuadollar.com; receiver=gena.baev@acoustic.ru 
Oct 20 15:14:07 postfix policyd-spf[39350]: Pass; identity=mailfrom; client-ip=217.12.210.34; helo=tcpuadollar.com; envelope-from=webmaster@tcpuadollar.com; receiver=gena.baev@acoustic.ru 
Oct 20 15:14:07 postfix postfix/smtpd[39349]: 1D9A52C046B: client=tcpuadollar.com[217.12.210.34]
Oct 20 15:14:07 postfix postfix/cleanup[39351]: 1D9A52C046B: message-id=<C2C7712229FDD360BCB9F04FEBACD580@bh>
Oct 20 15:14:07 postfix postfix/qmgr[39299]: 1D9A52C046B: from=<webmaster@tcpuadollar.com>, size=7101, nrcpt=1 (queue active)
Oct 20 15:14:07 postfix postfix/smtpd[39349]: disconnect from tcpuadollar.com[217.12.210.34]
Oct 20 15:14:07 postfix postfix/smtp[39352]: 1D9A52C046B: to=<gena.baev@acoustic.ru>, relay=192.168.10.8[192.168.10.8]:25, delay=0.5, delays=0.26/0/0/0.23, dsn=2.6.0, status=sent (250 2.6.0 <C2C7712229FDD360BCB9F04FEBACD580@bh> [InternalId=614568] Queued mail for delivery)
Oct 20 15:14:07 postfix postfix/qmgr[39299]: 1D9A52C046B: removed
Oct 20 15:14:31 postfix postfix/smtpd[39353]: connect from mx.seminar13russ.ru[77.221.150.12]
Oct 20 15:14:31 postfix policyd-spf[39355]: None; identity=helo; client-ip=77.221.150.12; helo=mx.seminar13russ.ru; envelope-from=<>; receiver=kovalev@dekotech.ru 
Oct 20 15:14:31 postfix postfix/smtpd[39353]: 82A272C046B: client=mx.seminar13russ.ru[77.221.150.12]
Oct 20 15:14:31 postfix postfix/cleanup[39351]: 82A272C046B: message-id=<5e5cbb0e96517d6955f5e33a4817d3de0cb4fb6c@seminar13russ.ru>
Oct 20 15:14:31 postfix postfix/qmgr[39299]: 82A272C046B: from=<>, size=590209, nrcpt=1 (queue active)
Oct 20 15:14:32 postfix postfix/smtpd[39353]: disconnect from mx.seminar13russ.ru[77.221.150.12]
Oct 20 15:14:32 postfix postfix/smtp[39352]: 82A272C046B: to=<kovalev@dekotech.ru>, relay=192.168.10.8[192.168.10.8]:25, delay=0.69, delays=0.41/0/0/0.28, dsn=2.6.0, status=sent (250 2.6.0 <5e5cbb0e96517d6955f5e33a4817d3de0cb4fb6c@seminar13russ.ru> [InternalId=614570] Queued mail for delivery)
Oct 20 15:14:32 postfix postfix/qmgr[39299]: 82A272C046B: removed
Oct 20 15:15:21 postfix postfix/smtpd[39349]: connect from overalles.nl[195.242.98.69]
Oct 20 15:15:21 postfix policyd-spf[39350]: None; identity=helo; client-ip=195.242.98.69; helo=mail.acoustic-group.net; envelope-from=hewuedy@rambler.ru; receiver=almaty@acoustic.ru 
Oct 20 15:15:21 postfix policyd-spf[39350]: Softfail; identity=mailfrom; client-ip=195.242.98.69; helo=mail.acoustic-group.net; envelope-from=hewuedy@rambler.ru; receiver=almaty@acoustic.ru 
Oct 20 15:15:21 postfix postfix/smtpd[39349]: 6C3D62C046B: client=overalles.nl[195.242.98.69]
Oct 20 15:15:22 postfix postfix/cleanup[39351]: 6C3D62C046B: message-id=<>
Oct 20 15:15:22 postfix postfix/qmgr[39299]: 6C3D62C046B: from=<heWUedy@rambler.ru>, size=1285, nrcpt=1 (queue active)
Oct 20 15:15:22 postfix postfix/smtpd[39349]: disconnect from overalles.nl[195.242.98.69]
Oct 20 15:15:22 postfix postfix/smtp[39352]: 6C3D62C046B: to=<almaty@acoustic.ru>, relay=192.168.10.8[192.168.10.8]:25, delay=1.6, delays=1.4/0/0/0.26, dsn=2.6.0, status=sent (250 2.6.0 <59ca6756-3c60-4a67-8e8f-b5bd1094ca1d@RUEXCHMSK2.acoustic-group.net> [InternalId=614571] Queued mail for delivery)
Oct 20 15:15:22 postfix postfix/qmgr[39299]: 6C3D62C046B: removed
Oct 20 15:15:34 postfix postfix/smtpd[39353]: connect from unknown[5.175.185.212]
Oct 20 15:15:58 postfix postfix/smtpd[39349]: connect from unknown[202.77.108.60]
Oct 20 15:16:00 postfix postfix/smtpd[39349]: NOQUEUE: reject: RCPT from unknown[202.77.108.60]: 450 4.7.1 Client host rejected: cannot find your hostname, [202.77.108.60]; from=<hfqto@esqware.com> to=<sveta.gureva@acoustic.ru> proto=SMTP helo=<86.62.115.134>
Oct 20 15:16:00 postfix postfix/smtpd[39349]: NOQUEUE: reject: RCPT from unknown[202.77.108.60]: 450 4.7.1 Client host rejected: cannot find your hostname, [202.77.108.60]; from=<hfqto@esqware.com> to=<teplo@acoustic.ru> proto=SMTP helo=<86.62.115.134>
Oct 20 15:16:01 postfix postfix/smtpd[39349]: NOQUEUE: reject: RCPT from unknown[202.77.108.60]: 450 4.7.1 Client host rejected: cannot find your hostname, [202.77.108.60]; from=<hfqto@esqware.com> to=<topl@acoustic.ru> proto=SMTP helo=<86.62.115.134>
Oct 20 15:16:01 postfix postfix/smtpd[39349]: NOQUEUE: reject: RCPT from unknown[202.77.108.60]: 450 4.7.1 Client host rejected: cannot find your hostname, [202.77.108.60]; from=<hfqto@esqware.com> to=<ufa@acoustic.ru> proto=SMTP helo=<86.62.115.134>
Oct 20 15:16:02 postfix postfix/smtpd[39349]: NOQUEUE: reject: RCPT from unknown[202.77.108.60]: 450 4.7.1 Client host rejected: cannot find your hostname, [202.77.108.60]; from=<hfqto@esqware.com> to=<uliya.vorobeva@acoustic.ru> proto=SMTP helo=<86.62.115.134>
Oct 20 15:16:02 postfix postfix/smtpd[39349]: disconnect from unknown[202.77.108.60]
Oct 20 15:16:09 postfix postfix/smtpd[39349]: connect from f133.i.mail.ru[94.100.178.193]
Oct 20 15:16:09 postfix policyd-spf[39350]: None; identity=helo; client-ip=94.100.178.193; helo=f133.i.mail.ru; envelope-from=grigory.cv@mail.ru; receiver=sales@acoustic.ru 
Oct 20 15:16:09 postfix policyd-spf[39350]: Pass; identity=mailfrom; client-ip=94.100.178.193; helo=f133.i.mail.ru; envelope-from=grigory.cv@mail.ru; receiver=sales@acoustic.ru 
Oct 20 15:16:09 postfix postfix/smtpd[39349]: F26852C046B: client=f133.i.mail.ru[94.100.178.193]
Oct 20 15:16:10 postfix postfix/cleanup[39351]: F26852C046B: message-id=<1413803553.22235626@f133.i.mail.ru>
Oct 20 15:16:10 postfix postfix/qmgr[39299]: F26852C046B: from=<grigory.cv@mail.ru>, size=15913, nrcpt=1 (queue active)
Oct 20 15:16:10 postfix postfix/smtpd[39349]: disconnect from f133.i.mail.ru[94.100.178.193]
Oct 20 15:16:10 postfix postfix/smtp[39352]: F26852C046B: to=<sales@acoustic.ru>, relay=192.168.10.8[192.168.10.8]:25, delay=0.32, delays=0.04/0/0/0.28, dsn=2.6.0, status=sent (250 2.6.0 <1413803553.22235626@f133.i.mail.ru> [InternalId=614573] Queued mail for delivery)
Oct 20 15:16:10 postfix postfix/qmgr[39299]: F26852C046B: removed
Oct 20 15:16:21 postfix postfix/smtpd[39349]: connect from unknown[88.208.28.89]
Oct 20 15:16:21 postfix postfix/smtpd[39349]: NOQUEUE: reject: RCPT from unknown[88.208.28.89]: 450 4.7.1 Client host rejected: cannot find your hostname, [88.208.28.89]; from=<manager@hopefully.ru> to=<sveta.gureva@acoustic.ru> proto=ESMTP helo=<consistently.ru>
Oct 20 15:16:21 postfix postfix/smtpd[39349]: disconnect from unknown[88.208.28.89]
Oct 20 15:16:40 postfix postfix/smtpd[39353]: lost connection after CONNECT from unknown[5.175.185.212]
Oct 20 15:16:40 postfix postfix/smtpd[39353]: disconnect from unknown[5.175.185.212]
Oct 20 15:16:49 postfix postfix/smtpd[39349]: connect from p3plcpnl0257.prod.phx3.secureserver.net[50.62.161.24]
Oct 20 15:16:50 postfix policyd-spf[39350]: None; identity=helo; client-ip=50.62.161.24; helo=mail.acoustic-group.net; envelope-from=qxadgl@yahoo.com; receiver=saratov@acoustic.ru 
Oct 20 15:16:50 postfix policyd-spf[39350]: Neutral; identity=mailfrom; client-ip=50.62.161.24; helo=mail.acoustic-group.net; envelope-from=qxadgl@yahoo.com; receiver=saratov@acoustic.ru 
Oct 20 15:16:50 postfix postfix/smtpd[39349]: 7C5E92C046B: client=p3plcpnl0257.prod.phx3.secureserver.net[50.62.161.24]
Oct 20 15:16:52 postfix postfix/cleanup[39351]: 7C5E92C046B: message-id=652223dc95314719968aaf10f2700b76@yahoo.com
Oct 20 15:16:52 postfix postfix/qmgr[39299]: 7C5E92C046B: from=<QXAdGl@yahoo.com>, size=1215, nrcpt=1 (queue active)
Oct 20 15:16:52 postfix postfix/smtpd[39349]: disconnect from p3plcpnl0257.prod.phx3.secureserver.net[50.62.161.24]
Oct 20 15:16:55 postfix postfix/smtp[39352]: 7C5E92C046B: to=<saratov@acoustic.ru>, relay=192.168.10.8[192.168.10.8]:25, delay=5.5, delays=1.8/0/0/3.6, dsn=2.6.0, status=sent (250 2.6.0 <652223dc95314719968aaf10f2700b76@yahoo.com> [InternalId=614574] Queued mail for delivery)
Oct 20 15:16:55 postfix postfix/qmgr[39299]: 7C5E92C046B: removed
Oct 20 15:17:01 postfix postfix/smtpd[39353]: connect from mail-ig0-f174.google.com[209.85.213.174]
Oct 20 15:17:02 postfix policyd-spf[39355]: None; identity=helo; client-ip=209.85.213.174; helo=mail-ig0-f174.google.com; envelope-from=sunny.bron@gmail.com; receiver=ludmila.kalenuk@acoustic.ru 
Oct 20 15:17:02 postfix policyd-spf[39355]: Pass; identity=mailfrom; client-ip=209.85.213.174; helo=mail-ig0-f174.google.com; envelope-from=sunny.bron@gmail.com; receiver=ludmila.kalenuk@acoustic.ru 
Oct 20 15:17:02 postfix postfix/smtpd[39353]: 48EA32C046B: client=mail-ig0-f174.google.com[209.85.213.174]
Oct 20 15:17:02 postfix postfix/cleanup[39351]: 48EA32C046B: message-id=<CAAb-GbUSToo9Ci7bBE_ApRorfMFVRXJpvb_Yay4EJRH4HJJg0g@mail.gmail.com>
Oct 20 15:17:02 postfix postfix/qmgr[39299]: 48EA32C046B: from=<sunny.bron@gmail.com>, size=12980, nrcpt=1 (queue active)
Oct 20 15:17:02 postfix postfix/smtpd[39353]: disconnect from mail-ig0-f174.google.com[209.85.213.174]
Oct 20 15:17:03 postfix postfix/smtp[39352]: 48EA32C046B: to=<Ludmila.Kalenuk@acoustic.ru>, relay=192.168.10.8[192.168.10.8]:25, delay=1.1, delays=0.69/0/0/0.36, dsn=2.6.0, status=sent (250 2.6.0 <CAAb-GbUSToo9Ci7bBE_ApRorfMFVRXJpvb_Yay4EJRH4HJJg0g@mail.gmail.com> [InternalId=614576] Queued mail for delivery)
Oct 20 15:17:03 postfix postfix/qmgr[39299]: 48EA32C046B: removed
Oct 20 15:17:06 postfix postfix/smtpd[39349]: connect from maile-ca.linkedin.com[108.174.6.193]
Oct 20 15:17:08 postfix policyd-spf[39350]: Pass; identity=helo; client-ip=108.174.6.193; helo=maile-ca.linkedin.com; envelope-from=m-3nmoe1fkp40a86anevfue15yuy4vdegbzk8d0vb98o8vl2c0mwghb@bounce.linkedin.com; receiver=hpl@dekotech.ru 
Oct 20 15:17:08 postfix policyd-spf[39350]: Pass; identity=mailfrom; client-ip=108.174.6.193; helo=maile-ca.linkedin.com; envelope-from=m-3nmoe1fkp40a86anevfue15yuy4vdegbzk8d0vb98o8vl2c0mwghb@bounce.linkedin.com; receiver=hpl@dekotech.ru 
Oct 20 15:17:08 postfix postfix/smtpd[39349]: 4B4C22C046B: client=maile-ca.linkedin.com[108.174.6.193]
Oct 20 15:17:08 postfix postfix/cleanup[39351]: 4B4C22C046B: message-id=<1409488609.1818972.1413803781211.JavaMail.app@ela4-app1550.prod>
Oct 20 15:17:08 postfix postfix/qmgr[39299]: 4B4C22C046B: from=<m-3nmoe1fkp40a86anevfue15yuy4vdegbzk8d0vb98o8vl2c0mwghb@bounce.linkedin.com>, size=31957, nrcpt=1 (queue active)
Oct 20 15:17:09 postfix postfix/smtp[39352]: 4B4C22C046B: to=<hpl@dekotech.ru>, relay=192.168.10.8[192.168.10.8]:25, delay=1.1, delays=0.78/0/0/0.32, dsn=2.6.0, status=sent (250 2.6.0 <1409488609.1818972.1413803781211.JavaMail.app@ela4-app1550.prod> [InternalId=614579] Queued mail for delivery)
Oct 20 15:17:09 postfix postfix/qmgr[39299]: 4B4C22C046B: removed
Oct 20 15:17:14 postfix postfix/smtpd[39349]: disconnect from maile-ca.linkedin.com[108.174.6.193]
Oct 20 15:17:17 postfix postfix/smtpd[39353]: connect from f21.i.mail.ru[94.100.185.69]
Oct 20 15:17:17 postfix policyd-spf[39355]: None; identity=helo; client-ip=94.100.185.69; helo=f21.i.mail.ru; envelope-from=arm-trading@bk.ru; receiver=spb@acoustic.ru 
Oct 20 15:17:17 postfix policyd-spf[39355]: Pass; identity=mailfrom; client-ip=94.100.185.69; helo=f21.i.mail.ru; envelope-from=arm-trading@bk.ru; receiver=spb@acoustic.ru 
Oct 20 15:17:17 postfix postfix/smtpd[39353]: 414982C046B: client=f21.i.mail.ru[94.100.185.69]
Oct 20 15:17:17 postfix postfix/cleanup[39351]: 414982C046B: message-id=<1413803790.31517168@f21.i.mail.ru>
Oct 20 15:17:17 postfix postfix/qmgr[39299]: 414982C046B: from=<arm-trading@bk.ru>, size=101134, nrcpt=1 (queue active)
Oct 20 15:17:17 postfix postfix/smtpd[39353]: disconnect from f21.i.mail.ru[94.100.185.69]
Oct 20 15:17:17 postfix postfix/smtp[39352]: 414982C046B: to=<spb@acoustic.ru>, relay=192.168.10.8[192.168.10.8]:25, delay=0.44, delays=0.12/0/0/0.31, dsn=2.6.0, status=sent (250 2.6.0 <1413803790.31517168@f21.i.mail.ru> [InternalId=614582] Queued mail for delivery)
Oct 20 15:17:17 postfix postfix/qmgr[39299]: 414982C046B: removed
Oct 20 15:17:22 postfix postfix/smtpd[39349]: warning: hostname 48.152.252.46.netsons.net does not resolve to address 46.252.152.48: Name or service not known
Oct 20 15:17:22 postfix postfix/smtpd[39349]: connect from unknown[46.252.152.48]
Oct 20 15:17:22 postfix postfix/smtpd[39349]: NOQUEUE: reject: RCPT from unknown[46.252.152.48]: 450 4.7.1 Client host rejected: cannot find your hostname, [46.252.152.48]; from=<ReRNdKYmZUQcwK@rambler.ru> to=<volga@acoustic.ru> proto=SMTP helo=<mail.acoustic-group.net>
Oct 20 15:17:23 postfix postfix/smtpd[39349]: warning: non-SMTP command from unknown[46.252.152.48]: From: =?utf-8?B?0JrQvtC90YHRgtCw0L3RgtC40L0gKNCh0LvRg9C20LHQsCDRgdC10YDRgtC40YTQuNC60LDRhtC40Lgp?= <
Oct 20 15:17:23 postfix postfix/smtpd[39349]: disconnect from unknown[46.252.152.48]
Oct 20 15:17:41 postfix postfix/smtpd[39353]: connect from web333.kinghost.net[189.38.80.233]
Oct 20 15:17:41 postfix policyd-spf[39355]: None; identity=helo; client-ip=189.38.80.233; helo=mail.acoustic-group.net; envelope-from=tabswhxodzlg@hotmail.com; receiver=pavel.batrakov@acoustic.ru 
Oct 20 15:17:41 postfix postfix/smtpd[39306]: disconnect from mserver.sis.co.tt[190.213.12.122]
Oct 20 15:17:41 postfix policyd-spf[39355]: Softfail; identity=mailfrom; client-ip=189.38.80.233; helo=mail.acoustic-group.net; envelope-from=tabswhxodzlg@hotmail.com; receiver=pavel.batrakov@acoustic.ru 
Oct 20 15:17:41 postfix postfix/smtpd[39353]: 9BB5B2C046B: client=web333.kinghost.net[189.38.80.233]
Oct 20 15:17:43 postfix postfix/cleanup[39351]: 9BB5B2C046B: message-id=31bd7644723d73ae2822128d993c42e5@hotmail.com
Oct 20 15:17:43 postfix postfix/qmgr[39299]: 9BB5B2C046B: from=<TAbSWHXoDzLg@hotmail.com>, size=1239, nrcpt=1 (queue active)
Oct 20 15:17:43 postfix postfix/smtpd[39353]: disconnect from web333.kinghost.net[189.38.80.233]
Oct 20 15:17:45 postfix postfix/smtp[39352]: 9BB5B2C046B: to=<pavel.batrakov@acoustic.ru>, relay=192.168.10.8[192.168.10.8]:25, delay=4.6, delays=2.3/0/0/2.3, dsn=2.6.0, status=sent (250 2.6.0 <31bd7644723d73ae2822128d993c42e5@hotmail.com> [InternalId=614585] Queued mail for delivery)
Oct 20 15:17:45 postfix postfix/qmgr[39299]: 9BB5B2C046B: removed
Oct 20 15:17:55 postfix postfix/smtpd[39349]: connect from mail3.saturn-r.net[178.161.161.141]
Oct 20 15:17:55 postfix policyd-spf[39350]: None; identity=helo; client-ip=178.161.161.141; helo=mail3.saturn-r.net; envelope-from=psks@permplanet.ru; receiver=gena.baev@acoustic.ru 
Oct 20 15:17:55 postfix policyd-spf[39350]: Pass; identity=mailfrom; client-ip=178.161.161.141; helo=mail3.saturn-r.net; envelope-from=psks@permplanet.ru; receiver=gena.baev@acoustic.ru 
Oct 20 15:17:55 postfix postfix/smtpd[39349]: 4F1252C046B: client=mail3.saturn-r.net[178.161.161.141]
Oct 20 15:17:55 postfix postfix/cleanup[39351]: 4F1252C046B: message-id=<C8CD7B2823F7DB38E4E1A817B3B31391@pdsfhja>
Oct 20 15:17:55 postfix postfix/qmgr[39299]: 4F1252C046B: from=<psks@permplanet.ru>, size=187055, nrcpt=1 (queue active)
Oct 20 15:17:56 postfix postfix/smtp[39352]: 4F1252C046B: to=<gena.baev@acoustic.ru>, relay=192.168.10.8[192.168.10.8]:25, delay=0.77, delays=0.48/0/0/0.29, dsn=2.6.0, status=sent (250 2.6.0 <C8CD7B2823F7DB38E4E1A817B3B31391@pdsfhja> [InternalId=614587] Queued mail for delivery)
Oct 20 15:17:56 postfix postfix/qmgr[39299]: 4F1252C046B: removed
Oct 20 15:17:56 postfix postfix/smtpd[39349]: disconnect from mail3.saturn-r.net[178.161.161.141]
Oct 20 15:18:05 postfix postfix/smtpd[39306]: connect from unknown[1.54.137.58]
Oct 20 15:18:06 postfix postfix/smtpd[39306]: NOQUEUE: reject: RCPT from unknown[1.54.137.58]: 450 4.7.1 Client host rejected: cannot find your hostname, [1.54.137.58]; from=<denis.lobanov@valal.sk> to=<denis.lobanov@acoustic.ru> proto=SMTP helo=<user-pc.domain>
Oct 20 15:18:08 postfix postfix/smtpd[39306]: lost connection after RCPT from unknown[1.54.137.58]
Oct 20 15:18:08 postfix postfix/smtpd[39306]: disconnect from unknown[1.54.137.58]
Oct 20 15:18:39 postfix postfix/smtpd[39353]: connect from broadband-46-18-200-178.clients.kubtel.ru[46.18.200.178]
Oct 20 15:18:39 postfix policyd-spf[39355]: Fail; identity=helo; client-ip=46.18.200.178; helo=authventress.in; envelope-from=meticulouslyz@authventress.in; receiver=ov@acoustic.ru 
Oct 20 15:18:39 postfix postfix/smtpd[39353]: NOQUEUE: reject: RCPT from broadband-46-18-200-178.clients.kubtel.ru[46.18.200.178]: 550 5.7.1 <ov@acoustic.ru>: Recipient address rejected: Message rejected due to: SPF fail - not authorized. Please see http://www.openspf.net/Why?s=helo;id=authventress.in;ip=46.18.200.178;r=ov@acoustic.ru; from=<meticulouslyz@authventress.in> to=<ov@acoustic.ru> proto=ESMTP helo=<authventress.in>
Oct 20 15:18:39 postfix postfix/smtpd[39353]: disconnect from broadband-46-18-200-178.clients.kubtel.ru[46.18.200.178]
Oct 20 15:18:44 postfix postfix/smtpd[39349]: connect from unknown[106.215.69.54]
Oct 20 15:18:45 postfix postfix/smtpd[39349]: NOQUEUE: reject: RCPT from unknown[106.215.69.54]: 450 4.7.1 Client host rejected: cannot find your hostname, [106.215.69.54]; from=<macons3@authventress.in> to=<oleg.chernobrovkin@acoustic.ru> proto=ESMTP helo=<authventress.in>
Oct 20 15:18:45 postfix postfix/smtpd[39349]: NOQUEUE: reject: RCPT from unknown[106.215.69.54]: 450 4.7.1 Client host rejected: cannot find your hostname, [106.215.69.54]; from=<macons3@authventress.in> to=<olga.fedorova@acoustic.ru> proto=ESMTP helo=<authventress.in>
Oct 20 15:18:45 postfix postfix/smtpd[39349]: NOQUEUE: reject: RCPT from unknown[106.215.69.54]: 450 4.7.1 Client host rejected: cannot find your hostname, [106.215.69.54]; from=<macons3@authventress.in> to=<olga.garbera@acoustic.ru> proto=ESMTP helo=<authventress.in>
Oct 20 15:18:45 postfix postfix/smtpd[39349]: NOQUEUE: reject: RCPT from unknown[106.215.69.54]: 450 4.7.1 Client host rejected: cannot find your hostname, [106.215.69.54]; from=<macons3@authventress.in> to=<olga.polupanova@acoustic.ru> proto=ESMTP helo=<authventress.in>
Oct 20 15:18:45 postfix postfix/smtpd[39349]: NOQUEUE: reject: RCPT from unknown[106.215.69.54]: 450 4.7.1 Client host rejected: cannot find your hostname, [106.215.69.54]; from=<macons3@authventress.in> to=<olga.starchikova@acoustic.ru> proto=ESMTP helo=<authventress.in>
Oct 20 15:18:45 postfix postfix/smtpd[39349]: NOQUEUE: reject: RCPT from unknown[106.215.69.54]: 450 4.7.1 Client host rejected: cannot find your hostname, [106.215.69.54]; from=<macons3@authventress.in> to=<olskaya@acoustic.ru> proto=ESMTP helo=<authventress.in>
Oct 20 15:18:46 postfix postfix/smtpd[39349]: lost connection after DATA from unknown[106.215.69.54]
Oct 20 15:18:46 postfix postfix/smtpd[39349]: disconnect from unknown[106.215.69.54]
Oct 20 15:19:04 postfix postfix/smtpd[39306]: warning: hostname lh25873.voxility.net does not resolve to address 93.115.86.170: Name or service not known
Oct 20 15:19:04 postfix postfix/smtpd[39306]: connect from unknown[93.115.86.170]
Oct 20 15:19:04 postfix postfix/smtpd[39306]: NOQUEUE: reject: RCPT from unknown[93.115.86.170]: 450 4.7.1 Client host rejected: cannot find your hostname, [93.115.86.170]; from=<volsmu@nefcap.dol.ru> to=<spb@acoustic.ru> proto=ESMTP helo=<LH25873.voxility.net>
Oct 20 15:19:04 postfix postfix/smtpd[39306]: disconnect from unknown[93.115.86.170]
Oct 20 15:19:42 postfix postfix/postmap[39377]: warning: /etc/postfix/main.cf: logical line must not start with whitespace: "    check_sender_access  hash:..."
Oct 20 15:19:42 postfix postfix/postmap[39377]: warning: whitelist, line 1: expected format: key whitespace value
Oct 20 15:19:53 postfix postfix/smtpd[39353]: connect from unknown[84.17.0.17]
Oct 20 15:19:53 postfix postfix/smtpd[39353]: NOQUEUE: reject: RCPT from unknown[84.17.0.17]: 450 4.7.1 Client host rejected: cannot find your hostname, [84.17.0.17]; from=<hmycs@giochipc.org> to=<butrin@dekotech.ru> proto=SMTP helo=<WIN-9GQUIJB49OB>
Oct 20 15:19:53 postfix postfix/smtpd[39353]: NOQUEUE: reject: RCPT from unknown[84.17.0.17]: 450 4.7.1 Client host rejected: cannot find your hostname, [84.17.0.17]; from=<hmycs@giochipc.org> to=<cleanroom@dekotech.ru> proto=SMTP helo=<WIN-9GQUIJB49OB>
Oct 20 15:19:53 postfix postfix/smtpd[39353]: disconnect from unknown[84.17.0.17]
Oct 20 15:20:13 postfix postfix/postmap[39379]: warning: /etc/postfix/main.cf: logical line must not start with whitespace: "    check_sender_access hash:/..."
Oct 20 15:20:13 postfix postfix/postmap[39379]: warning: whitelist, line 1: expected format: key whitespace value
Oct 20 15:20:26 postfix postfix/smtpd[39306]: connect from many-prodat.ru[62.109.31.186]
Oct 20 15:20:26 postfix postfix/trivial-rewrite[39380]: warning: /etc/postfix/main.cf: logical line must not start with whitespace: "    check_sender_access hash:/..."
Oct 20 15:20:26 postfix policyd-spf[39381]: Softfail; identity=helo; client-ip=62.109.31.186; helo=mismany.ru; envelope-from=info@many-prodat.ru; receiver=stepan.runchev@acoustic.ru 
Oct 20 15:20:26 postfix postfix/smtpd[39306]: NOQUEUE: reject: RCPT from many-prodat.ru[62.109.31.186]: 550 5.7.1 <stepan.runchev@acoustic.ru>: Recipient address rejected: Message rejected due to: domain owner discourages use of this host. Please see http://www.openspf.net/Why?s=helo;id=mismany.ru;ip=62.109.31.186;r=stepan.runchev@acoustic.ru; from=<info@many-prodat.ru> to=<stepan.runchev@acoustic.ru> proto=ESMTP helo=<mismany.ru>
Oct 20 15:20:26 postfix postfix/smtpd[39306]: disconnect from many-prodat.ru[62.109.31.186]
Oct 20 15:20:35 postfix postfix/smtpd[39353]: connect from mail-ie0-f177.google.com[209.85.223.177]
Oct 20 15:20:36 postfix policyd-spf[39355]: None; identity=helo; client-ip=209.85.223.177; helo=mail-ie0-f177.google.com; envelope-from=pochta2id@gmail.com; receiver=ilya.domyshev@acoustic.ru 
Oct 20 15:20:36 postfix policyd-spf[39355]: Pass; identity=mailfrom; client-ip=209.85.223.177; helo=mail-ie0-f177.google.com; envelope-from=pochta2id@gmail.com; receiver=ilya.domyshev@acoustic.ru 
Oct 20 15:20:36 postfix postfix/cleanup[39382]: warning: /etc/postfix/main.cf: logical line must not start with whitespace: "    check_sender_access hash:/..."
Oct 20 15:20:36 postfix postfix/smtpd[39353]: 83F692C046B: client=mail-ie0-f177.google.com[209.85.223.177]
Oct 20 15:20:36 postfix postfix/cleanup[39382]: 83F692C046B: message-id=<CAPD=oaho-q_FZyLrN4aZMgSjinZy_zXT9ue0XiLPN1NeXM_cuQ@mail.gmail.com>
Oct 20 15:20:36 postfix postfix/qmgr[39299]: 83F692C046B: from=<pochta2id@gmail.com>, size=2593, nrcpt=1 (queue active)
Oct 20 15:20:36 postfix postfix/smtp[39383]: warning: /etc/postfix/main.cf: logical line must not start with whitespace: "    check_sender_access hash:/..."
Oct 20 15:20:37 postfix postfix/smtpd[39353]: disconnect from mail-ie0-f177.google.com[209.85.223.177]
Oct 20 15:20:37 postfix postfix/smtp[39383]: 83F692C046B: to=<ilya.domyshev@acoustic.ru>, relay=192.168.10.8[192.168.10.8]:25, delay=0.78, delays=0.6/0.01/0/0.17, dsn=2.6.0, status=sent (250 2.6.0 <CAPD=oaho-q_FZyLrN4aZMgSjinZy_zXT9ue0XiLPN1NeXM_cuQ@mail.gmail.com> [InternalId=614595] Queued mail for delivery)
Oct 20 15:20:37 postfix postfix/qmgr[39299]: 83F692C046B: removed
Oct 20 15:20:53 postfix postfix/smtpd[39306]: warning: hostname static-6.198.93.111-tataidc.co.in does not resolve to address 111.93.198.6
Oct 20 15:20:53 postfix postfix/smtpd[39306]: connect from unknown[111.93.198.6]
Oct 20 15:20:54 postfix postfix/smtpd[39306]: NOQUEUE: reject: RCPT from unknown[111.93.198.6]: 450 4.7.1 Client host rejected: cannot find your hostname, [111.93.198.6]; from=<dyeu@authventress.in> to=<pl@dekotech.ru> proto=ESMTP helo=<authventress.in>
Oct 20 15:20:54 postfix postfix/smtpd[39306]: lost connection after DATA from unknown[111.93.198.6]
Oct 20 15:20:54 postfix postfix/smtpd[39306]: disconnect from unknown[111.93.198.6]
Oct 20 15:21:00 postfix postfix/smtpd[39353]: warning: hostname 171-25-188-32.dynamic.pool.amtmgts.ru does not resolve to address 171.25.188.32: Name or service not known
Oct 20 15:21:00 postfix postfix/smtpd[39353]: connect from unknown[171.25.188.32]
Oct 20 15:21:00 postfix postfix/smtpd[39353]: NOQUEUE: reject: RCPT from unknown[171.25.188.32]: 450 4.7.1 Client host rejected: cannot find your hostname, [171.25.188.32]; from=<nikitinen@yahoo.com> to=<vladimir.drevetsky@acoustic.ru> proto=SMTP helo=<171-25-188-32.dynamic.pool.amtmgts.ru>
Oct 20 15:21:00 postfix postfix/smtpd[39353]: lost connection after RCPT from unknown[171.25.188.32]
Oct 20 15:21:00 postfix postfix/smtpd[39353]: disconnect from unknown[171.25.188.32]
Oct 20 15:21:03 postfix postfix/smtpd[39306]: connect from unknown[78.153.150.207]
Oct 20 15:21:04 postfix postfix/smtpd[39306]: NOQUEUE: reject: RCPT from unknown[78.153.150.207]: 450 4.7.1 Client host rejected: cannot find your hostname, [78.153.150.207]; from=<webmaster@ruxbossprivate2.com> to=<butrin@dekotech.ru> proto=ESMTP helo=<ruxbossprivate2.com>
Oct 20 15:21:04 postfix postfix/smtpd[39306]: disconnect from unknown[78.153.150.207]
Oct 20 15:21:11 postfix postfix/smtpd[39353]: warning: hostname 91.231.86.114.ip.ukrnames.com does not resolve to address 91.231.86.114: Name or service not known
Oct 20 15:21:11 postfix postfix/smtpd[39353]: connect from unknown[91.231.86.114]
Oct 20 15:21:11 postfix postfix/smtpd[39353]: NOQUEUE: reject: RCPT from unknown[91.231.86.114]: 450 4.7.1 Client host rejected: cannot find your hostname, [91.231.86.114]; from=<tomoyhulyd@nikse.in.ua> to=<kiev@acoustic.ru> proto=ESMTP helo=<mail.nikse.in.ua>
Oct 20 15:21:11 postfix postfix/smtpd[39353]: disconnect from unknown[91.231.86.114]
Oct 20 15:21:16 postfix postfix/smtpd[39306]: connect from unknown[37.105.6.74]
Oct 20 15:21:28 postfix postfix/smtpd[39306]: NOQUEUE: reject: RCPT from unknown[37.105.6.74]: 450 4.7.1 Client host rejected: cannot find your hostname, [37.105.6.74]; from=<waxiestu997@authventress.in> to=<pin@dekotech.ru> proto=ESMTP helo=<authventress.in>
Oct 20 15:21:29 postfix postfix/smtpd[39306]: lost connection after DATA from unknown[37.105.6.74]
Oct 20 15:21:29 postfix postfix/smtpd[39306]: disconnect from unknown[37.105.6.74]
Oct 20 15:21:30 postfix postfix/postmap[39385]: warning: /etc/postfix/main.cf: logical line must not start with whitespace: "    check_sender_access hash:/..."
Oct 20 15:21:30 postfix postfix/postmap[39385]: warning: whitelist, line 1: expected format: key whitespace value
Oct 20 15:21:34 postfix postfix/anvil[39303]: statistics: max connection rate 2/60s for (smtp:192.109.148.33) at Oct 20 15:13:38
Oct 20 15:21:34 postfix postfix/anvil[39303]: statistics: max connection count 1 for (smtp:5.62.91.33) at Oct 20 15:12:23
Oct 20 15:21:34 postfix postfix/anvil[39303]: statistics: max cache size 7 at Oct 20 15:21:16
Oct 20 15:22:04 postfix postfix/postmap[39387]: warning: /etc/postfix/main.cf: logical line must not start with whitespace: "    check_sender_access?hash:/..."
Oct 20 15:22:04 postfix postfix/postmap[39387]: warning: whitelist, line 1: expected format: key whitespace value
Oct 20 15:22:08 postfix postfix/smtpd[39353]: connect from unknown[177.47.99.207]
Oct 20 15:22:40 postfix postfix/smtpd[39353]: lost connection after CONNECT from unknown[177.47.99.207]
Oct 20 15:22:40 postfix postfix/smtpd[39353]: disconnect from unknown[177.47.99.207]
Oct 20 15:22:48 postfix postfix/smtpd[39306]: connect from mail4.saint-gobain.com[77.158.16.73]
Oct 20 15:22:49 postfix policyd-spf[39381]: None; identity=helo; client-ip=77.158.16.73; helo=mail4.saint-gobain.com; envelope-from=elena.sidorova@saint-gobain.com; receiver=nataly.ushakova@acoustic.ru 
Oct 20 15:22:49 postfix policyd-spf[39381]: None; identity=mailfrom; client-ip=77.158.16.73; helo=mail4.saint-gobain.com; envelope-from=elena.sidorova@saint-gobain.com; receiver=nataly.ushakova@acoustic.ru 
Oct 20 15:22:49 postfix postfix/cleanup[39389]: warning: /etc/postfix/main.cf: logical line must not start with whitespace: "    check_sender_access?hash:/..."
Oct 20 15:22:49 postfix postfix/smtpd[39306]: 1C62F2C046B: client=mail4.saint-gobain.com[77.158.16.73]
Oct 20 15:22:50 postfix postfix/cleanup[39389]: 1C62F2C046B: message-id=<BAE754782F6F2A40A773D49C3613885F3231F814@EXMB1EU15.za.if.atcsg.net>
Oct 20 15:22:50 postfix postfix/qmgr[39299]: 1C62F2C046B: from=<Elena.Sidorova@saint-gobain.com>, size=37387, nrcpt=1 (queue active)
Oct 20 15:22:50 postfix postfix/smtp[39390]: warning: /etc/postfix/main.cf: logical line must not start with whitespace: "    check_sender_access?hash:/..."
Oct 20 15:22:50 postfix postfix/smtp[39390]: 1C62F2C046B: to=<Nataly.Ushakova@acoustic.ru>, relay=192.168.10.8[192.168.10.8]:25, delay=1.4, delays=1.1/0.01/0/0.24, dsn=2.6.0, status=sent (250 2.6.0 <BAE754782F6F2A40A773D49C3613885F3231F814@EXMB1EU15.za.if.atcsg.net> [InternalId=614604] Queued mail for delivery)
Oct 20 15:22:50 postfix postfix/qmgr[39299]: 1C62F2C046B: removed
Oct 20 15:22:55 postfix postfix/smtpd[39306]: disconnect from mail4.saint-gobain.com[77.158.16.73]
Oct 20 15:23:09 postfix postfix/smtpd[39353]: connect from mail4.saint-gobain.com[77.158.16.73]
Oct 20 15:23:09 postfix policyd-spf[39355]: None; identity=helo; client-ip=77.158.16.73; helo=mail4.saint-gobain.com; envelope-from=cs.sgcp.rus@saint-gobain.com; receiver=gena.baev@acoustic.ru 
Oct 20 15:23:09 postfix policyd-spf[39355]: None; identity=mailfrom; client-ip=77.158.16.73; helo=mail4.saint-gobain.com; envelope-from=cs.sgcp.rus@saint-gobain.com; receiver=gena.baev@acoustic.ru 
Oct 20 15:23:09 postfix postfix/smtpd[39353]: 9885F2C046B: client=mail4.saint-gobain.com[77.158.16.73]
Oct 20 15:23:10 postfix postfix/cleanup[39389]: 9885F2C046B: message-id=<8688.7904.1349480.1413804143.873.0@Domain>
Oct 20 15:23:10 postfix postfix/qmgr[39299]: 9885F2C046B: from=<cs.sgcp.rus@saint-gobain.com>, size=79971, nrcpt=3 (queue active)
Oct 20 15:23:11 postfix postfix/smtp[39390]: 9885F2C046B: to=<Gena.Baev@acoustic.ru>, relay=192.168.10.8[192.168.10.8]:25, delay=1.8, delays=1.4/0/0/0.39, dsn=2.6.0, status=sent (250 2.6.0 <8688.7904.1349480.1413804143.873.0@Domain> [InternalId=614605] Queued mail for delivery)
Oct 20 15:23:11 postfix postfix/smtp[39390]: 9885F2C046B: to=<nataly.ushakova@acoustic.ru>, relay=192.168.10.8[192.168.10.8]:25, delay=1.8, delays=1.4/0/0/0.39, dsn=2.6.0, status=sent (250 2.6.0 <8688.7904.1349480.1413804143.873.0@Domain> [InternalId=614605] Queued mail for delivery)
Oct 20 15:23:11 postfix postfix/smtp[39390]: 9885F2C046B: to=<sergey.karataev@acoustic.ru>, relay=192.168.10.8[192.168.10.8]:25, delay=1.8, delays=1.4/0/0/0.39, dsn=2.6.0, status=sent (250 2.6.0 <8688.7904.1349480.1413804143.873.0@Domain> [InternalId=614605] Queued mail for delivery)
Oct 20 15:23:11 postfix postfix/qmgr[39299]: 9885F2C046B: removed
Oct 20 15:23:13 postfix policyd-spf[39355]: None; identity=helo; client-ip=77.158.16.73; helo=mail4.saint-gobain.com; envelope-from=cs.sgcp.rus@saint-gobain.com; receiver=kristina.trofimenko@acoustic.ru 
Oct 20 15:23:13 postfix policyd-spf[39355]: None; identity=mailfrom; client-ip=77.158.16.73; helo=mail4.saint-gobain.com; envelope-from=cs.sgcp.rus@saint-gobain.com; receiver=kristina.trofimenko@acoustic.ru 
Oct 20 15:23:13 postfix postfix/smtpd[39353]: 39F372C046B: client=mail4.saint-gobain.com[77.158.16.73]
Oct 20 15:23:15 postfix postfix/cleanup[39389]: 39F372C046B: message-id=<8688.15120.1349490.1413804147.510.0@Domain>
Oct 20 15:23:15 postfix postfix/qmgr[39299]: 39F372C046B: from=<cs.sgcp.rus@saint-gobain.com>, size=155999, nrcpt=1 (queue active)
Oct 20 15:23:15 postfix postfix/smtp[39390]: 39F372C046B: to=<kristina.trofimenko@acoustic.ru>, relay=192.168.10.8[192.168.10.8]:25, delay=2.3, delays=1.9/0/0/0.42, dsn=2.6.0, status=sent (250 2.6.0 <8688.15120.1349490.1413804147.510.0@Domain> [InternalId=614606] Queued mail for delivery)
Oct 20 15:23:15 postfix postfix/qmgr[39299]: 39F372C046B: removed
Oct 20 15:23:15 postfix policyd-spf[39355]: None; identity=helo; client-ip=77.158.16.73; helo=mail4.saint-gobain.com; envelope-from=elena.sidorova@saint-gobain.com; receiver=nataly.ushakova@acoustic.ru 
Oct 20 15:23:15 postfix policyd-spf[39355]: None; identity=mailfrom; client-ip=77.158.16.73; helo=mail4.saint-gobain.com; envelope-from=elena.sidorova@saint-gobain.com; receiver=nataly.ushakova@acoustic.ru 
Oct 20 15:23:15 postfix postfix/smtpd[39353]: C2A922C046B: client=mail4.saint-gobain.com[77.158.16.73]
Oct 20 15:23:16 postfix postfix/cleanup[39389]: C2A922C046B: message-id=<BAE754782F6F2A40A773D49C3613885F3231F827@EXMB1EU15.za.if.atcsg.net>
Oct 20 15:23:16 postfix postfix/qmgr[39299]: C2A922C046B: from=<Elena.Sidorova@saint-gobain.com>, size=24320, nrcpt=1 (queue active)
Oct 20 15:23:16 postfix postfix/smtp[39390]: C2A922C046B: to=<Nataly.Ushakova@acoustic.ru>, relay=192.168.10.8[192.168.10.8]:25, delay=0.74, delays=0.53/0/0/0.21, dsn=2.6.0, status=sent (250 2.6.0 <BAE754782F6F2A40A773D49C3613885F3231F827@EXMB1EU15.za.if.atcsg.net> [InternalId=614609] Queued mail for delivery)
Oct 20 15:23:16 postfix postfix/qmgr[39299]: C2A922C046B: removed
Oct 20 15:23:21 postfix postfix/smtpd[39306]: connect from unknown[217.12.207.137]
Oct 20 15:23:21 postfix postfix/smtpd[39353]: disconnect from mail4.saint-gobain.com[77.158.16.73]
Oct 20 15:23:21 postfix postfix/smtpd[39306]: NOQUEUE: reject: RCPT from unknown[217.12.207.137]: 450 4.7.1 Client host rejected: cannot find your hostname, [217.12.207.137]; from=<nemassur@yandex.ru> to=<dmitry.getman@acoustic.ru> proto=ESMTP helo=<ronnisdvcdf.ru>
Oct 20 15:23:31 postfix postfix/smtpd[39353]: connect from forward20.mail.yandex.net[95.108.253.145]
Oct 20 15:23:31 postfix policyd-spf[39355]: None; identity=helo; client-ip=95.108.253.145; helo=forward20.mail.yandex.net; envelope-from=info-amega@yandex.ru; receiver=regina.arzamazova@acoustic.ru 
Oct 20 15:23:31 postfix policyd-spf[39355]: Pass; identity=mailfrom; client-ip=95.108.253.145; helo=forward20.mail.yandex.net; envelope-from=info-amega@yandex.ru; receiver=regina.arzamazova@acoustic.ru 
Oct 20 15:23:31 postfix postfix/smtpd[39353]: 495CA2C046B: client=forward20.mail.yandex.net[95.108.253.145]
Oct 20 15:23:31 postfix postfix/cleanup[39389]: 495CA2C046B: message-id=<1171801413804165@web4g.yandex.ru>
Oct 20 15:23:31 postfix postfix/qmgr[39299]: 495CA2C046B: from=<info-amega@yandex.ru>, size=26714, nrcpt=1 (queue active)
Oct 20 15:23:31 postfix postfix/smtpd[39353]: disconnect from forward20.mail.yandex.net[95.108.253.145]
Oct 20 15:23:31 postfix postfix/smtp[39390]: 495CA2C046B: to=<regina.arzamazova@acoustic.ru>, relay=192.168.10.8[192.168.10.8]:25, delay=0.39, delays=0.09/0/0/0.29, dsn=2.6.0, status=sent (250 2.6.0 <1171801413804165@web4g.yandex.ru> [InternalId=614610] Queued mail for delivery)
Oct 20 15:23:31 postfix postfix/qmgr[39299]: 495CA2C046B: removed
Oct 20 15:23:42 postfix postfix/smtpd[39353]: connect from v119830.vps.mcdir.ru[178.208.82.41]
Oct 20 15:23:42 postfix policyd-spf[39355]: None; identity=helo; client-ip=178.208.82.41; helo=v119830.vps.mcdir.ru; envelope-from=info@alleged.ru; receiver=kiev@acoustic.ru 
Oct 20 15:23:42 postfix policyd-spf[39355]: Softfail; identity=mailfrom; client-ip=178.208.82.41; helo=v119830.vps.mcdir.ru; envelope-from=info@alleged.ru; receiver=kiev@acoustic.ru 
Oct 20 15:23:42 postfix postfix/smtpd[39353]: C98792C046B: client=v119830.vps.mcdir.ru[178.208.82.41]
Oct 20 15:23:42 postfix postfix/cleanup[39389]: C98792C046B: message-id=<0053071333.241649425@alleged.ru>
Oct 20 15:23:42 postfix postfix/qmgr[39299]: C98792C046B: from=<info@alleged.ru>, size=23347, nrcpt=1 (queue active)
Oct 20 15:23:43 postfix postfix/smtpd[39353]: disconnect from v119830.vps.mcdir.ru[178.208.82.41]
Oct 20 15:23:43 postfix postfix/smtp[39390]: C98792C046B: to=<kiev@acoustic.ru>, relay=192.168.10.8[192.168.10.8]:25, delay=0.45, delays=0.22/0/0/0.22, dsn=2.6.0, status=sent (250 2.6.0 <0053071333.241649425@alleged.ru> [InternalId=614613] Queued mail for delivery)
Oct 20 15:23:43 postfix postfix/qmgr[39299]: C98792C046B: removed
Oct 20 15:23:58 postfix postfix/smtpd[39353]: connect from maile-aa.linkedin.com[108.174.3.193]
Oct 20 15:23:59 postfix policyd-spf[39355]: Pass; identity=helo; client-ip=108.174.3.193; helo=maile-aa.linkedin.com; envelope-from=s-50ys6esyhpnx0qghydyuvlbv57ddnwb6e2z7skhfsi2xv0g2ku7sy1it@bounce.linkedin.com; receiver=daniil.kursky@acoustic.ru 
Oct 20 15:23:59 postfix policyd-spf[39355]: Pass; identity=mailfrom; client-ip=108.174.3.193; helo=maile-aa.linkedin.com; envelope-from=s-50ys6esyhpnx0qghydyuvlbv57ddnwb6e2z7skhfsi2xv0g2ku7sy1it@bounce.linkedin.com; receiver=daniil.kursky@acoustic.ru 
Oct 20 15:23:59 postfix postfix/smtpd[39353]: 66AFD2C046B: client=maile-aa.linkedin.com[108.174.3.193]
Oct 20 15:23:59 postfix postfix/cleanup[39389]: 66AFD2C046B: message-id=<1641332432.1875550.1413804192499.JavaMail.app@ela4-app7774.prod>
Oct 20 15:24:00 postfix postfix/qmgr[39299]: 66AFD2C046B: from=<s-50ys6esyhpnx0qghydyuvlbv57ddnwb6e2z7skhfsi2xv0g2ku7sy1it@bounce.linkedin.com>, size=103020, nrcpt=1 (queue active)
Oct 20 15:24:00 postfix postfix/smtp[39390]: 66AFD2C046B: to=<daniil.kursky@acoustic.ru>, relay=192.168.10.8[192.168.10.8]:25, delay=1.3, delays=1.1/0/0/0.23, dsn=2.6.0, status=sent (250 2.6.0 <1641332432.1875550.1413804192499.JavaMail.app@ela4-app7774.prod> [InternalId=614614] Queued mail for delivery)
Oct 20 15:24:00 postfix postfix/qmgr[39299]: 66AFD2C046B: removed
Oct 20 15:24:01 postfix postfix/smtpd[39391]: warning: /etc/postfix/main.cf: logical line must not start with whitespace: "    check_sender_access?hash:/..."
Oct 20 15:24:01 postfix postfix/smtpd[39391]: connect from unknown[185.16.40.83]
Oct 20 15:24:02 postfix postfix/smtpd[39391]: NOQUEUE: reject: RCPT from unknown[185.16.40.83]: 450 4.7.1 Client host rejected: cannot find your hostname, [185.16.40.83]; from=<SMhzuQdbpUK@mail.ru> to=<spb@acoustic.ru> proto=ESMTP helo=<mail.iredmail.org>
Oct 20 15:24:02 postfix postfix/smtpd[39391]: disconnect from unknown[185.16.40.83]
Oct 20 15:24:05 postfix postfix/smtpd[39353]: disconnect from maile-aa.linkedin.com[108.174.3.193]
Oct 20 15:24:19 postfix postfix/smtpd[39391]: connect from forward5o.mail.yandex.net[37.140.190.34]
Oct 20 15:24:19 postfix postfix/spawn[39392]: warning: /etc/postfix/main.cf: logical line must not start with whitespace: "    check_sender_access?hash:/..."
Oct 20 15:24:19 postfix policyd-spf[39393]: None; identity=helo; client-ip=37.140.190.34; helo=forward5o.mail.yandex.net; envelope-from=os-mets@yandex.ru; receiver=sales@acoustic.ru 
Oct 20 15:24:19 postfix policyd-spf[39393]: Pass; identity=mailfrom; client-ip=37.140.190.34; helo=forward5o.mail.yandex.net; envelope-from=os-mets@yandex.ru; receiver=sales@acoustic.ru 
Oct 20 15:24:19 postfix postfix/smtpd[39391]: C6A162C046B: client=forward5o.mail.yandex.net[37.140.190.34]
Oct 20 15:24:19 postfix postfix/cleanup[39389]: C6A162C046B: message-id=<4843111413804211@web19o.yandex.ru>
Oct 20 15:24:20 postfix postfix/qmgr[39299]: C6A162C046B: from=<os-mets@yandex.ru>, size=364237, nrcpt=1 (queue active)
Oct 20 15:24:20 postfix postfix/smtpd[39391]: disconnect from forward5o.mail.yandex.net[37.140.190.34]
Oct 20 15:24:20 postfix postfix/smtp[39390]: C6A162C046B: to=<sales@acoustic.ru>, relay=192.168.10.8[192.168.10.8]:25, delay=0.8, delays=0.52/0/0/0.27, dsn=2.6.0, status=sent (250 2.6.0 <4843111413804211@web19o.yandex.ru> [InternalId=614617] Queued mail for delivery)
Oct 20 15:24:20 postfix postfix/qmgr[39299]: C6A162C046B: removed
Oct 20 15:24:51 postfix postfix/smtpd[39353]: connect from stark.olsc.org[198.245.62.141]
Oct 20 15:24:51 postfix policyd-spf[39355]: None; identity=helo; client-ip=198.245.62.141; helo=olsc.org; envelope-from=ulanta@panalpina.ru; receiver=sales@acoustic.ru 
Oct 20 15:24:52 postfix policyd-spf[39355]: None; identity=mailfrom; client-ip=198.245.62.141; helo=olsc.org; envelope-from=ulanta@panalpina.ru; receiver=sales@acoustic.ru 
Oct 20 15:24:52 postfix postfix/smtpd[39353]: 4774A2C046B: client=stark.olsc.org[198.245.62.141]
Oct 20 15:24:53 postfix postfix/cleanup[39389]: 4774A2C046B: message-id=<6366D083885C73F02C2960DCC829BE56@ozozjr>
Oct 20 15:24:53 postfix postfix/qmgr[39299]: 4774A2C046B: from=<ulanta@panalpina.ru>, size=740853, nrcpt=1 (queue active)
Oct 20 15:24:53 postfix postfix/smtpd[39353]: disconnect from stark.olsc.org[198.245.62.141]
Oct 20 15:24:54 postfix postfix/smtp[39390]: 4774A2C046B: to=<sales@acoustic.ru>, relay=192.168.10.8[192.168.10.8]:25, delay=2.3, delays=2/0/0/0.36, dsn=2.6.0, status=sent (250 2.6.0 <6366D083885C73F02C2960DCC829BE56@ozozjr> [InternalId=614620] Queued mail for delivery)
Oct 20 15:24:54 postfix postfix/qmgr[39299]: 4774A2C046B: removed
Oct 20 15:24:57 postfix postfix/postmap[39394]: warning: whitelist, line 1: expected format: key whitespace value
Oct 20 15:26:07 postfix postfix/smtpd[39353]: warning: hostname hotel-president.spb.ru does not resolve to address 82.146.42.89
Oct 20 15:26:07 postfix postfix/smtpd[39353]: connect from unknown[82.146.42.89]
Oct 20 15:26:07 postfix postfix/smtpd[39353]: NOQUEUE: reject: RCPT from unknown[82.146.42.89]: 450 4.7.1 Client host rejected: cannot find your hostname, [82.146.42.89]; from=<kapralova-a-m3@bk.ru> to=<stepan.runchev@acoustic.ru> proto=SMTP helo=<mail.acoustic-group.net>
Oct 20 15:26:07 postfix postfix/smtpd[39353]: warning: non-SMTP command from unknown[82.146.42.89]: From: =?utf-8?B?0JDQvdC90LA=?= <kapralova-a-m3@bk.ru>
Oct 20 15:26:07 postfix postfix/smtpd[39353]: disconnect from unknown[82.146.42.89]
Oct 20 15:27:12 postfix postfix/smtpd[39353]: connect from unknown[183.60.143.121]
Oct 20 15:27:15 postfix postfix/smtpd[39353]: NOQUEUE: reject: RCPT from unknown[183.60.143.121]: 450 4.7.1 Client host rejected: cannot find your hostname, [183.60.143.121]; from=<vainakealovu@lenta.ru> to=<hpl@dekotech.ru> proto=SMTP helo=<Unknown>
Oct 20 15:27:18 postfix postfix/smtpd[39353]: lost connection after RCPT from unknown[183.60.143.121]
Oct 20 15:27:18 postfix postfix/smtpd[39353]: disconnect from unknown[183.60.143.121]
Oct 20 15:27:52 postfix postfix/smtpd[39353]: connect from unknown[87.101.186.106]
Oct 20 15:27:52 postfix postfix/smtpd[39353]: NOQUEUE: reject: RCPT from unknown[87.101.186.106]: 450 4.7.1 Client host rejected: cannot find your hostname, [87.101.186.106]; from=<picklesj@authventress.in> to=<saratov@acoustic.ru> proto=ESMTP helo=<authventress.in>
Oct 20 15:27:52 postfix postfix/smtpd[39353]: NOQUEUE: reject: RCPT from unknown[87.101.186.106]: 450 4.7.1 Client host rejected: cannot find your hostname, [87.101.186.106]; from=<picklesj@authventress.in> to=<sales@acoustic.ru> proto=ESMTP helo=<authventress.in>
