Oct 20 15:36:45 postfix policyd-spf[39422]: Pass; identity=mailfrom; client-ip=94.100.178.202; helo=f158.i.mail.ru; envelope-from=daiv70@mail.ru; receiver=danil.abutov@acoustic.ru 
Oct 20 15:36:45 postfix postfix/smtpd[39418]: D76CE2C046B: client=f158.i.mail.ru[94.100.178.202]
Oct 20 15:36:45 postfix postfix/cleanup[39413]: D76CE2C046B: message-id=<1413804959.464575700@f158.i.mail.ru>
Oct 20 15:36:46 postfix postfix/qmgr[39299]: D76CE2C046B: from=<daiv70@mail.ru>, size=268427, nrcpt=1 (queue active)
Oct 20 15:36:46 postfix postfix/smtp[39414]: D76CE2C046B: to=<danil.abutov@acoustic.ru>, relay=192.168.10.8[192.168.10.8]:25, delay=0.46, delays=0.19/0/0/0.26, dsn=2.6.0, status=sent (250 2.6.0 <1413804959.464575700@f158.i.mail.ru> [InternalId=614658] Queued mail for delivery)
Oct 20 15:36:46 postfix postfix/qmgr[39299]: D76CE2C046B: removed
Oct 20 15:36:47 postfix postfix/smtpd[39418]: disconnect from f158.i.mail.ru[94.100.178.202]
Oct 20 15:36:48 postfix postfix/smtpd[39306]: connect from hivede2-533.fornex.org[212.224.112.67]
Oct 20 15:36:48 postfix policyd-spf[39419]: None; identity=helo; client-ip=212.224.112.67; helo=mail.acoustic-group.net; envelope-from=kurdina-e_n@list.ru; receiver=ilnur.basharov@acoustic.ru 
Oct 20 15:36:48 postfix policyd-spf[39419]: Softfail; identity=mailfrom; client-ip=212.224.112.67; helo=mail.acoustic-group.net; envelope-from=kurdina-e_n@list.ru; receiver=ilnur.basharov@acoustic.ru 
Oct 20 15:36:48 postfix postfix/smtpd[39306]: 5C2BC2C046B: client=hivede2-533.fornex.org[212.224.112.67]
Oct 20 15:36:49 postfix postfix/cleanup[39413]: 5C2BC2C046B: message-id=589999e7265e5de5400a83560487f2cf@list.ru
Oct 20 15:36:49 postfix postfix/qmgr[39299]: 5C2BC2C046B: from=<kurdina-e_n@list.ru>, size=1947, nrcpt=1 (queue active)
Oct 20 15:36:49 postfix postfix/smtpd[39306]: disconnect from hivede2-533.fornex.org[212.224.112.67]
Oct 20 15:36:49 postfix postfix/smtpd[39353]: connect from hivede2-533.fornex.org[212.224.112.67]
Oct 20 15:36:49 postfix postfix/smtp[39414]: 5C2BC2C046B: to=<ilnur.basharov@acoustic.ru>, relay=192.168.10.8[192.168.10.8]:25, delay=1.5, delays=1.3/0/0/0.23, dsn=2.6.0, status=sent (250 2.6.0 <589999e7265e5de5400a83560487f2cf@list.ru> [InternalId=614659] Queued mail for delivery)
Oct 20 15:36:49 postfix postfix/qmgr[39299]: 5C2BC2C046B: removed
Oct 20 15:36:49 postfix postfix/smtpd[39353]: NOQUEUE: reject: RCPT from hivede2-533.fornex.org[212.224.112.67]: 554 5.7.1 <heaklfpuvl@tguphtwmail.ru>: Relay access denied; from=<kurdina-e.n@mail.ru> to=<heaklfpuvl@tguphtwmail.ru> proto=SMTP helo=<mail.acoustic-group.net>
Oct 20 15:36:49 postfix postfix/smtpd[39353]: warning: non-SMTP command from hivede2-533.fornex.org[212.224.112.67]: From: =?utf-8?B?0JDQs9C10L3RgtGB0YLQstC+?= <kurdina-e.n@mail.ru>
Oct 20 15:36:49 postfix postfix/smtpd[39353]: disconnect from hivede2-533.fornex.org[212.224.112.67]
Oct 20 15:36:57 postfix postfix/smtpd[39405]: connect from 38.72.219.87.dynamic.jazztel.es[87.219.72.38]
Oct 20 15:37:07 postfix postfix/smtpd[39410]: disconnect from unknown[195.91.226.241]
Oct 20 15:37:09 postfix postfix/smtpd[39306]: connect from unknown[195.91.226.241]
Oct 20 15:37:21 postfix policyd-spf[39407]: None; identity=helo; client-ip=87.219.72.38; helo=38.72.219.87.dynamic.jazztel.es; envelope-from=lecherouslymw80@inbox.ru; receiver=martynov@dekotech.ru 
Oct 20 15:37:21 postfix policyd-spf[39407]: Softfail; identity=mailfrom; client-ip=87.219.72.38; helo=38.72.219.87.dynamic.jazztel.es; envelope-from=lecherouslymw80@inbox.ru; receiver=martynov@dekotech.ru 
Oct 20 15:37:21 postfix postfix/smtpd[39405]: 6AFB82C046B: client=38.72.219.87.dynamic.jazztel.es[87.219.72.38]
Oct 20 15:37:32 postfix postfix/cleanup[39413]: 6AFB82C046B: message-id=<213OR0CT838QXOQ242@localhost.localdomain>
Oct 20 15:37:32 postfix postfix/qmgr[39299]: 6AFB82C046B: from=<lecherouslymw80@inbox.ru>, size=7054, nrcpt=1 (queue active)
Oct 20 15:37:33 postfix postfix/smtp[39414]: 6AFB82C046B: to=<martynov@dekotech.ru>, relay=192.168.10.8[192.168.10.8]:25, delay=12, delays=11/0/0/0.92, dsn=2.6.0, status=sent (250 2.6.0 <213OR0CT838QXOQ242@localhost.localdomain> [InternalId=614661] Queued mail for delivery)
Oct 20 15:37:33 postfix postfix/qmgr[39299]: 6AFB82C046B: removed
Oct 20 15:37:34 postfix postfix/smtpd[39306]: NOQUEUE: reject: RCPT from unknown[195.91.226.241]: 450 4.7.1 Client host rejected: cannot find your hostname, [195.91.226.241]; from=<admin@acoustic.ru> to=<ilya.domyshev@acoustic.ru> proto=SMTP helo=<acoustic.ru>
Oct 20 15:37:40 postfix postfix/smtpd[39306]: disconnect from unknown[195.91.226.241]
Oct 20 15:37:47 postfix postfix/smtpd[39418]: connect from expertjobs3.ru[91.200.14.112]
Oct 20 15:37:48 postfix policyd-spf[39422]: Pass; identity=helo; client-ip=91.200.14.112; helo=expertjobs3.ru; envelope-from=webmaster@expertjobs3.ru; receiver=ural@acoustic.ru 
Oct 20 15:37:48 postfix policyd-spf[39422]: Pass; identity=mailfrom; client-ip=91.200.14.112; helo=expertjobs3.ru; envelope-from=webmaster@expertjobs3.ru; receiver=ural@acoustic.ru 
Oct 20 15:37:48 postfix postfix/smtpd[39418]: 705B52C046B: client=expertjobs3.ru[91.200.14.112]
Oct 20 15:37:48 postfix postfix/cleanup[39413]: 705B52C046B: message-id=<CCC97F2C27F3DD6EB2B7FE41E56DD5D9@fctlofm>
Oct 20 15:37:48 postfix postfix/qmgr[39299]: 705B52C046B: from=<webmaster@expertjobs3.ru>, size=7115, nrcpt=1 (queue active)
Oct 20 15:37:48 postfix postfix/smtpd[39418]: disconnect from expertjobs3.ru[91.200.14.112]
Oct 20 15:37:48 postfix postfix/smtp[39414]: 705B52C046B: to=<ural@acoustic.ru>, relay=192.168.10.8[192.168.10.8]:25, delay=0.31, delays=0.09/0/0/0.22, dsn=2.6.0, status=sent (250 2.6.0 <CCC97F2C27F3DD6EB2B7FE41E56DD5D9@fctlofm> [InternalId=614664] Queued mail for delivery)
Oct 20 15:37:48 postfix postfix/qmgr[39299]: 705B52C046B: removed
Oct 20 15:37:59 postfix postfix/smtpd[39410]: warning: hostname host.colocrossing.com does not resolve to address 192.210.238.209
Oct 20 15:37:59 postfix postfix/smtpd[39410]: connect from unknown[192.210.238.209]
Oct 20 15:38:00 postfix postfix/smtpd[39410]: NOQUEUE: reject: RCPT from unknown[192.210.238.209]: 450 4.7.1 Client host rejected: cannot find your hostname, [192.210.238.209]; from=<itm2001@dsk1.ru> to=<sales@acoustic.ru> proto=ESMTP helo=<zhtx201402241.localdomain>
Oct 20 15:38:00 postfix postfix/smtpd[39410]: disconnect from unknown[192.210.238.209]
Oct 20 15:38:09 postfix postfix/smtpd[39353]: connect from unknown[177.47.99.207]
Oct 20 15:38:25 postfix postfix/postfix-script[39431]: refreshing the Postfix mail system
Oct 20 15:38:25 postfix postfix/master[38330]: reload -- version 2.9.6, configuration /etc/postfix
Oct 20 15:38:25 postfix postfix/anvil[39303]: statistics: max connection rate 2/60s for (smtp:95.253.183.14) at Oct 20 15:32:49
Oct 20 15:38:25 postfix postfix/anvil[39303]: statistics: max connection count 2 for (smtp:95.226.254.60) at Oct 20 15:33:32
Oct 20 15:38:25 postfix postfix/anvil[39303]: statistics: max cache size 8 at Oct 20 15:33:03
Oct 20 15:38:31 postfix postfix/smtpd[39437]: connect from unknown[195.91.226.241]
Oct 20 15:38:41 postfix postfix/smtpd[39353]: lost connection after CONNECT from unknown[177.47.99.207]
Oct 20 15:38:41 postfix postfix/smtpd[39353]: disconnect from unknown[177.47.99.207]
Oct 20 15:38:49 postfix postfix/smtpd[39437]: NOQUEUE: reject: RCPT from unknown[195.91.226.241]: 450 4.7.1 Client host rejected: cannot find your hostname, [195.91.226.241]; from=<admin@acoustic.ru> to=<ilya.domyshev@acoustic.ru> proto=SMTP helo=<acoustic.ru>
Oct 20 15:39:18 postfix postfix/smtpd[39453]: connect from BSN-165-96-34.static.dsl.siol.net[194.165.96.34]
Oct 20 15:39:18 postfix postfix/smtpd[39453]: lost connection after CONNECT from BSN-165-96-34.static.dsl.siol.net[194.165.96.34]
Oct 20 15:39:18 postfix postfix/smtpd[39453]: disconnect from BSN-165-96-34.static.dsl.siol.net[194.165.96.34]
Oct 20 15:39:38 postfix postfix/postfix-script[39461]: refreshing the Postfix mail system
Oct 20 15:39:38 postfix postfix/master[38330]: reload -- version 2.9.6, configuration /etc/postfix
Oct 20 15:39:38 postfix postfix/anvil[39439]: statistics: max connection rate 1/60s for (smtp:195.91.226.241) at Oct 20 15:38:31
Oct 20 15:39:38 postfix postfix/anvil[39439]: statistics: max connection count 1 for (smtp:195.91.226.241) at Oct 20 15:38:31
Oct 20 15:39:38 postfix postfix/anvil[39439]: statistics: max cache size 2 at Oct 20 15:39:18
Oct 20 15:39:49 postfix postfix/smtpd[39437]: disconnect from unknown[195.91.226.241]
Oct 20 15:39:53 postfix postfix/smtpd[39468]: connect from f84.i.mail.ru[128.140.169.158]
Oct 20 15:39:53 postfix policyd-spf[39472]: None; identity=helo; client-ip=128.140.169.158; helo=f84.i.mail.ru; envelope-from=capital.snab80@mail.ru; receiver=consulting@acoustic.ru 
Oct 20 15:39:53 postfix policyd-spf[39472]: Pass; identity=mailfrom; client-ip=128.140.169.158; helo=f84.i.mail.ru; envelope-from=capital.snab80@mail.ru; receiver=consulting@acoustic.ru 
Oct 20 15:39:53 postfix postfix/smtpd[39468]: ABE192C046B: client=f84.i.mail.ru[128.140.169.158]
Oct 20 15:39:53 postfix postfix/cleanup[39473]: ABE192C046B: message-id=<1413805146.177725309@f84.i.mail.ru>
Oct 20 15:39:53 postfix postfix/qmgr[39466]: ABE192C046B: from=<capital.snab80@mail.ru>, size=3876, nrcpt=1 (queue active)
Oct 20 15:39:53 postfix postfix/smtpd[39468]: disconnect from f84.i.mail.ru[128.140.169.158]
Oct 20 15:39:53 postfix postfix/smtp[39474]: ABE192C046B: to=<consulting@acoustic.ru>, relay=192.168.10.8[192.168.10.8]:25, delay=0.39, delays=0.15/0.01/0/0.23, dsn=2.6.0, status=sent (250 2.6.0 <1413805146.177725309@f84.i.mail.ru> [InternalId=614672] Queued mail for delivery)
Oct 20 15:39:53 postfix postfix/qmgr[39466]: ABE192C046B: removed
Oct 20 15:39:54 postfix postfix/smtpd[39468]: connect from mx2.tucaas.com[131.207.55.39]
Oct 20 15:39:54 postfix postfix/smtpd[39475]: connect from unknown[195.91.226.241]
Oct 20 15:39:54 postfix policyd-spf[39472]: None; identity=helo; client-ip=131.207.55.39; helo=mx2.tucaas.com; envelope-from=anna.kadykova@paroc.com; receiver=svetlana.eger@acoustic.ru 
Oct 20 15:39:54 postfix policyd-spf[39472]: None; identity=mailfrom; client-ip=131.207.55.39; helo=mx2.tucaas.com; envelope-from=anna.kadykova@paroc.com; receiver=svetlana.eger@acoustic.ru 
Oct 20 15:39:54 postfix postfix/smtpd[39468]: B1B372C046B: client=mx2.tucaas.com[131.207.55.39]
Oct 20 15:39:54 postfix postfix/cleanup[39473]: B1B372C046B: message-id=<14408280A1B9CB41AF456590473E7DF601536C446A@UCAAS-MBX4.pop3.fi>
Oct 20 15:39:55 postfix postfix/qmgr[39466]: B1B372C046B: from=<Anna.Kadykova@paroc.com>, size=163582, nrcpt=1 (queue active)
Oct 20 15:39:55 postfix postfix/smtp[39474]: B1B372C046B: to=<Svetlana.Eger@acoustic.ru>, relay=192.168.10.8[192.168.10.8]:25, delay=0.82, delays=0.49/0/0/0.33, dsn=2.6.0, status=sent (250 2.6.0 <14408280A1B9CB41AF456590473E7DF601536C446A@UCAAS-MBX4.pop3.fi> [InternalId=614673] Queued mail for delivery)
Oct 20 15:39:55 postfix postfix/qmgr[39466]: B1B372C046B: removed
Oct 20 15:39:56 postfix postfix/smtpd[39476]: connect from f332.i.mail.ru[217.69.140.228]
Oct 20 15:39:56 postfix policyd-spf[39478]: None; identity=helo; client-ip=217.69.140.228; helo=f332.i.mail.ru; envelope-from=korn-kazan@mail.ru; receiver=ilnur.basharov@acoustic.ru 
Oct 20 15:39:56 postfix policyd-spf[39478]: Pass; identity=mailfrom; client-ip=217.69.140.228; helo=f332.i.mail.ru; envelope-from=korn-kazan@mail.ru; receiver=ilnur.basharov@acoustic.ru 
Oct 20 15:39:56 postfix postfix/smtpd[39476]: 4E5DF2C046B: client=f332.i.mail.ru[217.69.140.228]
Oct 20 15:39:56 postfix postfix/cleanup[39473]: 4E5DF2C046B: message-id=<1413804905.693150750@f332.i.mail.ru>
Oct 20 15:39:57 postfix postfix/qmgr[39466]: 4E5DF2C046B: from=<korn-kazan@mail.ru>, size=1248956, nrcpt=1 (queue active)
Oct 20 15:39:57 postfix postfix/smtp[39474]: 4E5DF2C046B: to=<ilnur.basharov@acoustic.ru>, relay=192.168.10.8[192.168.10.8]:25, delay=1.4, delays=0.95/0/0/0.43, dsn=2.6.0, status=sent (250 2.6.0 <1413804905.693150750@f332.i.mail.ru> [InternalId=614674] Queued mail for delivery)
Oct 20 15:39:57 postfix postfix/qmgr[39466]: 4E5DF2C046B: removed
Oct 20 15:39:58 postfix postfix/smtpd[39476]: disconnect from f332.i.mail.ru[217.69.140.228]
Oct 20 15:40:00 postfix postfix/smtpd[39468]: disconnect from mx2.tucaas.com[131.207.55.39]
Oct 20 15:40:01 postfix postfix/smtpd[39476]: connect from unknown[94.142.140.189]
Oct 20 15:40:01 postfix postfix/smtpd[39476]: NOQUEUE: reject: RCPT from unknown[94.142.140.189]: 450 4.7.1 Client host rejected: cannot find your hostname, [94.142.140.189]; from=<lamba116@yekazino.biz> to=<sales@acoustic.ru> proto=ESMTP helo=<yekazino.biz>
Oct 20 15:40:01 postfix postfix/smtpd[39476]: disconnect from unknown[94.142.140.189]
Oct 20 15:40:11 postfix postfix/smtpd[39475]: NOQUEUE: reject: RCPT from unknown[195.91.226.241]: 450 4.7.1 Client host rejected: cannot find your hostname, [195.91.226.241]; from=<admin@acoustic.ru> to=<ilya.domyshev@acoustic.ru> proto=SMTP helo=<acoustic.ru>
Oct 20 15:40:15 postfix postfix/smtpd[39475]: disconnect from unknown[195.91.226.241]
Oct 20 15:40:17 postfix postfix/smtpd[39468]: connect from unknown[195.91.226.241]
Oct 20 15:40:51 postfix postfix/smtpd[39475]: connect from p01c11o145.mxlogic.net[208.65.144.68]
Oct 20 15:40:52 postfix policyd-spf[39481]: None; identity=helo; client-ip=208.65.144.68; helo=p01c11o145.mxlogic.net; envelope-from=dkennedy@biasc.org; receiver=moscow@acoustic.ru 
Oct 20 15:40:52 postfix policyd-spf[39481]: Pass; identity=mailfrom; client-ip=208.65.144.68; helo=p01c11o145.mxlogic.net; envelope-from=dkennedy@biasc.org; receiver=moscow@acoustic.ru 
Oct 20 15:40:52 postfix postfix/smtpd[39475]: BA7032C046B: client=p01c11o145.mxlogic.net[208.65.144.68]
Oct 20 15:40:53 postfix postfix/cleanup[39473]: BA7032C046B: message-id=<1f17c137-3399-45d7-bae5-c73fa5add023@EXCH2010.BIASC-DOMAIN.COM>
Oct 20 15:40:53 postfix postfix/qmgr[39466]: BA7032C046B: from=<dkennedy@biasc.org>, size=4355, nrcpt=1 (queue active)
Oct 20 15:40:53 postfix postfix/smtpd[39475]: disconnect from p01c11o145.mxlogic.net[208.65.144.68]
Oct 20 15:40:57 postfix postfix/smtp[39474]: BA7032C046B: to=<moscow@acoustic.ru>, relay=192.168.10.8[192.168.10.8]:25, delay=5.4, delays=1.1/0/0.01/4.3, dsn=2.6.0, status=sent (250 2.6.0 <1f17c137-3399-45d7-bae5-c73fa5add023@EXCH2010.BIASC-DOMAIN.COM> [InternalId=614678] Queued mail for delivery)
Oct 20 15:40:57 postfix postfix/qmgr[39466]: BA7032C046B: removed
Oct 20 15:41:05 postfix postfix/smtpd[39476]: connect from BSN-165-96-34.static.dsl.siol.net[194.165.96.34]
Oct 20 15:41:05 postfix postfix/smtpd[39476]: lost connection after CONNECT from BSN-165-96-34.static.dsl.siol.net[194.165.96.34]
Oct 20 15:41:05 postfix postfix/smtpd[39476]: disconnect from BSN-165-96-34.static.dsl.siol.net[194.165.96.34]
Oct 20 15:41:09 postfix postfix[39482]: warning: /etc/postfix/main.cf: logical line must not start with whitespace: "    check_sender_access hash:/..."
Oct 20 15:41:09 postfix postfix/master[39487]: warning: /etc/postfix/main.cf: logical line must not start with whitespace: "    check_sender_access hash:/..."
Oct 20 15:41:09 postfix postfix/postlog[39488]: warning: /etc/postfix/main.cf: logical line must not start with whitespace: "    check_sender_access hash:/..."
Oct 20 15:41:09 postfix postfix/postfix-script[39488]: refreshing the Postfix mail system
Oct 20 15:41:09 postfix postfix/postsuper[39489]: warning: /etc/postfix/main.cf: logical line must not start with whitespace: "    check_sender_access hash:/..."
Oct 20 15:41:09 postfix postfix/master[38330]: reload -- version 2.9.6, configuration /etc/postfix
Oct 20 15:41:09 postfix postfix/master[38330]: warning: /etc/postfix/main.cf: logical line must not start with whitespace: "    check_sender_access hash:/..."
Oct 20 15:41:09 postfix postfix/anvil[39467]: statistics: max connection rate 2/60s for (smtp:195.91.226.241) at Oct 20 15:40:17
Oct 20 15:41:09 postfix postfix/anvil[39467]: statistics: max connection count 1 for (smtp:128.140.169.158) at Oct 20 15:39:53
Oct 20 15:41:09 postfix postfix/anvil[39467]: statistics: max cache size 6 at Oct 20 15:40:51
Oct 20 15:41:09 postfix postfix/postsuper[39491]: warning: /etc/postfix/main.cf: logical line must not start with whitespace: "    check_sender_access hash:/..."
Oct 20 15:41:09 postfix postfix/qmgr[39493]: warning: /etc/postfix/main.cf: logical line must not start with whitespace: "    check_sender_access hash:/..."
Oct 20 15:41:09 postfix postfix/pickup[39492]: warning: /etc/postfix/main.cf: logical line must not start with whitespace: "    check_sender_access hash:/..."
Oct 20 15:41:42 postfix postfix/postfix-script[39501]: refreshing the Postfix mail system
Oct 20 15:41:42 postfix postfix/master[38330]: reload -- version 2.9.6, configuration /etc/postfix
Oct 20 15:41:47 postfix postfix/smtpd[39507]: connect from forward13.mail.yandex.net[95.108.130.120]
Oct 20 15:41:47 postfix policyd-spf[39512]: None; identity=helo; client-ip=95.108.130.120; helo=forward13.mail.yandex.net; envelope-from=serebranaya@yandex.ru; receiver=tsupin@dekotech.ru 
Oct 20 15:41:47 postfix policyd-spf[39512]: Pass; identity=mailfrom; client-ip=95.108.130.120; helo=forward13.mail.yandex.net; envelope-from=serebranaya@yandex.ru; receiver=tsupin@dekotech.ru 
Oct 20 15:41:47 postfix postfix/smtpd[39507]: D57F12C046B: client=forward13.mail.yandex.net[95.108.130.120]
Oct 20 15:41:47 postfix postfix/cleanup[39513]: D57F12C046B: message-id=<1814061413805260@web9j.yandex.ru>
Oct 20 15:41:47 postfix postfix/qmgr[39506]: D57F12C046B: from=<serebranaya@yandex.ru>, size=1875, nrcpt=1 (queue active)
Oct 20 15:41:47 postfix postfix/smtpd[39507]: disconnect from forward13.mail.yandex.net[95.108.130.120]
Oct 20 15:41:48 postfix postfix/smtp[39514]: D57F12C046B: to=<tsupin@dekotech.ru>, relay=192.168.10.8[192.168.10.8]:25, delay=0.43, delays=0.18/0.01/0/0.24, dsn=2.6.0, status=sent (250 2.6.0 <1814061413805260@web9j.yandex.ru> [InternalId=614680] Queued mail for delivery)
Oct 20 15:41:48 postfix postfix/qmgr[39506]: D57F12C046B: removed
Oct 20 15:42:09 postfix postfix/smtpd[39468]: NOQUEUE: reject: RCPT from unknown[195.91.226.241]: 450 4.7.1 Client host rejected: cannot find your hostname, [195.91.226.241]; from=<admin@acoustic.ru> to=<ilya.domyshev@acoustic.ru> proto=SMTP helo=<acoustic.ru>
Oct 20 15:42:29 postfix postfix/smtpd[39507]: connect from mail-ig0-f174.google.com[209.85.213.174]
Oct 20 15:42:31 postfix policyd-spf[39512]: None; identity=helo; client-ip=209.85.213.174; helo=mail-ig0-f174.google.com; envelope-from=pochta2id@gmail.com; receiver=ilya.domyshev@acoustic.ru 
Oct 20 15:42:31 postfix policyd-spf[39512]: Pass; identity=mailfrom; client-ip=209.85.213.174; helo=mail-ig0-f174.google.com; envelope-from=pochta2id@gmail.com; receiver=ilya.domyshev@acoustic.ru 
Oct 20 15:42:31 postfix postfix/smtpd[39507]: 142FA2C046B: client=mail-ig0-f174.google.com[209.85.213.174]
Oct 20 15:42:31 postfix postfix/cleanup[39513]: 142FA2C046B: message-id=<CAPD=oagjeLtB93zYD9d=grohoKMnC9GspQbDM_HO=vPr8Uk=9w@mail.gmail.com>
Oct 20 15:42:31 postfix postfix/qmgr[39506]: 142FA2C046B: from=<pochta2id@gmail.com>, size=2591, nrcpt=1 (queue active)
Oct 20 15:42:31 postfix postfix/smtpd[39507]: disconnect from mail-ig0-f174.google.com[209.85.213.174]
Oct 20 15:42:31 postfix postfix/smtp[39514]: 142FA2C046B: to=<ilya.domyshev@acoustic.ru>, relay=192.168.10.8[192.168.10.8]:25, delay=0.83, delays=0.56/0/0/0.26, dsn=2.6.0, status=sent (250 2.6.0 <CAPD=oagjeLtB93zYD9d=grohoKMnC9GspQbDM_HO=vPr8Uk=9w@mail.gmail.com> [InternalId=614685] Queued mail for delivery)
Oct 20 15:42:31 postfix postfix/qmgr[39506]: 142FA2C046B: removed
Oct 20 15:42:33 postfix postfix/smtpd[39405]: timeout after END-OF-MESSAGE from 38.72.219.87.dynamic.jazztel.es[87.219.72.38]
Oct 20 15:42:33 postfix postfix/smtpd[39405]: disconnect from 38.72.219.87.dynamic.jazztel.es[87.219.72.38]
Oct 20 15:42:36 postfix postfix/smtpd[39507]: connect from unknown[217.12.207.124]
Oct 20 15:42:37 postfix postfix/smtpd[39507]: NOQUEUE: reject: RCPT from unknown[217.12.207.124]: 450 4.7.1 Client host rejected: cannot find your hostname, [217.12.207.124]; from=<wlzttjhfoilesryovs@yandex.by> to=<20denis.lobanov@acoustic.ru> proto=ESMTP helo=<hdfdifj.ru>
Oct 20 15:42:46 postfix postfix/smtpd[39516]: connect from unknown[61.147.67.24]
Oct 20 15:42:48 postfix postfix/smtpd[39516]: NOQUEUE: reject: RCPT from unknown[61.147.67.24]: 450 4.7.1 Client host rejected: cannot find your hostname, [61.147.67.24]; from=<vainakealovu@lenta.ru> to=<sales@acoustic.ru> proto=SMTP helo=<Unknown>
Oct 20 15:42:49 postfix postfix/smtpd[39516]: lost connection after RCPT from unknown[61.147.67.24]
Oct 20 15:42:49 postfix postfix/smtpd[39516]: disconnect from unknown[61.147.67.24]
Oct 20 15:43:04 postfix postfix/postfix-script[39523]: refreshing the Postfix mail system
Oct 20 15:43:04 postfix postfix/master[38330]: reload -- version 2.9.6, configuration /etc/postfix
Oct 20 15:43:04 postfix postfix/anvil[39509]: statistics: max connection rate 1/60s for (smtp:95.108.130.120) at Oct 20 15:41:47
Oct 20 15:43:04 postfix postfix/anvil[39509]: statistics: max connection count 1 for (smtp:95.108.130.120) at Oct 20 15:41:47
Oct 20 15:43:04 postfix postfix/anvil[39509]: statistics: max cache size 4 at Oct 20 15:42:46
Oct 20 15:43:15 postfix postfix/smtpd[39529]: connect from xray421.server4you.net[62.75.235.217]
Oct 20 15:43:15 postfix policyd-spf[39534]: Pass; identity=helo; client-ip=62.75.235.217; helo=mail.delongi.in.ua; envelope-from=seaynixys@delongi.in.ua; receiver=look@acoustic.ru 
Oct 20 15:43:15 postfix policyd-spf[39534]: Pass; identity=mailfrom; client-ip=62.75.235.217; helo=mail.delongi.in.ua; envelope-from=seaynixys@delongi.in.ua; receiver=look@acoustic.ru 
Oct 20 15:43:15 postfix postfix/smtpd[39529]: 64EDC2C046B: client=xray421.server4you.net[62.75.235.217]
Oct 20 15:43:16 postfix postfix/cleanup[39535]: 64EDC2C046B: message-id=<seaynixys70888881.82647574@mail.delongi.in.ua>
Oct 20 15:43:16 postfix postfix/qmgr[39528]: 64EDC2C046B: from=<seaynixys@delongi.in.ua>, size=354517, nrcpt=1 (queue active)
Oct 20 15:43:16 postfix postfix/smtpd[39529]: disconnect from xray421.server4you.net[62.75.235.217]
Oct 20 15:43:16 postfix postfix/smtp[39536]: 64EDC2C046B: to=<look@acoustic.ru>, relay=192.168.10.8[192.168.10.8]:25, delay=1.7, delays=0.93/0.01/0.01/0.74, dsn=2.6.0, status=sent (250 2.6.0 <seaynixys70888881.82647574@mail.delongi.in.ua> [InternalId=614686] Queued mail for delivery)
Oct 20 15:43:16 postfix postfix/qmgr[39528]: 64EDC2C046B: removed
Oct 20 15:43:17 postfix postfix/smtpd[39468]: disconnect from unknown[195.91.226.241]
Oct 20 15:43:29 postfix postfix/smtpd[39529]: connect from unknown[195.91.226.241]
Oct 20 15:43:43 postfix postfix/smtpd[39537]: warning: hostname customer-GDL-61-85.megared.net.mx does not resolve to address 177.224.61.85: Name or service not known
Oct 20 15:43:43 postfix postfix/smtpd[39537]: connect from unknown[177.224.61.85]
Oct 20 15:43:43 postfix postfix/smtpd[39538]: connect from maile-fc.linkedin.com[199.101.162.91]
Oct 20 15:43:44 postfix policyd-spf[39540]: None; identity=helo; client-ip=177.224.61.85; helo=venus.domain; envelope-from=sveta.gureva@offtopicmafia.net; receiver=sveta.gureva@acoustic.ru 
Oct 20 15:43:44 postfix policyd-spf[39540]: None; identity=mailfrom; client-ip=177.224.61.85; helo=venus.domain; envelope-from=sveta.gureva@offtopicmafia.net; receiver=sveta.gureva@acoustic.ru 
Oct 20 15:43:44 postfix postfix/smtpd[39537]: 9A99A2C046B: client=unknown[177.224.61.85]
Oct 20 15:43:45 postfix postfix/cleanup[39535]: 9A99A2C046B: message-id=<9adb55bf6b5eed6a8b3cbc692741bc99@offtopicmafia.net>
Oct 20 15:43:45 postfix postfix/qmgr[39528]: 9A99A2C046B: from=<sveta.gureva@offtopicmafia.net>, size=3256, nrcpt=1 (queue active)
Oct 20 15:43:45 postfix postfix/smtpd[39537]: disconnect from unknown[177.224.61.85]
Oct 20 15:43:45 postfix postfix/smtp[39536]: 9A99A2C046B: to=<sveta.gureva@acoustic.ru>, relay=192.168.10.8[192.168.10.8]:25, delay=1.3, delays=1/0/0/0.25, dsn=2.6.0, status=sent (250 2.6.0 <9adb55bf6b5eed6a8b3cbc692741bc99@offtopicmafia.net> [InternalId=614688] Queued mail for delivery)
Oct 20 15:43:45 postfix postfix/qmgr[39528]: 9A99A2C046B: removed
Oct 20 15:43:45 postfix policyd-spf[39545]: Pass; identity=helo; client-ip=199.101.162.91; helo=maile-fc.linkedin.com; envelope-from=s-2iz50z4ja4k7p3f6dtei6lw6vuhfcda8t3k5f6echko51x6iihiopaw2@bounce.linkedin.com; receiver=ilya.melnik@acoustic.ru 
Oct 20 15:43:45 postfix policyd-spf[39545]: Pass; identity=mailfrom; client-ip=199.101.162.91; helo=maile-fc.linkedin.com; envelope-from=s-2iz50z4ja4k7p3f6dtei6lw6vuhfcda8t3k5f6echko51x6iihiopaw2@bounce.linkedin.com; receiver=ilya.melnik@acoustic.ru 
Oct 20 15:43:45 postfix postfix/smtpd[39538]: 97BB92C046B: client=maile-fc.linkedin.com[199.101.162.91]
Oct 20 15:43:46 postfix postfix/cleanup[39535]: 97BB92C046B: message-id=<2121095739.2103266.1413805378236.JavaMail.app@ela4-app7679.prod>
Oct 20 15:43:46 postfix policyd-spf[39534]: Fail; identity=helo; client-ip=195.91.226.241; helo=acoustic.ru; envelope-from=admin@acoustic.ru; receiver=ilya.domyshev@acoustic.ru 
Oct 20 15:43:46 postfix postfix/smtpd[39529]: NOQUEUE: reject: RCPT from unknown[195.91.226.241]: 550 5.7.1 <ilya.domyshev@acoustic.ru>: Recipient address rejected: Message rejected due to: SPF fail - not authorized. Please see http://www.openspf.net/Why?s=helo;id=acoustic.ru;ip=195.91.226.241;r=ilya.domyshev@acoustic.ru; from=<admin@acoustic.ru> to=<ilya.domyshev@acoustic.ru> proto=SMTP helo=<acoustic.ru>
Oct 20 15:43:46 postfix postfix/qmgr[39528]: 97BB92C046B: from=<s-2iz50z4ja4k7p3f6dtei6lw6vuhfcda8t3k5f6echko51x6iihiopaw2@bounce.linkedin.com>, size=92715, nrcpt=1 (queue active)
Oct 20 15:43:47 postfix postfix/smtp[39536]: 97BB92C046B: to=<ilya.melnik@acoustic.ru>, relay=192.168.10.8[192.168.10.8]:25, delay=1.8, delays=1.5/0/0/0.3, dsn=2.6.0, status=sent (250 2.6.0 <2121095739.2103266.1413805378236.JavaMail.app@ela4-app7679.prod> [InternalId=614690] Queued mail for delivery)
Oct 20 15:43:47 postfix postfix/qmgr[39528]: 97BB92C046B: removed
Oct 20 15:43:51 postfix postfix/smtpd[39538]: disconnect from maile-fc.linkedin.com[199.101.162.91]
Oct 20 15:44:02 postfix postfix/smtpd[39537]: connect from unknown[185.16.40.83]
Oct 20 15:44:02 postfix policyd-spf[39540]: None; identity=helo; client-ip=185.16.40.83; helo=mail.iredmail.org; envelope-from=smhzuqdbpuk@mail.ru; receiver=spb@acoustic.ru 
Oct 20 15:44:02 postfix policyd-spf[39540]: Softfail; identity=mailfrom; client-ip=185.16.40.83; helo=mail.iredmail.org; envelope-from=smhzuqdbpuk@mail.ru; receiver=spb@acoustic.ru 
Oct 20 15:44:02 postfix postfix/smtpd[39537]: CDBC32C046B: client=unknown[185.16.40.83]
Oct 20 15:44:02 postfix postfix/cleanup[39535]: CDBC32C046B: message-id=<5444ecf4bbcbe@mail.ru>
Oct 20 15:44:02 postfix postfix/qmgr[39528]: CDBC32C046B: from=<SMhzuQdbpUK@mail.ru>, size=5839, nrcpt=1 (queue active)
Oct 20 15:44:03 postfix postfix/smtpd[39537]: disconnect from unknown[185.16.40.83]
Oct 20 15:44:03 postfix postfix/smtp[39536]: CDBC32C046B: to=<spb@acoustic.ru>, relay=192.168.10.8[192.168.10.8]:25, delay=0.54, delays=0.32/0/0/0.21, dsn=2.6.0, status=sent (250 2.6.0 <5444ecf4bbcbe@mail.ru> [InternalId=614691] Queued mail for delivery)
Oct 20 15:44:03 postfix postfix/qmgr[39528]: CDBC32C046B: removed
Oct 20 15:44:04 postfix postfix/master[38330]: terminating on signal 15
Oct 20 15:44:04 postfix postfix/master[39705]: daemon started -- version 2.9.6, configuration /etc/postfix
Oct 20 15:44:13 postfix postfix/smtpd[39725]: connect from premany.ru[62.109.10.61]
Oct 20 15:44:14 postfix policyd-spf[39730]: Softfail; identity=helo; client-ip=62.109.10.61; helo=mismany.ru; envelope-from=info@premany.ru; receiver=daniil.kursky@acoustic.ru 
Oct 20 15:44:14 postfix postfix/smtpd[39725]: NOQUEUE: reject: RCPT from premany.ru[62.109.10.61]: 550 5.7.1 <daniil.kursky@acoustic.ru>: Recipient address rejected: Message rejected due to: domain owner discourages use of this host. Please see http://www.openspf.net/Why?s=helo;id=mismany.ru;ip=62.109.10.61;r=daniil.kursky@acoustic.ru; from=<info@premany.ru> to=<daniil.kursky@acoustic.ru> proto=ESMTP helo=<mismany.ru>
Oct 20 15:44:14 postfix postfix/smtpd[39725]: disconnect from premany.ru[62.109.10.61]
Oct 20 15:44:18 postfix postfix/smtpd[39725]: connect from unknown[195.91.226.241]
Oct 20 15:44:42 postfix policyd-spf[39730]: None; identity=helo; client-ip=195.91.226.241; helo=l; envelope-from=admin@acoustic.ru; receiver=ilya.dk#010omyshev@acoustic.ru 
Oct 20 15:44:42 postfix policyd-spf[39730]: Fail; identity=mailfrom; client-ip=195.91.226.241; helo=l; envelope-from=admin@acoustic.ru; receiver=ilya.dk#010omyshev@acoustic.ru 
Oct 20 15:44:42 postfix postfix/smtpd[39725]: NOQUEUE: reject: RCPT from unknown[195.91.226.241]: 550 5.7.1 <ilya.dk omyshev@acoustic.ru>: Recipient address rejected: Message rejected due to: SPF fail - not authorized. Please see http://www.openspf.net/Why?s=mfrom;id=admin@acoustic.ru;ip=195.91.226.241;r=ilya.dk omyshev@acoustic.ru; from=<admin@acoustic.ru> to=<ilya.dk?omyshev@acoustic.ru> proto=SMTP helo=<l>
Oct 20 15:45:09 postfix postfix/smtpd[39734]: warning: hostname 117-18-65-238.sunnyvision.com does not resolve to address 117.18.65.238: Name or service not known
Oct 20 15:45:09 postfix postfix/smtpd[39734]: connect from unknown[117.18.65.238]
Oct 20 15:45:10 postfix policyd-spf[39736]: None; identity=helo; client-ip=117.18.65.238; helo=117-18-65-238.sunnyvision.com; envelope-from=rthktgfrsejcs@globerus.org; receiver=acoustic.rl@acoustic.ru 
Oct 20 15:45:10 postfix policyd-spf[39736]: None; identity=mailfrom; client-ip=117.18.65.238; helo=117-18-65-238.sunnyvision.com; envelope-from=rthktgfrsejcs@globerus.org; receiver=acoustic.rl@acoustic.ru 
Oct 20 15:45:10 postfix postfix/smtpd[39734]: ABC752C046B: client=unknown[117.18.65.238]
Oct 20 15:45:15 postfix postfix/smtpd[39738]: connect from mail.isolux.ru[31.28.6.247]
Oct 20 15:45:15 postfix policyd-spf[39740]: None; identity=helo; client-ip=31.28.6.247; helo=mail.isolux.ru; envelope-from=ingrida.grigorieva@isolux.ru; receiver=sales@acoustic.ru 
Oct 20 15:45:15 postfix policyd-spf[39740]: Pass; identity=mailfrom; client-ip=31.28.6.247; helo=mail.isolux.ru; envelope-from=ingrida.grigorieva@isolux.ru; receiver=sales@acoustic.ru 
Oct 20 15:45:15 postfix postfix/smtpd[39738]: 899CC2C0951: client=mail.isolux.ru[31.28.6.247]
Oct 20 15:45:15 postfix postfix/cleanup[39741]: 899CC2C0951: message-id=<420EC375F1FA3F40B221DF9AC53D4687D134206E@MOL-HRD-SRV-003.Isolux.internal>
Oct 20 15:45:15 postfix postfix/qmgr[39711]: 899CC2C0951: from=<Ingrida.Grigorieva@isolux.ru>, size=3851, nrcpt=1 (queue active)
Oct 20 15:45:15 postfix postfix/smtpd[39738]: disconnect from mail.isolux.ru[31.28.6.247]
Oct 20 15:45:15 postfix postfix/smtp[39742]: 899CC2C0951: to=<sales@acoustic.ru>, relay=192.168.10.8[192.168.10.8]:25, delay=0.41, delays=0.16/0.01/0.01/0.24, dsn=2.6.0, status=sent (250 2.6.0 <420EC375F1FA3F40B221DF9AC53D4687D134206E@MOL-HRD-SRV-003.Isolux.internal> [InternalId=614698] Queued mail for delivery)
Oct 20 15:45:15 postfix postfix/qmgr[39711]: 899CC2C0951: removed
Oct 20 15:45:16 postfix postfix/cleanup[39737]: ABC752C046B: message-id=<73118319936686-ZRRBFYQSMYVERWCTWHCDWFB@pbzsjkps.fonkzone.com>
Oct 20 15:45:16 postfix postfix/qmgr[39711]: ABC752C046B: from=<rthktgfrsejcs@globerus.org>, size=1453, nrcpt=9 (queue active)
Oct 20 15:45:16 postfix postfix/smtp[39742]: ABC752C046B: to=<acoustic.rl@acoustic.ru>, relay=192.168.10.8[192.168.10.8]:25, delay=6.6, delays=6.3/0/0/0.32, dsn=2.6.0, status=sent (250 2.6.0 <73118319936686-ZRRBFYQSMYVERWCTWHCDWFB@pbzsjkps.fonkzone.com> [InternalId=614699] Queued mail for delivery)
Oct 20 15:45:16 postfix postfix/smtp[39742]: ABC752C046B: to=<acoustic.ruelena@acoustic.ru>, relay=192.168.10.8[192.168.10.8]:25, delay=6.6, delays=6.3/0/0/0.32, dsn=2.6.0, status=sent (250 2.6.0 <73118319936686-ZRRBFYQSMYVERWCTWHCDWFB@pbzsjkps.fonkzone.com> [InternalId=614699] Queued mail for delivery)
Oct 20 15:45:16 postfix postfix/smtp[39742]: ABC752C046B: to=<acoustic.ruigor@acoustic.ru>, relay=192.168.10.8[192.168.10.8]:25, delay=6.6, delays=6.3/0/0/0.32, dsn=2.6.0, status=sent (250 2.6.0 <73118319936686-ZRRBFYQSMYVERWCTWHCDWFB@pbzsjkps.fonkzone.com> [InternalId=614699] Queued mail for delivery)
Oct 20 15:45:16 postfix postfix/smtp[39742]: ABC752C046B: to=<acoustic.ruk@acoustic.ru>, relay=192.168.10.8[192.168.10.8]:25, delay=6.6, delays=6.3/0/0/0.32, dsn=2.6.0, status=sent (250 2.6.0 <73118319936686-ZRRBFYQSMYVERWCTWHCDWFB@pbzsjkps.fonkzone.com> [InternalId=614699] Queued mail for delivery)
Oct 20 15:45:16 postfix postfix/smtp[39742]: ABC752C046B: to=<acoustic@acoustic.ru>, relay=192.168.10.8[192.168.10.8]:25, delay=6.6, delays=6.3/0/0/0.32, dsn=2.6.0, status=sent (250 2.6.0 <73118319936686-ZRRBFYQSMYVERWCTWHCDWFB@pbzsjkps.fonkzone.com> [InternalId=614699] Queued mail for delivery)
Oct 20 15:45:16 postfix postfix/smtp[39742]: ABC752C046B: to=<acouw@acoustic.ru>, relay=192.168.10.8[192.168.10.8]:25, delay=6.6, delays=6.3/0/0/0.32, dsn=2.6.0, status=sent (250 2.6.0 <73118319936686-ZRRBFYQSMYVERWCTWHCDWFB@pbzsjkps.fonkzone.com> [InternalId=614699] Queued mail for delivery)
Oct 20 15:45:16 postfix postfix/smtp[39742]: ABC752C046B: to=<acquire@acoustic.ru>, relay=192.168.10.8[192.168.10.8]:25, delay=6.6, delays=6.3/0/0/0.32, dsn=2.6.0, status=sent (250 2.6.0 <73118319936686-ZRRBFYQSMYVERWCTWHCDWFB@pbzsjkps.fonkzone.com> [InternalId=614699] Queued mail for delivery)
Oct 20 15:45:16 postfix postfix/smtp[39742]: ABC752C046B: to=<bi@acoustic.ru>, relay=192.168.10.8[192.168.10.8]:25, delay=6.6, delays=6.3/0/0/0.32, dsn=2.6.0, status=sent (250 2.6.0 <73118319936686-ZRRBFYQSMYVERWCTWHCDWFB@pbzsjkps.fonkzone.com> [InternalId=614699] Queued mail for delivery)
Oct 20 15:45:16 postfix postfix/smtp[39742]: ABC752C046B: to=<brl@acoustic.ru>, relay=192.168.10.8[192.168.10.8]:25, delay=6.6, delays=6.3/0/0/0.32, dsn=2.6.0, status=sent (250 2.6.0 <73118319936686-ZRRBFYQSMYVERWCTWHCDWFB@pbzsjkps.fonkzone.com> [InternalId=614699] Queued mail for delivery)
Oct 20 15:45:16 postfix postfix/qmgr[39711]: ABC752C046B: removed
Oct 20 15:45:16 postfix postfix/smtpd[39734]: disconnect from unknown[117.18.65.238]
Oct 20 15:45:17 postfix postfix/postfix-script[39749]: refreshing the Postfix mail system
Oct 20 15:45:17 postfix postfix/master[39705]: reload -- version 2.9.6, configuration /etc/postfix
Oct 20 15:45:17 postfix postfix/anvil[39727]: statistics: max connection rate 1/60s for (smtp:62.109.10.61) at Oct 20 15:44:13
Oct 20 15:45:17 postfix postfix/anvil[39727]: statistics: max connection count 1 for (smtp:62.109.10.61) at Oct 20 15:44:13
Oct 20 15:45:17 postfix postfix/anvil[39727]: statistics: max cache size 3 at Oct 20 15:45:09
Oct 20 15:45:28 postfix postfix/smtpd[39725]: disconnect from unknown[195.91.226.241]
Oct 20 15:45:31 postfix postfix/smtpd[39756]: connect from unknown[195.91.226.241]
Oct 20 15:45:53 postfix postfix/smtpd[39759]: connect from unknown[211.101.24.200]
Oct 20 15:45:55 postfix policyd-spf[39761]: None; identity=helo; client-ip=211.101.24.200; helo=mail2.autelan.cn; envelope-from=pku@only.ru; receiver=pargolovo@acoustic.ru 
Oct 20 15:45:55 postfix policyd-spf[39761]: Softfail; identity=mailfrom; client-ip=211.101.24.200; helo=mail2.autelan.cn; envelope-from=pku@only.ru; receiver=pargolovo@acoustic.ru 
Oct 20 15:45:55 postfix postfix/smtpd[39759]: E8D3D2C046B: client=unknown[211.101.24.200]
Oct 20 15:45:57 postfix policyd-spf[39764]: None; identity=helo; client-ip=195.91.226.241; helo=l; envelope-from=admin@acoustic.ru; receiver=ilya.domyshev@acoustic.ru 
Oct 20 15:45:57 postfix policyd-spf[39764]: Fail; identity=mailfrom; client-ip=195.91.226.241; helo=l; envelope-from=admin@acoustic.ru; receiver=ilya.domyshev@acoustic.ru 
Oct 20 15:45:57 postfix postfix/smtpd[39756]: NOQUEUE: reject: RCPT from unknown[195.91.226.241]: 550 5.7.1 <ilya.domyshev@acoustic.ru>: Recipient address rejected: Message rejected due to: SPF fail - not authorized. Please see http://www.openspf.net/Why?s=mfrom;id=admin@acoustic.ru;ip=195.91.226.241;r=ilya.domyshev@acoustic.ru; from=<admin@acoustic.ru> to=<ilya.domyshev@acoustic.ru> proto=SMTP helo=<l>
Oct 20 15:45:58 postfix postfix/cleanup[39762]: E8D3D2C046B: message-id=<8386306368BC92419D98D16C08BBD657@zwzg>
Oct 20 15:45:58 postfix postfix/qmgr[39754]: E8D3D2C046B: from=<pku@only.ru>, size=85409, nrcpt=1 (queue active)
Oct 20 15:45:59 postfix postfix/smtpd[39759]: disconnect from unknown[211.101.24.200]
Oct 20 15:46:00 postfix postfix/smtp[39765]: E8D3D2C046B: to=<pargolovo@acoustic.ru>, relay=192.168.10.8[192.168.10.8]:25, delay=5.4, delays=4.1/0.01/0/1.3, dsn=2.6.0, status=sent (250 2.6.0 <8386306368BC92419D98D16C08BBD657@zwzg> [InternalId=614702] Queued mail for delivery)
Oct 20 15:46:00 postfix postfix/qmgr[39754]: E8D3D2C046B: removed
Oct 20 15:46:07 postfix postfix/smtpd[39759]: connect from mx.instletter.ru[89.111.183.62]
Oct 20 15:46:07 postfix policyd-spf[39761]: None; identity=helo; client-ip=89.111.183.62; helo=mx.instletter.ru; envelope-from=petrov@instletter.ru; receiver=sergey.karataev@acoustic.ru 
Oct 20 15:46:07 postfix policyd-spf[39761]: Pass; identity=mailfrom; client-ip=89.111.183.62; helo=mx.instletter.ru; envelope-from=petrov@instletter.ru; receiver=sergey.karataev@acoustic.ru 
Oct 20 15:46:07 postfix postfix/smtpd[39759]: 1110F2C046B: client=mx.instletter.ru[89.111.183.62]
Oct 20 15:46:07 postfix postfix/cleanup[39762]: 1110F2C046B: message-id=<bd0ab6471bb8c4397c10aafb20e6b2370eccdb47@instletter.ru>
Oct 20 15:46:07 postfix postfix/qmgr[39754]: 1110F2C046B: from=<petrov@instletter.ru>, size=586901, nrcpt=1 (queue active)
Oct 20 15:46:07 postfix postfix/smtpd[39759]: disconnect from mx.instletter.ru[89.111.183.62]
Oct 20 15:46:07 postfix postfix/smtp[39765]: 1110F2C046B: to=<sergey.karataev@acoustic.ru>, relay=192.168.10.8[192.168.10.8]:25, delay=0.85, delays=0.49/0/0/0.36, dsn=2.6.0, status=sent (250 2.6.0 <bd0ab6471bb8c4397c10aafb20e6b2370eccdb47@instletter.ru> [InternalId=614704] Queued mail for delivery)
Oct 20 15:46:07 postfix postfix/qmgr[39754]: 1110F2C046B: removed
Oct 20 15:46:19 postfix postfix/smtpd[39759]: warning: hostname mail.si-sv3170.com does not resolve to address 67.228.189.76: Name or service not known
Oct 20 15:46:19 postfix postfix/smtpd[39759]: connect from unknown[67.228.189.76]
Oct 20 15:46:19 postfix policyd-spf[39761]: None; identity=helo; client-ip=67.228.189.76; helo=mail.acoustic-group.net; envelope-from=oszgh@hotmail.com; receiver=anna.semenova@acoustic.ru 
Oct 20 15:46:19 postfix policyd-spf[39761]: Softfail; identity=mailfrom; client-ip=67.228.189.76; helo=mail.acoustic-group.net; envelope-from=oszgh@hotmail.com; receiver=anna.semenova@acoustic.ru 
Oct 20 15:46:19 postfix postfix/smtpd[39759]: CFC752C046B: client=unknown[67.228.189.76]
Oct 20 15:46:21 postfix postfix/cleanup[39762]: CFC752C046B: message-id=<>
Oct 20 15:46:21 postfix postfix/qmgr[39754]: CFC752C046B: from=<OSZGH@hotmail.com>, size=1394, nrcpt=1 (queue active)
Oct 20 15:46:21 postfix postfix/smtpd[39759]: disconnect from unknown[67.228.189.76]
Oct 20 15:46:21 postfix postfix/smtp[39765]: CFC752C046B: to=<anna.semenova@acoustic.ru>, relay=192.168.10.8[192.168.10.8]:25, delay=2, delays=1.7/0/0/0.23, dsn=2.6.0, status=sent (250 2.6.0 <20bac7c7-d402-41f5-9272-4f08dc77544d@RUEXCHMSK2.acoustic-group.net> [InternalId=614705] Queued mail for delivery)
Oct 20 15:46:21 postfix postfix/qmgr[39754]: CFC752C046B: removed
Oct 20 15:46:22 postfix postfix/smtpd[39759]: connect from mail4.saint-gobain.com[77.158.16.73]
Oct 20 15:46:23 postfix policyd-spf[39761]: None; identity=helo; client-ip=77.158.16.73; helo=mail4.saint-gobain.com; envelope-from=cs.sgcp.rus@saint-gobain.com; receiver=nataly.ushakova@acoustic.ru 
Oct 20 15:46:23 postfix policyd-spf[39761]: None; identity=mailfrom; client-ip=77.158.16.73; helo=mail4.saint-gobain.com; envelope-from=cs.sgcp.rus@saint-gobain.com; receiver=nataly.ushakova@acoustic.ru 
Oct 20 15:46:23 postfix postfix/smtpd[39759]: 2A6732C046B: client=mail4.saint-gobain.com[77.158.16.73]
Oct 20 15:46:25 postfix postfix/cleanup[39762]: 2A6732C046B: message-id=<8688.5968.1349891.1413805534.968.0@Domain>
Oct 20 15:46:25 postfix postfix/qmgr[39754]: 2A6732C046B: from=<cs.sgcp.rus@saint-gobain.com>, size=155634, nrcpt=1 (queue active)
Oct 20 15:46:26 postfix postfix/smtp[39765]: 2A6732C046B: to=<nataly.ushakova@acoustic.ru>, relay=192.168.10.8[192.168.10.8]:25, delay=3.2, delays=2.9/0/0/0.3, dsn=2.6.0, status=sent (250 2.6.0 <8688.5968.1349891.1413805534.968.0@Domain> [InternalId=614706] Queued mail for delivery)
Oct 20 15:46:26 postfix postfix/qmgr[39754]: 2A6732C046B: removed
Oct 20 15:46:30 postfix postfix/smtpd[39759]: disconnect from mail4.saint-gobain.com[77.158.16.73]
Oct 20 15:46:34 postfix postfix/postfix-script[39774]: refreshing the Postfix mail system
Oct 20 15:46:34 postfix postfix/master[39705]: reload -- version 2.9.6, configuration /etc/postfix
Oct 20 15:46:34 postfix postfix/anvil[39755]: statistics: max connection rate 1/60s for (smtp:195.91.226.241) at Oct 20 15:45:31
Oct 20 15:46:34 postfix postfix/anvil[39755]: statistics: max connection count 1 for (smtp:195.91.226.241) at Oct 20 15:45:31
Oct 20 15:46:34 postfix postfix/anvil[39755]: statistics: max cache size 5 at Oct 20 15:46:22
Oct 20 15:46:43 postfix postfix/smtpd[39756]: disconnect from unknown[195.91.226.241]
Oct 20 15:46:47 postfix postfix/smtpd[39781]: connect from unknown[195.91.226.241]
Oct 20 15:46:48 postfix postfix/smtpd[39783]: connect from unknown[61.182.202.202]
Oct 20 15:46:52 postfix postfix/smtpd[39784]: warning: database /etc/postfix/whitelist.db is older than source file /etc/postfix/whitelist
Oct 20 15:46:52 postfix postfix/smtpd[39784]: connect from mx.instlistserv.ru[92.243.75.254]
Oct 20 15:46:52 postfix policyd-spf[39787]: None; identity=helo; client-ip=92.243.75.254; helo=mx.instlistserv.ru; envelope-from=fedotova@instlistserv.ru; receiver=matveev@acoustic.ru 
Oct 20 15:46:52 postfix policyd-spf[39787]: Pass; identity=mailfrom; client-ip=92.243.75.254; helo=mx.instlistserv.ru; envelope-from=fedotova@instlistserv.ru; receiver=matveev@acoustic.ru 
Oct 20 15:46:52 postfix postfix/smtpd[39784]: F1F3D2C046B: client=mx.instlistserv.ru[92.243.75.254]
Oct 20 15:46:53 postfix postfix/cleanup[39788]: F1F3D2C046B: message-id=<e1d8b29ae73b53a3e05f4909d1ea608d46038d88@instlistserv.ru>
Oct 20 15:46:53 postfix postfix/qmgr[39779]: F1F3D2C046B: from=<fedotova@instlistserv.ru>, size=597228, nrcpt=1 (queue active)
Oct 20 15:46:53 postfix postfix/smtpd[39784]: disconnect from mx.instlistserv.ru[92.243.75.254]
Oct 20 15:46:56 postfix policyd-spf[39791]: None; identity=helo; client-ip=61.182.202.202; helo=aimc.com; envelope-from=offenberger@yasite.ru; receiver=sklad@acoustic.ru 
Oct 20 15:46:56 postfix policyd-spf[39791]: None; identity=mailfrom; client-ip=61.182.202.202; helo=aimc.com; envelope-from=offenberger@yasite.ru; receiver=sklad@acoustic.ru 
Oct 20 15:46:56 postfix postfix/smtpd[39783]: E8AE32C0951: client=unknown[61.182.202.202]
Oct 20 15:47:00 postfix postfix/smtp[39789]: F1F3D2C046B: to=<matveev@acoustic.ru>, relay=192.168.10.8[192.168.10.8]:25, delay=7.5, delays=0.68/0.01/0/6.8, dsn=2.6.0, status=sent (250 2.6.0 <e1d8b29ae73b53a3e05f4909d1ea608d46038d88@instlistserv.ru> [InternalId=614709] Queued mail for delivery)
Oct 20 15:47:00 postfix postfix/qmgr[39779]: F1F3D2C046B: removed
Oct 20 15:47:02 postfix postfix/cleanup[39788]: E8AE32C0951: message-id=<5653E5B6BD6947A4787D34898DBDDF99@ahsdwn>
Oct 20 15:47:02 postfix postfix/qmgr[39779]: E8AE32C0951: from=<Offenberger@yasite.ru>, size=46055, nrcpt=1 (queue active)
Oct 20 15:47:02 postfix postfix/smtp[39789]: E8AE32C0951: to=<sklad@acoustic.ru>, relay=192.168.10.8[192.168.10.8]:25, delay=6.5, delays=5.9/0/0/0.57, dsn=2.6.0, status=sent (250 2.6.0 <5653E5B6BD6947A4787D34898DBDDF99@ahsdwn> [InternalId=614711] Queued mail for delivery)
Oct 20 15:47:02 postfix postfix/qmgr[39779]: E8AE32C0951: removed
Oct 20 15:47:02 postfix policyd-spf[39793]: None; identity=helo; client-ip=195.91.226.241; helo=l; envelope-from=admin@acoustic.ru; receiver=ilya.domyshev@acoustic.ru 
Oct 20 15:47:03 postfix policyd-spf[39793]: Fail; identity=mailfrom; client-ip=195.91.226.241; helo=l; envelope-from=admin@acoustic.ru; receiver=ilya.domyshev@acoustic.ru 
Oct 20 15:47:03 postfix postfix/smtpd[39781]: NOQUEUE: reject: RCPT from unknown[195.91.226.241]: 550 5.7.1 <ilya.domyshev@acoustic.ru>: Recipient address rejected: Message rejected due to: SPF fail - not authorized. Please see http://www.openspf.net/Why?s=mfrom;id=admin@acoustic.ru;ip=195.91.226.241;r=ilya.domyshev@acoustic.ru; from=<admin@acoustic.ru> to=<ilya.domyshev@acoustic.ru> proto=SMTP helo=<l>
Oct 20 15:47:05 postfix postfix/smtpd[39783]: disconnect from unknown[61.182.202.202]
Oct 20 15:47:26 postfix postfix/smtpd[39784]: connect from f364.i.mail.ru[217.69.141.6]
Oct 20 15:47:26 postfix policyd-spf[39787]: None; identity=helo; client-ip=217.69.141.6; helo=f364.i.mail.ru; envelope-from=mari_333@list.ru; receiver=yastrebova@dekotech.ru 
Oct 20 15:47:26 postfix policyd-spf[39787]: Pass; identity=mailfrom; client-ip=217.69.141.6; helo=f364.i.mail.ru; envelope-from=mari_333@list.ru; receiver=yastrebova@dekotech.ru 
Oct 20 15:47:26 postfix postfix/smtpd[39784]: F35D62C046B: client=f364.i.mail.ru[217.69.141.6]
Oct 20 15:47:27 postfix postfix/cleanup[39788]: F35D62C046B: message-id=<1413805413.868714822@f364.i.mail.ru>
Oct 20 15:47:27 postfix postfix/qmgr[39779]: F35D62C046B: from=<mari_333@list.ru>, size=18334, nrcpt=1 (queue active)
Oct 20 15:47:27 postfix postfix/smtpd[39783]: connect from mail4.saint-gobain.com[77.158.16.73]
Oct 20 15:47:27 postfix postfix/smtpd[39784]: disconnect from f364.i.mail.ru[217.69.141.6]
Oct 20 15:47:27 postfix postfix/smtp[39789]: F35D62C046B: to=<yastrebova@dekotech.ru>, relay=192.168.10.8[192.168.10.8]:25, delay=0.33, delays=0.04/0/0/0.28, dsn=2.6.0, status=sent (250 2.6.0 <1413805413.868714822@f364.i.mail.ru> [InternalId=614713] Queued mail for delivery)
Oct 20 15:47:27 postfix postfix/qmgr[39779]: F35D62C046B: removed
Oct 20 15:47:27 postfix policyd-spf[39791]: None; identity=helo; client-ip=77.158.16.73; helo=mail4.saint-gobain.com; envelope-from=cs.sgcp.rus@saint-gobain.com; receiver=gena.baev@acoustic.ru 
Oct 20 15:47:27 postfix policyd-spf[39791]: None; identity=mailfrom; client-ip=77.158.16.73; helo=mail4.saint-gobain.com; envelope-from=cs.sgcp.rus@saint-gobain.com; receiver=gena.baev@acoustic.ru 
Oct 20 15:47:27 postfix postfix/smtpd[39783]: 5607E2C046B: client=mail4.saint-gobain.com[77.158.16.73]
Oct 20 15:47:29 postfix postfix/cleanup[39788]: 5607E2C046B: message-id=<8688.6624.1349907.1413805590.437.0@Domain>
Oct 20 15:47:29 postfix postfix/qmgr[39779]: 5607E2C046B: from=<cs.sgcp.rus@saint-gobain.com>, size=154710, nrcpt=5 (queue active)
Oct 20 15:47:30 postfix postfix/smtp[39789]: 5607E2C046B: to=<Gena.Baev@acoustic.ru>, relay=192.168.10.8[192.168.10.8]:25, delay=3.1, delays=2.4/0/0/0.68, dsn=2.6.0, status=sent (250 2.6.0 <8688.6624.1349907.1413805590.437.0@Domain> [InternalId=614714] Queued mail for delivery)
Oct 20 15:47:30 postfix postfix/smtp[39789]: 5607E2C046B: to=<kristina.trofimenko@acoustic.ru>, relay=192.168.10.8[192.168.10.8]:25, delay=3.1, delays=2.4/0/0/0.68, dsn=2.6.0, status=sent (250 2.6.0 <8688.6624.1349907.1413805590.437.0@Domain> [InternalId=614714] Queued mail for delivery)
Oct 20 15:47:30 postfix postfix/smtp[39789]: 5607E2C046B: to=<maxim.shishenin@acoustic.ru>, relay=192.168.10.8[192.168.10.8]:25, delay=3.1, delays=2.4/0/0/0.68, dsn=2.6.0, status=sent (250 2.6.0 <8688.6624.1349907.1413805590.437.0@Domain> [InternalId=614714] Queued mail for delivery)
Oct 20 15:47:30 postfix postfix/smtp[39789]: 5607E2C046B: to=<nataly.ushakova@acoustic.ru>, relay=192.168.10.8[192.168.10.8]:25, delay=3.1, delays=2.4/0/0/0.68, dsn=2.6.0, status=sent (250 2.6.0 <8688.6624.1349907.1413805590.437.0@Domain> [InternalId=614714] Queued mail for delivery)
Oct 20 15:47:30 postfix postfix/smtp[39789]: 5607E2C046B: to=<sergey.karataev@acoustic.ru>, relay=192.168.10.8[192.168.10.8]:25, delay=3.1, delays=2.4/0/0/0.68, dsn=2.6.0, status=sent (250 2.6.0 <8688.6624.1349907.1413805590.437.0@Domain> [InternalId=614714] Queued mail for delivery)
Oct 20 15:47:30 postfix postfix/qmgr[39779]: 5607E2C046B: removed
Oct 20 15:47:34 postfix postfix/smtpd[39783]: disconnect from mail4.saint-gobain.com[77.158.16.73]
Oct 20 15:47:46 postfix postfix[39795]: warning: /etc/postfix/main.cf: logical line must not start with whitespace: "    reject_unknown_client_host..."
Oct 20 15:47:46 postfix postfix/master[39800]: warning: /etc/postfix/main.cf: logical line must not start with whitespace: "    reject_unknown_client_host..."
Oct 20 15:47:46 postfix postfix/postlog[39801]: warning: /etc/postfix/main.cf: logical line must not start with whitespace: "    reject_unknown_client_host..."
Oct 20 15:47:46 postfix postfix/postfix-script[39801]: refreshing the Postfix mail system
Oct 20 15:47:46 postfix postfix/postsuper[39802]: warning: /etc/postfix/main.cf: logical line must not start with whitespace: "    reject_unknown_client_host..."
Oct 20 15:47:46 postfix postfix/master[39705]: reload -- version 2.9.6, configuration /etc/postfix
Oct 20 15:47:46 postfix postfix/master[39705]: warning: /etc/postfix/main.cf: logical line must not start with whitespace: "    reject_unknown_client_host..."
Oct 20 15:47:46 postfix postfix/anvil[39780]: statistics: max connection rate 1/60s for (smtp:195.91.226.241) at Oct 20 15:46:47
Oct 20 15:47:46 postfix postfix/anvil[39780]: statistics: max connection count 1 for (smtp:195.91.226.241) at Oct 20 15:46:47
Oct 20 15:47:46 postfix postfix/anvil[39780]: statistics: max cache size 5 at Oct 20 15:47:27
